ARM Linker, 5.03 [Build 76] [MDK-ARM Professional]

==============================================================================

Section Cross References

    main.o(.text) refers to ble_debug_assert_handler.o(.text) for ble_debug_assert_handler
    main.o(.text) refers to rt_memclr.o(.text) for __aeabi_memclr4
    main.o(.text) refers to llushr.o(.text) for __aeabi_llsr
    main.o(.text) refers to ble_advdata.o(.text) for ble_advdata_set
    main.o(.text) refers to llshl.o(.text) for __aeabi_llsl
    main.o(.text) refers to ble_bondmngr.o(.text) for ble_bondmngr_whitelist_get
    main.o(.text) refers to ble_radio_notification.o(.text) for set_global_bluetooth_status
    main.o(.text) refers to app_timer.o(.text) for app_timer_init
    main.o(.text) refers to bd_led_flash.o(.text) for led_flash_timer_init
    main.o(.text) refers to bd_sync_data.o(.text) for create_send_data_timer
    main.o(.text) refers to bd_level_drive_motor.o(.text) for motor_control_framework_init
    main.o(.text) refers to ble_bas.o(.text) for ble_bas_battery_level_update
    main.o(.text) refers to bd_charging.o(.text) for update_charging_status
    main.o(.text) refers to ble_srv_common.o(.text) for ble_srv_ascii_to_utf8
    main.o(.text) refers to ble_flash.o(.text) for ble_flash_page_addr
    main.o(.text) refers to bd_factory_test.o(.text) for is_factory_test_done
    main.o(.text) refers to ble_dis.o(.text) for ble_dis_init
    main.o(.text) refers to bd_private_bond.o(.text) for bond_store_user_id
    main.o(.text) refers to bd_communicate_protocol.o(.text) for get_global_should_trigger_ota_flag
    main.o(.text) refers to bd_data_manager.o(.text) for get_global_dev_loss_should_alert
    main.o(.text) refers to main.o(.data) for .data
    main.o(.text) refers to main.o(.bss) for .bss
    main.o(.text) refers to bd_step_counter.o(.text) for sensor_timer_handle
    main.o(.text) refers to bd_step_counter.o(.data) for m_sensor_timer_id
    main.o(.text) refers to bd_step_counter.o(.data) for notify_steps_enable
    main.o(.text) refers to bd_communicate_protocol.o(.data) for user_action_delay_timer
    main.o(.text) refers to bd_private_bond.o(.data) for should_update_prv_bond_info
    main.o(.text) refers to bd_interaction.o(.text) for notification_start
    main.o(.text) refers to aeabi_sdiv.o(.text) for __aeabi_idivmod
    main.o(.text) refers to bd_ble_nus.o(.text) for ble_nus_on_ble_evt
    main.o(.text) refers to ble_conn_params.o(.text) for ble_conn_params_on_ble_evt
    main.o(.text) refers to ble_stack_handler.o(.text) for ble_stack_handler_init
    main.o(.text) refers to bd_nrf_delay.o(.text) for nrf_delay_ms
    main.o(.text) refers to app_scheduler.o(.text) for app_sched_init
    main.o(.text) refers to bd_battery.o(.text) for battery_adc_dev_init
    main.o(.text) refers to bd_hal_acc.o(.text) for hal_acc_init
    main.o(.text) refers to bd_wdt.o(.text) for wdt_init
    main.o(.text) refers to app_gpiote.o(.text) for app_gpiote_init
    main.o(.text) refers to bd_wall_clock_timer.o(.text) for system_clock_init
    main.o(.text) refers to app_button.o(.text) for app_button_init
    main.o(.text) refers to bd_low_power_mode.o(.text) for power_system_off
    main.o(.text) refers to bd_switch_sleep.o(.text) for restore_SleepSettingsFromFlash
    main.o(.text) refers to ble_tps.o(.text) for ble_tps_init
    main.o(.data) refers to bd_step_counter.o(.text) for LIS3DH_INT1_event_handler
    main.o(.data) refers to bd_charging.o(.text) for function_charger_event_handler
    bd_battery.o(.text) refers to bd_charging.o(.text) for charger_status
    bd_battery.o(.text) refers to fflti.o(.text) for __aeabi_ui2f
    bd_battery.o(.text) refers to frlef.o(x$fpl$frleqf) for __aeabi_cfrcmple
    bd_battery.o(.text) refers to faddsub.o(x$fpl$fsub) for __aeabi_fsub
    bd_battery.o(.text) refers to fdiv.o(.text) for __aeabi_fdiv
    bd_battery.o(.text) refers to faddsub.o(x$fpl$fadd) for __aeabi_fadd
    bd_battery.o(.text) refers to ffixui.o(.text) for __aeabi_f2uiz
    bd_battery.o(.text) refers to aeabi_sdiv.o(.text) for __aeabi_uidivmod
    bd_battery.o(.text) refers to app_scheduler.o(.text) for app_sched_event_put
    bd_battery.o(.text) refers to main.o(.text) for app_error_handler
    bd_battery.o(.text) refers to bd_nrf_delay.o(.text) for nrf_delay_ms
    bd_battery.o(.text) refers to app_timer.o(.text) for app_timer_create
    bd_battery.o(.text) refers to bd_battery.o(.constdata) for .constdata
    bd_battery.o(.text) refers to bd_battery.o(.bss) for .bss
    bd_battery.o(.text) refers to bd_battery.o(.data) for .data
    bd_battery.o(.text) refers to main.o(.bss) for m_bas
    bd_ble_nus.o(.text) refers to bd_communicate_protocol.o(.text) for bluetooth_l0_reset
    bd_ble_nus.o(.text) refers to rt_memclr.o(.text) for __aeabi_memclr4
    bd_ble_nus.o(.text) refers to bd_ble_nus.o(.bss) for .bss
[...]
    check_sports_data_in_flash               0x00004e45   Thumb Code   108  bd_sync_data.o(.text)
    check_sleep_data_in_flash                0x00004eb1   Thumb Code   108  bd_sync_data.o(.text)
    send_data_timeout                        0x00004f1d   Thumb Code    16  bd_sync_data.o(.text)
    create_send_data_timer                   0x00004f2d   Thumb Code    28  bd_sync_data.o(.text)
    set_data_sending_flag                    0x00004f49   Thumb Code     6  bd_sync_data.o(.text)
    get_data_sending_flag                    0x00004f4f   Thumb Code     6  bd_sync_data.o(.text)
    notification_start                       0x00004f65   Thumb Code   198  bd_interaction.o(.text)
    notification_stop                        0x0000502b   Thumb Code    12  bd_interaction.o(.text)
    get_battery_voltage_adjustment           0x0000512b   Thumb Code    16  bd_charging.o(.text)
    update_charging_status                   0x0000513b   Thumb Code    24  bd_charging.o(.text)
    charger_status                           0x00005153   Thumb Code    44  bd_charging.o(.text)
    function_charger_event_handler           0x0000517f   Thumb Code    48  bd_charging.o(.text)
    function_chargingcomplete_event_handler  0x000051af   Thumb Code    16  bd_charging.o(.text)
    charger_init                             0x000051bf   Thumb Code    12  bd_charging.o(.text)
    charger_framework_init                   0x000051cb   Thumb Code    30  bd_charging.o(.text)
    charger_connected                        0x000051e9   Thumb Code    18  bd_charging.o(.text)
    bd_crc16                                 0x00005209   Thumb Code    36  bd_crc16.o(.text)
    SquareRoot                               0x00005231   Thumb Code    40  bd_square_root.o(.text)
    motor_action_control_start               0x000052bf   Thumb Code    80  bd_level_drive_motor.o(.text)
    motor_action_control_stop                0x0000530f   Thumb Code    24  bd_level_drive_motor.o(.text)
    motor_control_framework_init             0x00005327   Thumb Code    16  bd_level_drive_motor.o(.text)
    motor_init                               0x00005337   Thumb Code     8  bd_level_drive_motor.o(.text)
    is_factory_test_done                     0x00005369   Thumb Code    36  bd_factory_test.o(.text)
    get_sensor_data                          0x0000538d   Thumb Code    44  bd_factory_test.o(.text)
    sensor_test                              0x000053b9   Thumb Code    30  bd_factory_test.o(.text)
    all_led_flash                            0x000053d7   Thumb Code    42  bd_factory_test.o(.text)
    bootup_check                             0x00005401   Thumb Code    80  bd_factory_test.o(.text)
    system_off                               0x00005451   Thumb Code     8  bd_factory_test.o(.text)
    vibrator_test                            0x00005459   Thumb Code    24  bd_factory_test.o(.text)
    send_package                             0x00005471   Thumb Code    20  bd_factory_test.o(.text)
    send_callback                            0x00005485   Thumb Code    10  bd_factory_test.o(.text)
    generate_l2_package                      0x0000548f   Thumb Code    48  bd_factory_test.o(.text)
    write_flash_handler                      0x000054bf   Thumb Code    76  bd_factory_test.o(.text)
    write_test_flag                          0x0000550b   Thumb Code    38  bd_factory_test.o(.text)
    read_flag                                0x00005531   Thumb Code    82  bd_factory_test.o(.text)
    write_sn                                 0x00005583   Thumb Code    60  bd_factory_test.o(.text)
    read_sn                                  0x000055bf   Thumb Code    84  bd_factory_test.o(.text)
    request_echo                             0x00005613   Thumb Code    54  bd_factory_test.o(.text)
    request_sensor_data                      0x00005649   Thumb Code    44  bd_factory_test.o(.text)
    enter_test_mode                          0x00005675   Thumb Code    14  bd_factory_test.o(.text)
    exit_test_mode                           0x00005683   Thumb Code    32  bd_factory_test.o(.text)
    request_charge                           0x000056a3   Thumb Code    74  bd_factory_test.o(.text)
    do_test                                  0x000056ed   Thumb Code   306  bd_factory_test.o(.text)
    power_wfi                                0x00005831   Thumb Code    40  bd_low_power_mode.o(.text)
    power_system_off                         0x00005859   Thumb Code    22  bd_low_power_mode.o(.text)
    sd_system_off                            0x0000586f   Thumb Code    18  bd_low_power_mode.o(.text)
    update_last_time_sleep_mode              0x00005891   Thumb Code    24  bd_switch_sleep.o(.text)
    get_last_sleep_setting_event             0x000058a9   Thumb Code     6  bd_switch_sleep.o(.text)
    get_last_sleep_setting_event_head        0x000058af   Thumb Code     6  bd_switch_sleep.o(.text)
    prepare_sleep_event_header               0x000058b5   Thumb Code    38  bd_switch_sleep.o(.text)
    send_last_time_sleep_mode                0x000058db   Thumb Code   110  bd_switch_sleep.o(.text)
    set_curr_sleep_flag                      0x00005949   Thumb Code     6  bd_switch_sleep.o(.text)
    get_curr_sleep_flag                      0x0000594f   Thumb Code     6  bd_switch_sleep.o(.text)
    switch_sleep_state                       0x00005955   Thumb Code   148  bd_switch_sleep.o(.text)
    two_Double_tap_handle                    0x000059e9   Thumb Code    40  bd_switch_sleep.o(.text)
    update_sleep_status                      0x00005a11   Thumb Code   104  bd_switch_sleep.o(.text)
    update_sleep_setting_head                0x00005a79   Thumb Code    68  bd_switch_sleep.o(.text)
    reset_sleep_setting_head                 0x00005abd   Thumb Code    12  bd_switch_sleep.o(.text)
    reset_sleep_setting                      0x00005ac9   Thumb Code    60  bd_switch_sleep.o(.text)
    send_sleep_setting_data_cb               0x00005b05   Thumb Code    74  bd_switch_sleep.o(.text)
    save_sleep_settings_to_flash             0x00005b4f   Thumb Code    92  bd_switch_sleep.o(.text)
    restore_SleepSettingsFromFlash           0x00005bab   Thumb Code   124  bd_switch_sleep.o(.text)
    send_sleep_setting_data_in_ram           0x00005c27   Thumb Code   112  bd_switch_sleep.o(.text)
    send_sleep_setting_data                  0x00005c97   Thumb Code     2  bd_switch_sleep.o(.text)
    sleep_setting_count                      0x00005c99   Thumb Code     8  bd_switch_sleep.o(.text)
    wdt_init                                 0x00005ca5   Thumb Code    20  bd_wdt.o(.text)
    wdt_start                                0x00005cb9   Thumb Code     8  bd_wdt.o(.text)
    wdt_feed                                 0x00005cc1   Thumb Code    16  bd_wdt.o(.text)
    wdt_stop                                 0x00005cd1   Thumb Code     8  bd_wdt.o(.text)
    get_stack_dump_command_resolve           0x00005cf1   Thumb Code   142  bd_stack_dump_repoter.o(.text)
    get_alarm_number                         0x00005dd1   Thumb Code     6  bd_data_manager.o(.text)
    set_alarm_number                         0x00005dd7   Thumb Code    18  bd_data_manager.o(.text)
    get_alarm                                0x00005de9   Thumb Code    16  bd_data_manager.o(.text)
    set_alarm                                0x00005df9   Thumb Code    30  bd_data_manager.o(.text)
    save_alarm                               0x00005e41   Thumb Code   104  bd_data_manager.o(.text)
    load_alarm                               0x00005ea9   Thumb Code    64  bd_data_manager.o(.text)
    get_user_profile                         0x00005ee9   Thumb Code     6  bd_data_manager.o(.text)
    set_user_profile                         0x00005eef   Thumb Code    20  bd_data_manager.o(.text)
    save_user_profile                        0x00005f03   Thumb Code    90  bd_data_manager.o(.text)
    load_user_profile                        0x00005f5d   Thumb Code    84  bd_data_manager.o(.text)
    get_daily_target                         0x00005fb1   Thumb Code     6  bd_data_manager.o(.text)
    set_daily_target                         0x00005fb7   Thumb Code    18  bd_data_manager.o(.text)
    save_daily_target                        0x00005fc9   Thumb Code    42  bd_data_manager.o(.text)
    load_daily_target                        0x00005ff3   Thumb Code    52  bd_data_manager.o(.text)
    sync_data_to_flash                       0x00006027   Thumb Code    60  bd_data_manager.o(.text)
    reset_user_data_for_new_bond             0x00006063   Thumb Code    18  bd_data_manager.o(.text)
    set_global_dev_loss_controller_data      0x00006075   Thumb Code     8  bd_data_manager.o(.text)
    get_global_dev_loss_controller_data      0x0000607d   Thumb Code     8  bd_data_manager.o(.text)
    set_global_dev_loss_should_alert         0x00006085   Thumb Code     8  bd_data_manager.o(.text)
    get_global_dev_loss_should_alert         0x0000608d   Thumb Code     8  bd_data_manager.o(.text)
    set_global_dev_loss_alert_level          0x00006095   Thumb Code     8  bd_data_manager.o(.text)
    get_global_dev_loss_alert_level          0x0000609d   Thumb Code     8  bd_data_manager.o(.text)
    set_global_step_counts_today             0x000060a5   Thumb Code     6  bd_data_manager.o(.text)
    get_global_step_counts_today             0x000060ab   Thumb Code     6  bd_data_manager.o(.text)
    set_bluetooth_log_state                  0x000060dd   Thumb Code     6  bd_bluetooth_log.o(.text)
    get_bluetooth_log_state                  0x000060e3   Thumb Code     6  bd_bluetooth_log.o(.text)
    log_send_callback                        0x000060e9   Thumb Code    18  bd_bluetooth_log.o(.text)
    bluetooth_log                            0x000060fb   Thumb Code   176  bd_bluetooth_log.o(.text)
    resolve_log_command_id                   0x000061ab   Thumb Code    16  bd_bluetooth_log.o(.text)
    Reset_Handler                            0x000061e5   Thumb Code    18  arm_startup_nrf51.o(.text)
    NMI_Handler                              0x000061f7   Thumb Code     2  arm_startup_nrf51.o(.text)
    HardFault_Handler                        0x000061f9   Thumb Code     2  arm_startup_nrf51.o(.text)
    SVC_Handler                              0x000061fb   Thumb Code     2  arm_startup_nrf51.o(.text)
    PendSV_Handler                           0x000061fd   Thumb Code     2  arm_startup_nrf51.o(.text)
    SysTick_Handler                          0x000061ff   Thumb Code     2  arm_startup_nrf51.o(.text)
    CCM_AAR_IRQHandler                       0x00006201   Thumb Code     0  arm_startup_nrf51.o(.text)
    ECB_IRQHandler                           0x00006201   Thumb Code     0  arm_startup_nrf51.o(.text)
    LPCOMP_COMP_IRQHandler                   0x00006201   Thumb Code     0  arm_startup_nrf51.o(.text)
    POWER_CLOCK_IRQHandler                   0x00006201   Thumb Code     0  arm_startup_nrf51.o(.text)
    QDEC_IRQHandler                          0x00006201   Thumb Code     0  arm_startup_nrf51.o(.text)
    RADIO_IRQHandler                         0x00006201   Thumb Code     0  arm_startup_nrf51.o(.text)
    RNG_IRQHandler                           0x00006201   Thumb Code     0  arm_startup_nrf51.o(.text)
    SPI0_TWI0_IRQHandler                     0x00006201   Thumb Code     0  arm_startup_nrf51.o(.text)
    SPI1_TWI1_IRQHandler                     0x00006201   Thumb Code     0  arm_startup_nrf51.o(.text)
    SWI3_IRQHandler                          0x00006201   Thumb Code     0  arm_startup_nrf51.o(.text)
    SWI4_IRQHandler                          0x00006201   Thumb Code     0  arm_startup_nrf51.o(.text)
    SWI5_IRQHandler                          0x00006201   Thumb Code     0  arm_startup_nrf51.o(.text)
    TEMP_IRQHandler                          0x00006201   Thumb Code     0  arm_startup_nrf51.o(.text)
    TIMER0_IRQHandler                        0x00006201   Thumb Code     0  arm_startup_nrf51.o(.text)
    TIMER1_IRQHandler                        0x00006201   Thumb Code     0  arm_startup_nrf51.o(.text)
    TIMER2_IRQHandler                        0x00006201   Thumb Code     0  arm_startup_nrf51.o(.text)
    UART0_IRQHandler                         0x00006201   Thumb Code     0  arm_startup_nrf51.o(.text)
    WDT_IRQHandler                           0x00006201   Thumb Code     0  arm_startup_nrf51.o(.text)
    __user_initial_stackheap                 0x00006205   Thumb Code     0  arm_startup_nrf51.o(.text)
    SystemCoreClockUpdate                    0x00006229   Thumb Code     8  system_nrf51.o(.text)
    SystemInit                               0x00006231   Thumb Code    64  system_nrf51.o(.text)
    ble_tps_init                             0x000062d1   Thumb Code    38  ble_tps.o(.text)
    ble_tps_tx_power_level_set               0x000062f7   Thumb Code    20  ble_tps.o(.text)
    ble_srv_report_ref_encode                0x0000638d   Thumb Code    12  ble_srv_common.o(.text)
    ble_srv_ascii_to_utf8                    0x00006399   Thumb Code    18  ble_srv_common.o(.text)
    ble_bas_on_ble_evt                       0x000063ad   Thumb Code   114  ble_bas.o(.text)
    ble_bas_init                             0x00006545   Thumb Code    62  ble_bas.o(.text)
    ble_bas_battery_level_update             0x00006583   Thumb Code   102  ble_bas.o(.text)
    ble_dis_init                             0x00006725   Thumb Code   308  ble_dis.o(.text)
    random_device_address_encode             0x0000695d   Thumb Code    82  ble_advdata.o(.text)
    encode_device_class                      0x000069af   Thumb Code    54  ble_advdata.o(.text)
    ble_advdata_set                          0x00006b4d   Thumb Code   102  ble_advdata.o(.text)
    ble_conn_params_init                     0x00006ddb   Thumb Code    72  ble_conn_params.o(.text)
    ble_conn_params_stop                     0x00006e23   Thumb Code    12  ble_conn_params.o(.text)
    ble_conn_params_on_ble_evt               0x00006e8f   Thumb Code   134  ble_conn_params.o(.text)
    ble_conn_params_change_conn_params       0x00006f15   Thumb Code    74  ble_conn_params.o(.text)
    store_time_to_flash_v2                   0x00006f89   Thumb Code   182  ble_debug_assert_handler.o(.text)
    get_stored_time_from_flash_v2            0x0000703f   Thumb Code    70  ble_debug_assert_handler.o(.text)
    restore_backup_info_from_flash           0x00007085   Thumb Code   434  ble_debug_assert_handler.o(.text)
    low_power_info_store                     0x000073cb   Thumb Code     4  ble_debug_assert_handler.o(.text)
    assert_pre_restart_info_store            0x000073cf   Thumb Code     4  ble_debug_assert_handler.o(.text)
    ota_pre_restart_info_store               0x000073d3   Thumb Code     4  ble_debug_assert_handler.o(.text)
    ble_debug_assert_handler                 0x000073d7   Thumb Code    86  ble_debug_assert_handler.o(.text)
    ble_flash_crc16_compute                  0x00007455   Thumb Code    56  ble_flash.o(.text)
    ble_flash_word_write                     0x000074e3   Thumb Code    10  ble_flash.o(.text)
    ble_flash_block_write                    0x000074ed   Thumb Code    36  ble_flash.o(.text)
    ble_flash_page_erase                     0x00007511   Thumb Code    46  ble_flash.o(.text)
    ble_flash_page_addr                      0x0000753f   Thumb Code    16  ble_flash.o(.text)
    bd_flash_write_erased_page               0x0000754f   Thumb Code   158  ble_flash.o(.text)
    ble_flash_page_read                      0x000075ed   Thumb Code    74  ble_flash.o(.text)
    bd_flash_read_page                       0x00007637   Thumb Code     2  ble_flash.o(.text)
    check_is_flash_erased                    0x00007639   Thumb Code    28  ble_flash.o(.text)
    ble_flash_page_write                     0x00007655   Thumb Code   120  ble_flash.o(.text)
    ble_flash_page_delay_erase_finished      0x000076cd   Thumb Code    36  ble_flash.o(.text)
    ble_flash_page_delay_erase               0x000076f1   Thumb Code    92  ble_flash.o(.text)
    ble_flash_erase_data_page                0x0000774d   Thumb Code   146  ble_flash.o(.text)
    ble_radio_active                         0x000077df   Thumb Code     6  ble_flash.o(.text)
    ble_flash_on_radio_active_evt            0x000077e5   Thumb Code    64  ble_flash.o(.text)
    set_radio_active_flag                    0x00007825   Thumb Code    10  ble_flash.o(.text)
    radio_disable                            0x0000782f   Thumb Code   136  ble_flash.o(.text)
    SWI1_IRQHandler                          0x000078b9   Thumb Code    20  ble_radio_notification.o(.text)
    ble_radio_notification_init              0x000078cd   Thumb Code    44  ble_radio_notification.o(.text)
    set_global_bluetooth_status              0x000078f9   Thumb Code     6  ble_radio_notification.o(.text)
    get_global_bluetooth_status              0x000078ff   Thumb Code     6  ble_radio_notification.o(.text)
    ble_stack_handler_init                   0x00007915   Thumb Code    40  ble_stack_handler.o(.text)
    intern_ble_stack_events_execute          0x0000793d   Thumb Code    40  ble_stack_handler.o(.text)
    SWI2_IRQHandler                          0x00007965   Thumb Code    32  ble_stack_handler.o(.text)
    app_button_init                          0x00007a43   Thumb Code   142  app_button.o(.text)
    app_button_enable                        0x00007ad1   Thumb Code    22  app_button.o(.text)
    app_button_disable                       0x00007ae7   Thumb Code    32  app_button.o(.text)
    app_button_is_pushed                     0x00007b07   Thumb Code    58  app_button.o(.text)
    GPIOTE_IRQHandler                        0x00007b7d   Thumb Code   152  app_gpiote.o(.text)
    app_gpiote_init                          0x00007c49   Thumb Code    78  app_gpiote.o(.text)
    app_gpiote_user_register                 0x00007c97   Thumb Code    70  app_gpiote.o(.text)
    app_gpiote_user_enable                   0x00007cdd   Thumb Code   130  app_gpiote.o(.text)
    app_gpiote_user_disable                  0x00007d5f   Thumb Code    56  app_gpiote.o(.text)
    app_gpiote_pins_state_get                0x00007d97   Thumb Code    42  app_gpiote.o(.text)
    app_sched_init                           0x00007de1   Thumb Code    40  app_scheduler.o(.text)
    app_sched_event_put                      0x00007e09   Thumb Code   236  app_scheduler.o(.text)
    app_sched_execute                        0x00007ef5   Thumb Code    30  app_scheduler.o(.text)
    RTC1_IRQHandler                          0x0000817d   Thumb Code    22  app_timer.o(.text)
    SWI0_IRQHandler                          0x00008193   Thumb Code    76  app_timer.o(.text)
    app_timer_init                           0x000081df   Thumb Code   164  app_timer.o(.text)
    app_timer_create                         0x00008283   Thumb Code    72  app_timer.o(.text)
    app_timer_start                          0x00008311   Thumb Code   200  app_timer.o(.text)
    app_timer_stop                           0x000083d9   Thumb Code    80  app_timer.o(.text)
    app_timer_stop_all                       0x00008429   Thumb Code    62  app_timer.o(.text)
    app_timer_cnt_get                        0x00008467   Thumb Code    10  app_timer.o(.text)
    app_timer_cnt_diff_compute               0x00008471   Thumb Code    12  app_timer.o(.text)
    app_query_timer                          0x0000847d   Thumb Code    36  app_timer.o(.text)
    ble_bondmngr_on_ble_evt                  0x00008b35   Thumb Code   222  ble_bondmngr.o(.text)
    ble_bondmngr_bonded_masters_store        0x00008c13   Thumb Code   274  ble_bondmngr.o(.text)
    ble_bondmngr_sys_attr_store              0x00008d25   Thumb Code    78  ble_bondmngr.o(.text)
    ble_bondmngr_bonded_masters_delete       0x00008d73   Thumb Code    28  ble_bondmngr.o(.text)
    ble_bondmngr_master_addr_get             0x00008d8f   Thumb Code    56  ble_bondmngr.o(.text)
    ble_bondmngr_whitelist_get               0x00008dc7   Thumb Code    98  ble_bondmngr.o(.text)
    ble_bondmngr_init                        0x00008e29   Thumb Code   106  ble_bondmngr.o(.text)
    ble_bondmngr_master_ids_get              0x00008e93   Thumb Code    70  ble_bondmngr.o(.text)
    ble_bondmngr_bonded_master_delete        0x00008ed9   Thumb Code   298  ble_bondmngr.o(.text)
    ble_bondmngr_is_link_encrypted           0x00009003   Thumb Code    24  ble_bondmngr.o(.text)
    bond_manager_get_first_bonded_master_id  0x0000901b   Thumb Code     6  ble_bondmngr.o(.text)
    ble_bondmngr_bonded_masters_check        0x00009021   Thumb Code    16  ble_bondmngr.o(.text)
    ble_error_log_write                      0x00009259   Thumb Code    78  ble_error_log.o(.text)
    ble_error_log_read                       0x000092a7   Thumb Code    78  ble_error_log.o(.text)
    ble_error_log_clear                      0x000092f5   Thumb Code     8  ble_error_log.o(.text)
    ble_error_log_init                       0x000092fd   Thumb Code    40  ble_error_log.o(.text)
    init_click_algorithm                     0x0000935d   Thumb Code    70  click-algorithm.o(.text)
    click_algorithm_finalize                 0x000093a3   Thumb Code     8  click-algorithm.o(.text)
    register_click_algorithm_callback        0x000093ab   Thumb Code    20  click-algorithm.o(.text)
    click_algorithm_error_desc               0x000093bf   Thumb Code     6  click-algorithm.o(.text)
    generate_click_event                     0x000093c5   Thumb Code    24  click-algorithm.o(.text)
    click_algorithm_accelerate_data_in       0x00009503   Thumb Code   256  click-algorithm.o(.text)
    health_algorithm_get_error_desc          0x00009815   Thumb Code     6  health-algorithm-inner.o(.text)
    init_health_algorithm                    0x0000981b   Thumb Code   100  health-algorithm-inner.o(.text)
    health_algorithm_finalize                0x0000987f   Thumb Code    30  health-algorithm-inner.o(.text)
    register_health_algorithm_callback       0x0000989d   Thumb Code    18  health-algorithm-inner.o(.text)
    health_algorithm_data_in_accelerate      0x000098af   Thumb Code    60  health-algorithm-inner.o(.text)
    generate_event                           0x000098eb   Thumb Code    24  health-algorithm-inner.o(.text)
    init_distance_algorithm                  0x00009909   Thumb Code    60  distance-calculate.o(.text)
    distance_algorithm_finalize              0x00009945   Thumb Code    26  distance-calculate.o(.text)
    distance_algorithm_error_desc            0x0000995f   Thumb Code     6  distance-calculate.o(.text)
    distance_algorithm_accelerate_data_in    0x00009965   Thumb Code   244  distance-calculate.o(.text)
    RollDetector_Init                        0x00009b2d   Thumb Code    12  sleep-detect-algorithm.o(.text)
    RollDetector_Activate                    0x00009b39   Thumb Code     6  sleep-detect-algorithm.o(.text)
    RollDetector_DeActivate                  0x00009b3f   Thumb Code    12  sleep-detect-algorithm.o(.text)
    RollDetector_IsActive                    0x00009b4b   Thumb Code    16  sleep-detect-algorithm.o(.text)
    RollDetector_InFuture                    0x00009b5b   Thumb Code    32  sleep-detect-algorithm.o(.text)
    RollDetector_IsOutdated                  0x00009b7b   Thumb Code    18  sleep-detect-algorithm.o(.text)
    RollDetector_DumpSummedAcceleration      0x00009b8d   Thumb Code    38  sleep-detect-algorithm.o(.text)
    RollDetector_Add                         0x00009bb3   Thumb Code    84  sleep-detect-algorithm.o(.text)
    RollDetector_Padding                     0x00009c07   Thumb Code    24  sleep-detect-algorithm.o(.text)
    RollDetector_BuildPeriod                 0x00009c1f   Thumb Code   136  sleep-detect-algorithm.o(.text)
    RollDetector_IsRolled                    0x00009ca7   Thumb Code    72  sleep-detect-algorithm.o(.text)
    RollDetector_Slide2Next                  0x00009cef   Thumb Code    40  sleep-detect-algorithm.o(.text)
    EpochMaker_StartNewEpoch                 0x00009d17   Thumb Code    20  sleep-detect-algorithm.o(.text)
    EpochMaker_InFuture                      0x00009d2b   Thumb Code    32  sleep-detect-algorithm.o(.text)
    EpochMaker_IsOutdated                    0x00009d4b   Thumb Code    20  sleep-detect-algorithm.o(.text)
    EpochMaker_InThreshold                   0x00009d5f   Thumb Code    46  sleep-detect-algorithm.o(.text)
    EpochMaker_HandlePeriod                  0x00009d8d   Thumb Code    36  sleep-detect-algorithm.o(.text)
    EpochMaker_Init                          0x00009db1   Thumb Code    12  sleep-detect-algorithm.o(.text)
    EpochMaker_Padding                       0x00009dbd   Thumb Code    28  sleep-detect-algorithm.o(.text)
    EpochMaker_Add                           0x00009dd9   Thumb Code    88  sleep-detect-algorithm.o(.text)
    EpochMaker_Fill                          0x00009e31   Thumb Code    14  sleep-detect-algorithm.o(.text)
    EpochMaker_Slide2Next                    0x00009e3f   Thumb Code    16  sleep-detect-algorithm.o(.text)
    EpochMaker_OnEvent                       0x00009e4f   Thumb Code    26  sleep-detect-algorithm.o(.text)
    EpochBuffer_ForwardCursor                0x00009e69   Thumb Code    16  sleep-detect-algorithm.o(.text)
    EpochBuffer_ShiftCursor                  0x00009e79   Thumb Code    22  sleep-detect-algorithm.o(.text)
    EpochBuffer_IsSleeping                   0x00009e8f   Thumb Code    62  sleep-detect-algorithm.o(.text)
    EpochBuffer_IsRolling                    0x00009ecd   Thumb Code    28  sleep-detect-algorithm.o(.text)
    EpochBuffer_Init                         0x00009ee9   Thumb Code    22  sleep-detect-algorithm.o(.text)
    EpochBuffer_Extend                       0x00009eff   Thumb Code    62  sleep-detect-algorithm.o(.text)
    EpochBuffer_DetectStateAtCursor          0x00009f3d   Thumb Code    28  sleep-detect-algorithm.o(.text)
    EpochBuffer_GetTimestampAtCursor         0x00009f59   Thumb Code     8  sleep-detect-algorithm.o(.text)
    EventMonitor_FireEvent                   0x00009f61   Thumb Code    46  sleep-detect-algorithm.o(.text)
    EventMonitor_HandleEvent                 0x00009f8f   Thumb Code   100  sleep-detect-algorithm.o(.text)
    EventMonitor_HandleEpoch                 0x00009ff3   Thumb Code    24  sleep-detect-algorithm.o(.text)
    EventMonitor_Init                        0x0000a00b   Thumb Code    48  sleep-detect-algorithm.o(.text)
    EventMonitor_Add                         0x0000a03b   Thumb Code    58  sleep-detect-algorithm.o(.text)
    EventMonitor_Quit                        0x0000a075   Thumb Code    16  sleep-detect-algorithm.o(.text)
    init_sleep_algorithm                     0x0000a085   Thumb Code    38  sleep-detect-algorithm.o(.text)
    sleep_algorithm_accelerate_data_in       0x0000a0ab   Thumb Code    54  sleep-detect-algorithm.o(.text)
    sleep_detect_finalize                    0x0000a0e1   Thumb Code    30  sleep-detect-algorithm.o(.text)
    sleep_detect_error_desc                  0x0000a0ff   Thumb Code     4  sleep-detect-algorithm.o(.text)
    step_count_init                          0x0000a7bd   Thumb Code    22  distance-step.o(.text)
    get_step_data                            0x0000a7d3   Thumb Code    68  distance-step.o(.text)
    get_distance_data                        0x0000a9c7   Thumb Code   590  distance-steplength.o(.text)
    __aeabi_llsl                             0x0000ac6d   Thumb Code    32  llshl.o(.text)
    _ll_shift_l                              0x0000ac6d   Thumb Code     0  llshl.o(.text)
    __aeabi_llsr                             0x0000ac8d   Thumb Code    34  llushr.o(.text)
    _ll_ushift_r                             0x0000ac8d   Thumb Code     0  llushr.o(.text)
    __aeabi_lmul                             0x0000acaf   Thumb Code    48  llmul.o(.text)
    _ll_mul                                  0x0000acaf   Thumb Code     0  llmul.o(.text)
    __aeabi_ldivmod                          0x0000acdf   Thumb Code   112  llsdiv.o(.text)
    _ll_sdiv                                 0x0000acdf   Thumb Code     0  llsdiv.o(.text)
    vsnprintf                                0x0000ad51   Thumb Code    50  vsnprintf.o(.text)
    __2snprintf                              0x0000ad89   Thumb Code    54  __2snprintf.o(.text)
    _printf_str                              0x0000adc5   Thumb Code    82  _printf_str.o(.text)
    _printf_int_dec                          0x0000ae19   Thumb Code    90  _printf_dec.o(.text)
    __printf                                 0x0000ae85   Thumb Code   386  __printf_flags_ss_wp.o(.text)
    memcmp                                   0x0000b00d   Thumb Code    90  memcmp.o(.text)
    strcpy                                   0x0000b069   Thumb Code    70  strcpy.o(.text)
    strlen                                   0x0000b0b5   Thumb Code    62  strlen.o(.text)
    __aeabi_memcpy                           0x0000b0f9   Thumb Code   130  rt_memcpy.o(.text)
    __rt_memcpy                              0x0000b0f9   Thumb Code     0  rt_memcpy.o(.text)
    _memset_w                                0x0000b17b   Thumb Code    26  rt_memclr.o(.text)
    _memset                                  0x0000b195   Thumb Code    30  rt_memclr.o(.text)
    __aeabi_memclr                           0x0000b1b3   Thumb Code     4  rt_memclr.o(.text)
    __rt_memclr                              0x0000b1b3   Thumb Code     0  rt_memclr.o(.text)
    __aeabi_memclr4                          0x0000b1b7   Thumb Code     0  rt_memclr.o(.text)
    __aeabi_memclr8                          0x0000b1b7   Thumb Code     0  rt_memclr.o(.text)
    __rt_memclr_w                            0x0000b1b7   Thumb Code     4  rt_memclr.o(.text)
    strncpy                                  0x0000b1bd   Thumb Code   104  strncpy.o(.text)
    __aeabi_uidiv                            0x0000b229   Thumb Code     0  aeabi_sdiv.o(.text)
    __aeabi_uidivmod                         0x0000b229   Thumb Code    20  aeabi_sdiv.o(.text)
    __aeabi_idiv                             0x0000b23d   Thumb Code     0  aeabi_sdiv.o(.text)
    __aeabi_idivmod                          0x0000b23d   Thumb Code   326  aeabi_sdiv.o(.text)
    __use_two_region_memory                  0x0000b383   Thumb Code     2  heapauxi.o(.text)
    __rt_heap_escrow$2region                 0x0000b385   Thumb Code     2  heapauxi.o(.text)
    __rt_heap_expand$2region                 0x0000b387   Thumb Code     2  heapauxi.o(.text)
    __aeabi_fdiv                             0x0000b389   Thumb Code     0  fdiv.o(.text)
    _fdiv                                    0x0000b389   Thumb Code   336  fdiv.o(.text)
    _frdiv                                   0x0000b4d9   Thumb Code     8  fdiv.o(.text)
    __aeabi_f2uiz                            0x0000b4e9   Thumb Code     0  ffixui.o(.text)
    _ffixu                                   0x0000b4e9   Thumb Code    48  ffixui.o(.text)
    __aeabi_i2f_normalise                    0x0000b519   Thumb Code    72  fflti.o(.text)
    __aeabi_i2f                              0x0000b561   Thumb Code    16  fflti.o(.text)
    _fflt                                    0x0000b561   Thumb Code     0  fflti.o(.text)
    __aeabi_ui2f                             0x0000b571   Thumb Code     6  fflti.o(.text)
    _ffltu                                   0x0000b571   Thumb Code     0  fflti.o(.text)
    __aeabi_uldivmod                         0x0000b577   Thumb Code   258  lludiv.o(.text)
    _ll_udiv                                 0x0000b577   Thumb Code     0  lludiv.o(.text)
    _printf_pre_padding                      0x0000b679   Thumb Code    44  _printf_pad.o(.text)
    _printf_post_padding                     0x0000b6a5   Thumb Code    34  _printf_pad.o(.text)
    _printf_truncate_signed                  0x0000b6c7   Thumb Code    18  _printf_truncate.o(.text)
    _printf_truncate_unsigned                0x0000b6d9   Thumb Code    18  _printf_truncate.o(.text)
    _printf_int_common                       0x0000b6eb   Thumb Code   176  _printf_intcommon.o(.text)
    _printf_charcount                        0x0000b79b   Thumb Code    40  _printf_charcount.o(.text)
    _printf_char_common                      0x0000b7cf   Thumb Code    32  _printf_char_common.o(.text)
    _sputc                                   0x0000b7f5   Thumb Code    10  _sputc.o(.text)
    _snputc                                  0x0000b7ff   Thumb Code    16  _snputc.o(.text)
    _printf_cs_common                        0x0000b80f   Thumb Code    22  _printf_char.o(.text)
    _printf_char                             0x0000b825   Thumb Code    16  _printf_char.o(.text)
    _printf_string                           0x0000b835   Thumb Code     8  _printf_char.o(.text)
    _printf_wctomb                           0x0000b83d   Thumb Code   182  _printf_wctomb.o(.text)
    _printf_longlong_dec                     0x0000b8f9   Thumb Code    94  _printf_longlong_dec.o(.text)
    _printf_longlong_oct                     0x0000b969   Thumb Code    68  _printf_oct_int_ll.o(.text)
    _printf_int_oct                          0x0000b9ad   Thumb Code    24  _printf_oct_int_ll.o(.text)
    _printf_ll_oct                           0x0000b9c5   Thumb Code    10  _printf_oct_int_ll.o(.text)
    _printf_longlong_hex                     0x0000b9d9   Thumb Code    88  _printf_hex_int_ll_ptr.o(.text)
    _printf_int_hex                          0x0000ba31   Thumb Code    28  _printf_hex_int_ll_ptr.o(.text)
    _printf_ll_hex                           0x0000ba4d   Thumb Code    10  _printf_hex_int_ll_ptr.o(.text)
    _printf_hex_ptr                          0x0000ba57   Thumb Code    22  _printf_hex_int_ll_ptr.o(.text)
    __rt_udiv10                              0x0000ba71   Thumb Code    40  rtudiv10.o(.text)
    __fpl_fcmp_InfNaN                        0x0000ba99   Thumb Code    96  fcmpin.o(.text)
    _ll_udiv10                               0x0000bafd   Thumb Code   122  lludiv10.o(.text)
    __lib_sel_fp_printf                      0x0000bb79   Thumb Code     2  _printf_fp_dec.o(.text)
    _printf_fp_dec_real                      0x0000bd17   Thumb Code   618  _printf_fp_dec.o(.text)
    _printf_fp_hex_real                      0x0000bf8d   Thumb Code   712  _printf_fp_hex.o(.text)
    _printf_lcs_common                       0x0000c25d   Thumb Code    22  _printf_wchar.o(.text)
    _printf_wchar                            0x0000c273   Thumb Code    16  _printf_wchar.o(.text)
    _printf_wstring                          0x0000c283   Thumb Code     8  _printf_wchar.o(.text)
    _wcrtomb                                 0x0000c28b   Thumb Code    68  _wcrtomb.o(.text)
    __fpl_cmpreturn                          0x0000c2d1   Thumb Code    42  cmpret.o(.text)
    __fpl_fcheck_NaN2                        0x0000c301   Thumb Code    10  fnan2.o(.text)
    __user_setup_stackheap                   0x0000c311   Thumb Code    62  sys_stackheap_outer.o(.text)
    __rt_ctype_table                         0x0000c351   Thumb Code    16  rt_ctype_table.o(.text)
    __rt_locale                              0x0000c361   Thumb Code     8  rt_locale_intlibspace.o(.text)
    _printf_fp_infnan                        0x0000c369   Thumb Code   120  _printf_fp_infnan.o(.text)
    _btod_etento                             0x0000c3f1   Thumb Code   200  bigflt0.o(.text)
    _btod_d2e                                0x0000c4bd   Thumb Code    64  btod.o(.text)
    _btod_emul                               0x0000c8b3   Thumb Code    24  btod.o(.text)
    _btod_emuld                              0x0000c8cb   Thumb Code    60  btod.o(.text)
    _btod_ediv                               0x0000c907   Thumb Code    22  btod.o(.text)
    _btod_edivd                              0x0000c91d   Thumb Code    60  btod.o(.text)
    exit                                     0x0000c965   Thumb Code    12  exit.o(.text)
    __fpl_return_NaN                         0x0000c971   Thumb Code    94  retnan.o(.text)
    __user_libspace                          0x0000c9d1   Thumb Code     8  libspace.o(.text)
    __user_perproc_libspace                  0x0000c9d1   Thumb Code     0  libspace.o(.text)
    __user_perthread_libspace                0x0000c9d1   Thumb Code     0  libspace.o(.text)
    strcmp                                   0x0000c9d9   Thumb Code   132  strcmp.o(.text)
    _sys_exit                                0x0000ca61   Thumb Code     8  sys_exit.o(.text)
    __I$use$semihosting                      0x0000ca6d   Thumb Code     0  use_no_semi.o(.text)
    __use_no_semihosting_swi                 0x0000ca6d   Thumb Code     2  use_no_semi.o(.text)
    __decompress                             0x0000ca6f   Thumb Code     0  __dczerorl2.o(.text)
    __decompress1                            0x0000ca6f   Thumb Code    86  __dczerorl2.o(.text)
    __semihosting_library_function           0x0000ca6f   Thumb Code     0  indicate_semi.o(.text)
    __ARM_common_ll_mulss                    0x0000cac5   Thumb Code    48  click-algorithm.o(i.__ARM_common_ll_mulss)
    __ARM_common_ll_muluu                    0x0000caf5   Thumb Code    48  btod.o(i.__ARM_common_ll_muluu)
    __ARM_common_switch8                     0x0000cb25   Thumb Code    26  bd_led_flash.o(i.__ARM_common_switch8)
    __ARM_fpclassify                         0x0000cb41   Thumb Code    38  fpclassify.o(i.__ARM_fpclassify)
    _is_digit                                0x0000cb6d   Thumb Code    14  __printf_wp.o(i._is_digit)
    _get_lc_numeric                          0x0000cb7d   Thumb Code    44  lc_numeric_c.o(locale$$code)
    _get_lc_ctype                            0x0000cba9   Thumb Code    44  lc_ctype_c.o(locale$$code)
    __aeabi_fadd                             0x0000cbd5   Thumb Code     0  faddsub.o(x$fpl$fadd)
    _fadd                                    0x0000cbd5   Thumb Code   134  faddsub.o(x$fpl$fadd)
    __aeabi_cfrcmple                         0x0000cc61   Thumb Code     0  frlef.o(x$fpl$frleqf)
    _frcmple                                 0x0000cc61   Thumb Code    84  frlef.o(x$fpl$frleqf)
    __aeabi_fsub                             0x0000ccb9   Thumb Code     0  faddsub.o(x$fpl$fsub)
    _fsub                                    0x0000ccb9   Thumb Code   204  faddsub.o(x$fpl$fsub)
    _printf_fp_dec                           0x0000cd89   Thumb Code    16  printf1.o(x$fpl$printf1)
    _printf_fp_hex                           0x0000cd99   Thumb Code    16  printf2.o(x$fpl$printf2)
    __I$use$fp                               0x0000cda8   Number         0  usenofp.o(x$fpl$usenofp)
    percentage_full                          0x0000cde0   Data           2  bd_led_flash.o(.constdata)
    all_flash                                0x0000cde2   Data           4  bd_led_flash.o(.constdata)
    percentage_20                            0x0000cde6   Data           4  bd_led_flash.o(.constdata)
    percentage_40                            0x0000cdea   Data           4  bd_led_flash.o(.constdata)
    percentage_60                            0x0000cdee   Data           4  bd_led_flash.o(.constdata)
    percentage_80                            0x0000cdf2   Data           4  bd_led_flash.o(.constdata)
    percentage_100                           0x0000cdf6   Data           4  bd_led_flash.o(.constdata)
    step_percentage_20                       0x0000cdfa   Data           4  bd_led_flash.o(.constdata)
    step_percentage_40                       0x0000cdfe   Data           4  bd_led_flash.o(.constdata)
    step_percentage_60                       0x0000ce02   Data           4  bd_led_flash.o(.constdata)
    step_percentage_80                       0x0000ce06   Data           4  bd_led_flash.o(.constdata)
    step_percentage_100                      0x0000ce0a   Data           4  bd_led_flash.o(.constdata)
    first_led_flash                          0x0000ce0e   Data           4  bd_led_flash.o(.constdata)
    second_led_flash                         0x0000ce12   Data           4  bd_led_flash.o(.constdata)
    third_led_flash                          0x0000ce16   Data           4  bd_led_flash.o(.constdata)
    forth_led_flash                          0x0000ce1a   Data           4  bd_led_flash.o(.constdata)
    fifth_led_flash                          0x0000ce1e   Data           4  bd_led_flash.o(.constdata)
    action_blank                             0x0000ce22   Data           4  bd_led_flash.o(.constdata)
    led_pin_array                            0x0000ce26   Data           5  bd_led_flash.o(.constdata)
    border_to_central                        0x0000ce2c   Data           8  bd_led_flash.o(.constdata)
    serial_flash                             0x0000ce34   Data          10  bd_led_flash.o(.constdata)
    serial_close                             0x0000ce3e   Data          10  bd_led_flash.o(.constdata)
    celebration                              0x0000ce48   Data          10  bd_led_flash.o(.constdata)
    crc16_table                              0x0000ce52   Data         512  bd_crc16.o(.constdata)
    k_SVM_alpha                              0x0000d084   Data         240  click-algorithm.o(.constdata)
    Region$$Table$$Base                      0x0000d2b4   Number         0  anon$$obj.o(Region$$Table)
    Region$$Table$$Limit                     0x0000d2d4   Number         0  anon$$obj.o(Region$$Table)
    __ctype                                  0x0000d2fd   Data           0  lc_ctype_c.o(locale$$data)
    global_connect_handle                    0x20000002   Data           2  main.o(.data)
    ota_delay_timer                          0x20000010   Data           4  main.o(.data)
    g_battery_voltage_mv                     0x20000056   Data           2  bd_battery.o(.data)
    global_should_trigger_ota                0x20000060   Data           1  bd_communicate_protocol.o(.data)
    L1_sequence_id                           0x20000062   Data           2  bd_communicate_protocol.o(.data)
    private_bond_machine                     0x20000070   Data           4  bd_communicate_protocol.o(.data)
    user_action_delay_timer                  0x2000008c   Data           4  bd_communicate_protocol.o(.data)
    global_L1_header_buffer                  0x200000a0   Data           8  bd_communicate_protocol.o(.data)
    should_update_prv_bond_info              0x200000b8   Data           1  bd_private_bond.o(.data)
    alarm_later                              0x200000bc   Data           1  bd_wall_clock_timer.o(.data)
    Global_Time                              0x200000cc   Data           8  bd_wall_clock_timer.o(.data)
    SPIMasterBuffer                          0x200000d5   Data           8  bd_spi_master.o(.data)
    SPISlaveBuffer                           0x200000dd   Data           8  bd_spi_master.o(.data)
    SPIReadLength                            0x200000e5   Data           1  bd_spi_master.o(.data)
    SPIWriteLength                           0x200000e6   Data           1  bd_spi_master.o(.data)
    SEL_SS_PINOUT                            0x200000e8   Data           4  bd_spi_master.o(.data)
    m_sensor_timer_id                        0x2000010c   Data           4  bd_step_counter.o(.data)
    mSportHead                               0x20000110   Data           4  bd_step_counter.o(.data)
    mSleepHead                               0x20000114   Data           4  bd_step_counter.o(.data)
    m_double_tap_timer_id                    0x20000118   Data           4  bd_step_counter.o(.data)
    mSportsData                              0x20000130   Data           8  bd_step_counter.o(.data)
    mSleepData                               0x20000138   Data           4  bd_step_counter.o(.data)
    notify_steps_enable                      0x2000013c   Data           1  bd_step_counter.o(.data)
    sending_flag                             0x20000140   Data           1  bd_sync_data.o(.data)
    sport_send_error_count                   0x20000141   Data           1  bd_sync_data.o(.data)
    sleep_send_error_count                   0x20000142   Data           1  bd_sync_data.o(.data)
    sync_process_start_send                  0x20000143   Data           1  bd_sync_data.o(.data)
    send_time_started                        0x20000144   Data           1  bd_sync_data.o(.data)
    sending_steps                            0x20000146   Data           2  bd_sync_data.o(.data)
    g_sports_send_buffer                     0x20000148   Data           4  bd_sync_data.o(.data)
    g_sleep_send_buffer                      0x2000014c   Data           4  bd_sync_data.o(.data)
    p_last_send_sport_addr                   0x20000150   Data           4  bd_sync_data.o(.data)
    p_last_send_sleep_addr                   0x20000154   Data           4  bd_sync_data.o(.data)
    send_data_timer                          0x2000015c   Data           4  bd_sync_data.o(.data)
    sync_process_buffer                      0x20000160   Data           5  bd_sync_data.o(.data)
    g_saved_SportsData                       0x20000168   Data           8  bd_sync_data.o(.data)
    g_saved_SleepData                        0x20000170   Data           8  bd_sync_data.o(.data)
    global_device_charging_state             0x20000184   Data           4  bd_charging.o(.data)
    g_send_flag                              0x20000194   Data           1  bd_factory_test.o(.data)
    g_write_sn_done                          0x20000195   Data           1  bd_factory_test.o(.data)
    g_write_flag_done                        0x20000196   Data           1  bd_factory_test.o(.data)
    g_testMode                               0x20000197   Data           1  bd_factory_test.o(.data)
    sleep_events_buff                        0x2000019c   Data           4  bd_switch_sleep.o(.data)
    manual_sleep_events_head                 0x200001a0   Data           4  bd_switch_sleep.o(.data)
    manual_sleep_event                       0x200001ac   Data           4  bd_switch_sleep.o(.data)
    manual_sleep_events_head_data            0x200001b0   Data           4  bd_switch_sleep.o(.data)
    SystemCoreClock                          0x200001d4   Data           4  system_nrf51.o(.data)
    flash_page_to_erase_Q_len                0x20000246   Data           1  ble_flash.o(.data)
    radio_inactive_time                      0x20000248   Data           4  ble_flash.o(.data)
    flash_page_to_erase_Q                    0x2000024c   Data           8  ble_flash.o(.data)
    g_error_desc                             0x20000318   Data           4  health-algorithm-inner.o(.data)
    g_peak_save_index                        0x20000340   Data           1  distance-calculate.o(.data)
    g_data_index                             0x20000341   Data           1  distance-calculate.o(.data)
    g_isfemale                               0x20000342   Data           1  distance-calculate.o(.data)
    g_height_cm                              0x20000344   Data           2  distance-calculate.o(.data)
    g_weight_kg                              0x20000346   Data           2  distance-calculate.o(.data)
    g_age                                    0x20000348   Data           2  distance-calculate.o(.data)
    g_nSampleRate                            0x20000360   Data           4  sleep-detect-algorithm.o(.data)
    g_cEventMonitor                          0x20000364   Data           4  sleep-detect-algorithm.o(.data)
    g_aState2Mode                            0x20000368   Data          12  sleep-detect-algorithm.o(.data)
    g_aTatWeights                            0x20000374   Data          28  sleep-detect-algorithm.o(.data)
    m_bas                                    0x20000bbc   Data          24  main.o(.bss)
    m_nus                                    0x20000bd4   Data          32  main.o(.bss)
    global_reponse_buffer                    0x20000c18   Data         200  bd_communicate_protocol.o(.bss)
    user_id                                  0x20000d54   Data          32  bd_private_bond.o(.bss)
    accData                                  0x20000d74   Data         192  bd_hal_acc.o(.bss)
    g_sports_send_buffer_align               0x20000e34   Data          80  bd_sync_data.o(.bss)
    g_sleep_send_buffer_align                0x20000e84   Data          48  bd_sync_data.o(.bss)
    SERIAL_NUMBER                            0x20000eb4   Data          32  bd_factory_test.o(.bss)
    m_ble_error_log                          0x20001250   Data         392  ble_error_log.o(.bss)
    g_peak_save                              0x20001540   Data          10  distance-calculate.o(.bss)
    g_step_save                              0x2000154a   Data          10  distance-calculate.o(.bss)
    g_step_freq_save                         0x20001554   Data          20  distance-calculate.o(.bss)
    g_data_x                                 0x20001568   Data          60  distance-calculate.o(.bss)
    g_data_y                                 0x200015a4   Data          60  distance-calculate.o(.bss)
    g_data_z                                 0x200015e0   Data          60  distance-calculate.o(.bss)
    g_data_compose                           0x2000161c   Data          60  distance-calculate.o(.bss)
    g_data_timestamp                         0x20001658   Data         240  distance-calculate.o(.bss)
    g_cRollDetector                          0x20001760   Data         160  sleep-detect-algorithm.o(.bss)
    g_cEpochMaker                            0x20001800   Data          16  sleep-detect-algorithm.o(.bss)
    g_cEpochBuffer                           0x20001810   Data          48  sleep-detect-algorithm.o(.bss)
    __libspace_start                         0x20001854   Data          96  libspace.o(.bss)
    __temporary_stack_top$libspace           0x200018b4   Data           0  libspace.o(.bss)



==============================================================================

Memory Map of the image

  Image Entry point : 0x000000c1

  Load Region LR_IROM1 (Base: 0x00000000, Size: 0x0000d7f0, Max: 0x00040000, ABSOLUTE, COMPRESSED[0x0000d47c])

    Execution Region ER_IROM1 (Base: 0x00000000, Size: 0x0000d400, Max: 0x00040000, ABSOLUTE)

    Base Addr    Size         Type   Attr      Idx    E Section Name        Object

    0x00000000   0x000000c0   Data   RO         1232    RESET               arm_startup_nrf51.o
    0x000000c0   0x00000008   Code   RO         1855  * !!!main             c_p.l(__main.o)
    0x000000c8   0x0000003c   Code   RO         2173    !!!scatter          c_p.l(__scatter.o)
    0x00000104   0x0000001c   Code   RO         2175    !!handler_zi        c_p.l(__scatter_zi.o)
    0x00000120   0x00000002   Code   RO         1834    .ARM.Collect$$_printf_percent$$00000000  c_p.l(_printf_percent.o)
    0x00000122   0x0000000a   Code   RO         1928    .ARM.Collect$$_printf_percent$$00000001  c_p.l(_printf_n.o)
    0x0000012c   0x0000000a   Code   RO         1930    .ARM.Collect$$_printf_percent$$00000002  c_p.l(_printf_p.o)
    0x00000136   0x0000000a   Code   RO         1934    .ARM.Collect$$_printf_percent$$00000003  c_p.l(_printf_f.o)
    0x00000140   0x0000000a   Code   RO         1935    .ARM.Collect$$_printf_percent$$00000004  c_p.l(_printf_e.o)
    0x0000014a   0x0000000a   Code   RO         1936    .ARM.Collect$$_printf_percent$$00000005  c_p.l(_printf_g.o)
    0x00000154   0x0000000a   Code   RO         1937    .ARM.Collect$$_printf_percent$$00000006  c_p.l(_printf_a.o)
    0x0000015e   0x0000000a   Code   RO         1942    .ARM.Collect$$_printf_percent$$00000007  c_p.l(_printf_ll.o)
    0x00000168   0x0000000a   Code   RO         1932    .ARM.Collect$$_printf_percent$$00000008  c_p.l(_printf_i.o)
    0x00000172   0x0000000a   Code   RO         1833    .ARM.Collect$$_printf_percent$$00000009  c_p.l(_printf_d.o)
    0x0000017c   0x0000000a   Code   RO         1933    .ARM.Collect$$_printf_percent$$0000000A  c_p.l(_printf_u.o)
    0x00000186   0x0000000a   Code   RO         1931    .ARM.Collect$$_printf_percent$$0000000B  c_p.l(_printf_o.o)
    0x00000190   0x0000000a   Code   RO         1929    .ARM.Collect$$_printf_percent$$0000000C  c_p.l(_printf_x.o)
    0x0000019a   0x0000000a   Code   RO         1939    .ARM.Collect$$_printf_percent$$0000000D  c_p.l(_printf_lli.o)
    0x000001a4   0x0000000a   Code   RO         1940    .ARM.Collect$$_printf_percent$$0000000E  c_p.l(_printf_lld.o)
    0x000001ae   0x0000000a   Code   RO         1941    .ARM.Collect$$_printf_percent$$0000000F  c_p.l(_printf_llu.o)
    0x000001b8   0x0000000a   Code   RO         1946    .ARM.Collect$$_printf_percent$$00000010  c_p.l(_printf_llo.o)
    0x000001c2   0x0000000a   Code   RO         1947    .ARM.Collect$$_printf_percent$$00000011  c_p.l(_printf_llx.o)
    0x000001cc   0x0000000a   Code   RO         1943    .ARM.Collect$$_printf_percent$$00000012  c_p.l(_printf_l.o)
    0x000001d6   0x0000000a   Code   RO         1927    .ARM.Collect$$_printf_percent$$00000013  c_p.l(_printf_c.o)
    0x000001e0   0x0000000a   Code   RO         1832    .ARM.Collect$$_printf_percent$$00000014  c_p.l(_printf_s.o)
    0x000001ea   0x0000000a   Code   RO         1944    .ARM.Collect$$_printf_percent$$00000015  c_p.l(_printf_lc.o)
    0x000001f4   0x0000000a   Code   RO         1945    .ARM.Collect$$_printf_percent$$00000016  c_p.l(_printf_ls.o)
    0x000001fe   0x00000004   Code   RO         1938    .ARM.Collect$$_printf_percent$$00000017  c_p.l(_printf_percent_end.o)
    0x00000202   0x00000002   Code   RO         2032    .ARM.Collect$$libinit$$00000000  c_p.l(libinit.o)
    0x00000204   0x00000004   Code   RO         2056    .ARM.Collect$$libinit$$00000001  c_p.l(libinit2.o)
    0x00000208   0x00000000   Code   RO         2060    .ARM.Collect$$libinit$$00000008  c_p.l(libinit2.o)
    0x00000208   0x00000000   Code   RO         2062    .ARM.Collect$$libinit$$0000000A  c_p.l(libinit2.o)
    0x00000208   0x00000000   Code   RO         2064    .ARM.Collect$$libinit$$0000000C  c_p.l(libinit2.o)
    0x00000208   0x00000006   Code   RO         2065    .ARM.Collect$$libinit$$0000000D  c_p.l(libinit2.o)
    0x0000020e   0x00000000   Code   RO         2067    .ARM.Collect$$libinit$$0000000F  c_p.l(libinit2.o)
    0x0000020e   0x0000000c   Code   RO         2068    .ARM.Collect$$libinit$$00000010  c_p.l(libinit2.o)
    0x0000021a   0x00000000   Code   RO         2069    .ARM.Collect$$libinit$$00000011  c_p.l(libinit2.o)
    0x0000021a   0x00000000   Code   RO         2071    .ARM.Collect$$libinit$$00000013  c_p.l(libinit2.o)
    0x0000021a   0x0000000a   Code   RO         2072    .ARM.Collect$$libinit$$00000014  c_p.l(libinit2.o)
    0x00000224   0x00000000   Code   RO         2073    .ARM.Collect$$libinit$$00000015  c_p.l(libinit2.o)
    0x00000224   0x00000000   Code   RO         2075    .ARM.Collect$$libinit$$00000017  c_p.l(libinit2.o)
    0x00000224   0x00000000   Code   RO         2077    .ARM.Collect$$libinit$$00000019  c_p.l(libinit2.o)
    0x00000224   0x00000000   Code   RO         2079    .ARM.Collect$$libinit$$0000001B  c_p.l(libinit2.o)
    0x00000224   0x00000000   Code   RO         2081    .ARM.Collect$$libinit$$0000001D  c_p.l(libinit2.o)
    0x00000224   0x00000000   Code   RO         2083    .ARM.Collect$$libinit$$0000001F  c_p.l(libinit2.o)
    0x00000224   0x00000000   Code   RO         2085    .ARM.Collect$$libinit$$00000021  c_p.l(libinit2.o)
    0x00000224   0x00000000   Code   RO         2087    .ARM.Collect$$libinit$$00000023  c_p.l(libinit2.o)
    0x00000224   0x00000000   Code   RO         2091    .ARM.Collect$$libinit$$0000002A  c_p.l(libinit2.o)
    0x00000224   0x00000000   Code   RO         2093    .ARM.Collect$$libinit$$0000002C  c_p.l(libinit2.o)
    0x00000224   0x00000000   Code   RO         2095    .ARM.Collect$$libinit$$0000002E  c_p.l(libinit2.o)
    0x00000224   0x00000000   Code   RO         2097    .ARM.Collect$$libinit$$00000030  c_p.l(libinit2.o)
    0x00000224   0x00000002   Code   RO         2098    .ARM.Collect$$libinit$$00000031  c_p.l(libinit2.o)
    0x00000226   0x00000002   Code   RO         2129    .ARM.Collect$$libshutdown$$00000000  c_p.l(libshutdown.o)
    0x00000228   0x00000000   Code   RO         2156    .ARM.Collect$$libshutdown$$00000003  c_p.l(libshutdown2.o)
    0x00000228   0x00000000   Code   RO         2159    .ARM.Collect$$libshutdown$$00000006  c_p.l(libshutdown2.o)
    0x00000228   0x00000000   Code   RO         2162    .ARM.Collect$$libshutdown$$00000009  c_p.l(libshutdown2.o)
    0x00000228   0x00000000   Code   RO         2164    .ARM.Collect$$libshutdown$$0000000B  c_p.l(libshutdown2.o)
    0x00000228   0x00000000   Code   RO         2167    .ARM.Collect$$libshutdown$$0000000E  c_p.l(libshutdown2.o)
    0x00000228   0x00000002   Code   RO         2168    .ARM.Collect$$libshutdown$$0000000F  c_p.l(libshutdown2.o)
    0x0000022a   0x00000000   Code   RO         1872    .ARM.Collect$$rtentry$$00000000  c_p.l(rtentry.o)
    0x0000022a   0x00000000   Code   RO         1962    .ARM.Collect$$rtentry$$00000002  c_p.l(rtentry2.o)
    0x0000022a   0x00000006   Code   RO         1974    .ARM.Collect$$rtentry$$00000004  c_p.l(rtentry4.o)
    0x00000230   0x00000000   Code   RO         1964    .ARM.Collect$$rtentry$$00000009  c_p.l(rtentry2.o)
    0x00000230   0x00000004   Code   RO         1965    .ARM.Collect$$rtentry$$0000000A  c_p.l(rtentry2.o)
    0x00000234   0x00000000   Code   RO         1967    .ARM.Collect$$rtentry$$0000000C  c_p.l(rtentry2.o)
    0x00000234   0x00000008   Code   RO         1968    .ARM.Collect$$rtentry$$0000000D  c_p.l(rtentry2.o)
    0x0000023c   0x00000002   Code   RO         2043    .ARM.Collect$$rtexit$$00000000  c_p.l(rtexit.o)
    0x0000023e   0x00000000   Code   RO         2102    .ARM.Collect$$rtexit$$00000002  c_p.l(rtexit2.o)
    0x0000023e   0x00000004   Code   RO         2103    .ARM.Collect$$rtexit$$00000003  c_p.l(rtexit2.o)
    0x00000242   0x00000006   Code   RO         2104    .ARM.Collect$$rtexit$$00000004  c_p.l(rtexit2.o)
    0x00000248   0x0000001e   Code   RO          732    .emb_text           bd_nrf_delay.o
    0x00000266   0x00000002   PAD
    0x00000268   0x0000001e   Code   RO         1649    .emb_text           app_timer.o
    0x00000286   0x00000002   PAD
    0x00000288   0x00000038   Code   RO         1841    .emb_text           c_p.l(rt_memcpy.o)
    0x000002c0   0x00000b00   Code   RO            4    .text               main.o
    0x00000dc0   0x00000318   Code   RO          276    .text               bd_battery.o
    0x000010d8   0x00000238   Code   RO          368    .text               bd_ble_nus.o
    0x00001310   0x00000c0c   Code   RO          450    .text               bd_communicate_protocol.o
    0x00001f1c   0x0000006c   Code   RO          532    .text               bd_input_event_source.o
    0x00001f88   0x00000258   Code   RO          556    .text               bd_led_flash.o
    0x000021e0   0x00000240   Code   RO          593    .text               bd_private_bond.o
    0x00002420   0x00000548   Code   RO          625    .text               bd_wall_clock_timer.o
    0x00002968   0x0000036c   Code   RO          680    .text               bd_hal_acc.o
    0x00002cd4   0x00000cd4   Code   RO          706    .text               bd_lis3dh_driver.o
    0x000039a8   0x0000001c   Code   RO          733    .text               bd_nrf_delay.o
    0x000039c4   0x00000138   Code   RO          757    .text               bd_spi_master.o
    0x00003afc   0x000006d0   Code   RO          796    .text               bd_step_counter.o
    0x000041cc   0x00000d98   Code   RO          843    .text               bd_sync_data.o
    0x00004f64   0x0000015c   Code   RO          872    .text               bd_interaction.o
    0x000050c0   0x00000148   Code   RO          933    .text               bd_charging.o
    0x00005208   0x00000028   Code   RO          960    .text               bd_crc16.o
    0x00005230   0x00000028   Code   RO          978    .text               bd_square_root.o
    0x00005258   0x00000110   Code   RO          992    .text               bd_level_drive_motor.o
    0x00005368   0x000004c8   Code   RO         1016    .text               bd_factory_test.o
    0x00005830   0x00000060   Code   RO         1080    .text               bd_low_power_mode.o
    0x00005890   0x00000414   Code   RO         1103    .text               bd_switch_sleep.o
    0x00005ca4   0x0000004c   Code   RO         1128    .text               bd_wdt.o
    0x00005cf0   0x000000e0   Code   RO         1148    .text               bd_stack_dump_repoter.o
    0x00005dd0   0x0000030c   Code   RO         1178    .text               bd_data_manager.o
    0x000060dc   0x00000108   Code   RO         1201    .text               bd_bluetooth_log.o
    0x000061e4   0x00000044   Code   RO         1233    .text               arm_startup_nrf51.o
    0x00006228   0x000000a8   Code   RO         1239    .text               system_nrf51.o
    0x000062d0   0x000000bc   Code   RO         1265    .text               ble_tps.o
    0x0000638c   0x0000001e   Code   RO         1288    .text               ble_srv_common.o
    0x000063aa   0x00000002   PAD
    0x000063ac   0x0000024c   Code   RO         1314    .text               ble_bas.o
    0x000065f8   0x0000029c   Code   RO         1340    .text               ble_dis.o
    0x00006894   0x000004ee   Code   RO         1377    .text               ble_advdata.o
    0x00006d82   0x00000002   PAD
    0x00006d84   0x00000204   Code   RO         1403    .text               ble_conn_params.o
    0x00006f88   0x000004cc   Code   RO         1442    .text               ble_debug_assert_handler.o
    0x00007454   0x00000462   Code   RO         1466    .text               ble_flash.o
    0x000078b6   0x00000002   PAD
    0x000078b8   0x00000050   Code   RO         1500    .text               ble_radio_notification.o
    0x00007908   0x000000b0   Code   RO         1528    .text               ble_stack_handler.o
    0x000079b8   0x000001c4   Code   RO         1562    .text               app_button.o
    0x00007b7c   0x00000264   Code   RO         1590    .text               app_gpiote.o
    0x00007de0   0x000001b0   Code   RO         1621    .text               app_scheduler.o
    0x00007f90   0x00000774   Code   RO         1650    .text               app_timer.o
    0x00008704   0x00000b54   Code   RO         1709    .text               ble_bondmngr.o
    0x00009258   0x00000104   Code   RO         1738    .text               ble_error_log.o
    0x0000935c   0x000004b8   Code   RO         1761    .text               AlgorithmLibFornrf51.lib(click-algorithm.o)
    0x00009814   0x000000f4   Code   RO         1770    .text               AlgorithmLibFornrf51.lib(health-algorithm-inner.o)
    0x00009908   0x00000224   Code   RO         1773    .text               AlgorithmLibFornrf51.lib(distance-calculate.o)
    0x00009b2c   0x000005f8   Code   RO         1780    .text               AlgorithmLibFornrf51.lib(sleep-detect-algorithm.o)
    0x0000a124   0x00000728   Code   RO         1784    .text               AlgorithmLibFornrf51.lib(distance-step.o)
    0x0000a84c   0x00000420   Code   RO         1788    .text               AlgorithmLibFornrf51.lib(distance-steplength.o)
    0x0000ac6c   0x00000020   Code   RO         1792    .text               c_p.l(llshl.o)
    0x0000ac8c   0x00000022   Code   RO         1794    .text               c_p.l(llushr.o)
    0x0000acae   0x00000030   Code   RO         1796    .text               c_p.l(llmul.o)
    0x0000acde   0x00000070   Code   RO         1798    .text               c_p.l(llsdiv.o)
    0x0000ad4e   0x00000002   PAD
    0x0000ad50   0x00000038   Code   RO         1800    .text               c_p.l(vsnprintf.o)
    0x0000ad88   0x0000003c   Code   RO         1802    .text               c_p.l(__2snprintf.o)
    0x0000adc4   0x00000052   Code   RO         1808    .text               c_p.l(_printf_str.o)
    0x0000ae16   0x00000002   PAD
    0x0000ae18   0x0000006c   Code   RO         1810    .text               c_p.l(_printf_dec.o)
    0x0000ae84   0x00000188   Code   RO         1829    .text               c_p.l(__printf_flags_ss_wp.o)
    0x0000b00c   0x0000005a   Code   RO         1835    .text               c_p.l(memcmp.o)
    0x0000b066   0x00000002   PAD
    0x0000b068   0x0000004c   Code   RO         1837    .text               c_p.l(strcpy.o)
    0x0000b0b4   0x00000044   Code   RO         1839    .text               c_p.l(strlen.o)
    0x0000b0f8   0x00000082   Code   RO         1842    .text               c_p.l(rt_memcpy.o)
    0x0000b17a   0x00000040   Code   RO         1845    .text               c_p.l(rt_memclr.o)
    0x0000b1ba   0x00000002   PAD
    0x0000b1bc   0x0000006c   Code   RO         1847    .text               c_p.l(strncpy.o)
    0x0000b228   0x0000015a   Code   RO         1849    .text               c_p.l(aeabi_sdiv.o)
    0x0000b382   0x00000006   Code   RO         1853    .text               c_p.l(heapauxi.o)
    0x0000b388   0x00000160   Code   RO         1863    .text               fz_ps.l(fdiv.o)
    0x0000b4e8   0x00000030   Code   RO         1866    .text               fz_ps.l(ffixui.o)
    0x0000b518   0x0000005e   Code   RO         1868    .text               fz_ps.l(fflti.o)
    0x0000b576   0x00000102   Code   RO         1877    .text               c_p.l(lludiv.o)
    0x0000b678   0x0000004e   Code   RO         1879    .text               c_p.l(_printf_pad.o)
    0x0000b6c6   0x00000024   Code   RO         1881    .text               c_p.l(_printf_truncate.o)
    0x0000b6ea   0x000000b0   Code   RO         1883    .text               c_p.l(_printf_intcommon.o)
    0x0000b79a   0x00000028   Code   RO         1885    .text               c_p.l(_printf_charcount.o)
    0x0000b7c2   0x00000002   PAD
    0x0000b7c4   0x00000030   Code   RO         1887    .text               c_p.l(_printf_char_common.o)
    0x0000b7f4   0x0000000a   Code   RO         1889    .text               c_p.l(_sputc.o)
    0x0000b7fe   0x00000010   Code   RO         1891    .text               c_p.l(_snputc.o)
    0x0000b80e   0x0000002e   Code   RO         1893    .text               c_p.l(_printf_char.o)
    0x0000b83c   0x000000bc   Code   RO         1895    .text               c_p.l(_printf_wctomb.o)
    0x0000b8f8   0x00000070   Code   RO         1898    .text               c_p.l(_printf_longlong_dec.o)
    0x0000b968   0x00000070   Code   RO         1904    .text               c_p.l(_printf_oct_int_ll.o)
    0x0000b9d8   0x00000098   Code   RO         1924    .text               c_p.l(_printf_hex_int_ll_ptr.o)
    0x0000ba70   0x00000028   Code   RO         1948    .text               c_p.l(rtudiv10.o)
    0x0000ba98   0x00000064   Code   RO         1950    .text               fz_ps.l(fcmpin.o)
    0x0000bafc   0x0000007a   Code   RO         1982    .text               c_p.l(lludiv10.o)
    0x0000bb76   0x00000002   PAD
    0x0000bb78   0x00000414   Code   RO         1984    .text               c_p.l(_printf_fp_dec.o)
    0x0000bf8c   0x000002d0   Code   RO         1986    .text               c_p.l(_printf_fp_hex.o)
    0x0000c25c   0x0000002e   Code   RO         1991    .text               c_p.l(_printf_wchar.o)
    0x0000c28a   0x00000044   Code   RO         1993    .text               c_p.l(_wcrtomb.o)
    0x0000c2ce   0x00000002   PAD
    0x0000c2d0   0x00000030   Code   RO         1995    .text               fz_ps.l(cmpret.o)
    0x0000c300   0x00000010   Code   RO         1997    .text               fz_ps.l(fnan2.o)
    0x0000c310   0x0000003e   Code   RO         1999    .text               c_p.l(sys_stackheap_outer.o)
    0x0000c34e   0x00000002   PAD
    0x0000c350   0x00000010   Code   RO         2002    .text               c_p.l(rt_ctype_table.o)
    0x0000c360   0x00000008   Code   RO         2007    .text               c_p.l(rt_locale_intlibspace.o)
    0x0000c368   0x00000088   Code   RO         2009    .text               c_p.l(_printf_fp_infnan.o)
    0x0000c3f0   0x000000cc   Code   RO         2011    .text               c_p.l(bigflt0.o)
    0x0000c4bc   0x000004a8   Code   RO         2014    .text               c_p.l(btod.o)
    0x0000c964   0x0000000c   Code   RO         2021    .text               c_p.l(exit.o)
    0x0000c970   0x0000005e   Code   RO         2035    .text               fz_ps.l(retnan.o)
    0x0000c9ce   0x00000002   PAD
    0x0000c9d0   0x00000008   Code   RO         2039    .text               c_p.l(libspace.o)
    0x0000c9d8   0x00000088   Code   RO         2054    .text               c_p.l(strcmp.o)
    0x0000ca60   0x0000000c   Code   RO         2099    .text               c_p.l(sys_exit.o)
    0x0000ca6c   0x00000002   Code   RO         2118    .text               c_p.l(use_no_semi.o)
    0x0000ca6e   0x00000000   Code   RO         2120    .text               c_p.l(indicate_semi.o)
    0x0000ca6e   0x00000056   Code   RO         2171    .text               c_p.l(__dczerorl2.o)
    0x0000cac4   0x00000030   Code   RO         1768    i.__ARM_common_ll_mulss  AlgorithmLibFornrf51.lib(click-algorithm.o)
    0x0000caf4   0x00000030   Code   RO         2016    i.__ARM_common_ll_muluu  c_p.l(btod.o)
    0x0000cb24   0x0000001a   Code   RO          576    i.__ARM_common_switch8  bd_led_flash.o
    0x0000cb3e   0x00000002   PAD
    0x0000cb40   0x0000002c   Code   RO         2037    i.__ARM_fpclassify  m_ps.l(fpclassify.o)
    0x0000cb6c   0x0000000e   Code   RO         1822    i._is_digit         c_p.l(__printf_wp.o)
    0x0000cb7a   0x00000002   PAD
    0x0000cb7c   0x0000002c   Code   RO         2019    locale$$code        c_p.l(lc_numeric_c.o)
    0x0000cba8   0x0000002c   Code   RO         2048    locale$$code        c_p.l(lc_ctype_c.o)
    0x0000cbd4   0x0000008c   Code   RO         1857    x$fpl$fadd          fz_ps.l(faddsub.o)
    0x0000cc60   0x00000058   Code   RO         1870    x$fpl$frleqf        fz_ps.l(frlef.o)
    0x0000ccb8   0x000000d0   Code   RO         1859    x$fpl$fsub          fz_ps.l(faddsub.o)
    0x0000cd88   0x00000010   Code   RO         1952    x$fpl$printf1       fz_ps.l(printf1.o)
    0x0000cd98   0x00000010   Code   RO         1954    x$fpl$printf2       fz_ps.l(printf2.o)
    0x0000cda8   0x00000000   Code   RO         1960    x$fpl$usenofp       fz_ps.l(usenofp.o)
    0x0000cda8   0x00000028   Data   RO          278    .constdata          bd_battery.o
    0x0000cdd0   0x00000010   Data   RO          370    .constdata          bd_ble_nus.o
    0x0000cde0   0x00000072   Data   RO          557    .constdata          bd_led_flash.o
    0x0000ce52   0x00000200   Data   RO          961    .constdata          bd_crc16.o
    0x0000d052   0x00000002   PAD
    0x0000d054   0x00000030   Data   RO          993    .constdata          bd_level_drive_motor.o
    0x0000d084   0x000000f0   Data   RO         1765    .constdata          AlgorithmLibFornrf51.lib(click-algorithm.o)
    0x0000d174   0x00000011   Data   RO         1830    .constdata          c_p.l(__printf_flags_ss_wp.o)
    0x0000d185   0x00000040   Data   RO         1864    .constdata          fz_ps.l(fdiv.o)
    0x0000d1c5   0x00000003   PAD
    0x0000d1c8   0x00000008   Data   RO         1896    .constdata          c_p.l(_printf_wctomb.o)
    0x0000d1d0   0x00000028   Data   RO         1925    .constdata          c_p.l(_printf_hex_int_ll_ptr.o)
    0x0000d1f8   0x00000026   Data   RO         1987    .constdata          c_p.l(_printf_fp_hex.o)
    0x0000d21e   0x00000002   PAD
    0x0000d220   0x00000094   Data   RO         2012    .constdata          c_p.l(bigflt0.o)
    0x0000d2b4   0x00000020   Data   RO         2169    Region$$Table       anon$$obj.o
    0x0000d2d4   0x0000001c   Data   RO         2018    locale$$data        c_p.l(lc_numeric_c.o)
    0x0000d2f0   0x00000110   Data   RO         2047    locale$$data        c_p.l(lc_ctype_c.o)


    Execution Region RW_IRAM1 (Base: 0x20000000, Size: 0x00001eb8, Max: 0x00004000, ABSOLUTE, COMPRESSED[0x0000007c])

    Base Addr    Size         Type   Attr      Idx    E Section Name        Object

    0x20000000   0x00000054   Data   RW            6    .data               main.o
    0x20000054   0x0000000c   Data   RW          279    .data               bd_battery.o
    0x20000060   0x00000048   Data   RW          452    .data               bd_communicate_protocol.o
    0x200000a8   0x00000010   Data   RW          559    .data               bd_led_flash.o
    0x200000b8   0x00000002   Data   RW          595    .data               bd_private_bond.o
    0x200000ba   0x00000002   PAD
    0x200000bc   0x00000018   Data   RW          626    .data               bd_wall_clock_timer.o
    0x200000d4   0x00000001   Data   RW          707    .data               bd_lis3dh_driver.o
    0x200000d5   0x00000008   Data   RW          758    .data               bd_spi_master.o
    0x200000dd   0x00000008   Data   RW          759    .data               bd_spi_master.o
    0x200000e5   0x00000001   Data   RW          760    .data               bd_spi_master.o
    0x200000e6   0x00000001   Data   RW          761    .data               bd_spi_master.o
    0x200000e7   0x00000001   PAD
    0x200000e8   0x00000004   Data   RW          762    .data               bd_spi_master.o
    0x200000ec   0x00000004   PAD
    0x200000f0   0x00000048   Data   RW          797    .data               bd_step_counter.o
    0x20000138   0x00000004   Data   RW          798    .data               bd_step_counter.o
    0x2000013c   0x00000001   Data   RW          799    .data               bd_step_counter.o
    0x2000013d   0x00000003   PAD
    0x20000140   0x00000040   Data   RW          846    .data               bd_sync_data.o
    0x20000180   0x00000008   Data   RW          934    .data               bd_charging.o
    0x20000188   0x0000000c   Data   RW          994    .data               bd_level_drive_motor.o
    0x20000194   0x00000004   Data   RW         1018    .data               bd_factory_test.o
    0x20000198   0x00000024   Data   RW         1105    .data               bd_switch_sleep.o
    0x200001bc   0x00000010   Data   RW         1180    .data               bd_data_manager.o
    0x200001cc   0x00000008   Data   RW         1203    .data               bd_bluetooth_log.o
    0x200001d4   0x00000004   Data   RW         1240    .data               system_nrf51.o
    0x200001d8   0x0000004a   Data   RW         1341    .data               ble_dis.o
    0x20000222   0x00000002   PAD
    0x20000224   0x00000018   Data   RW         1405    .data               ble_conn_params.o
    0x2000023c   0x00000008   Data   RW         1444    .data               ble_debug_assert_handler.o
    0x20000244   0x00000010   Data   RW         1467    .data               ble_flash.o
    0x20000254   0x0000000c   Data   RW         1501    .data               ble_radio_notification.o
    0x20000260   0x00000010   Data   RW         1529    .data               ble_stack_handler.o
    0x20000270   0x0000001c   Data   RW         1563    .data               app_button.o
    0x2000028c   0x0000000c   Data   RW         1591    .data               app_gpiote.o
    0x20000298   0x00000010   Data   RW         1622    .data               app_scheduler.o
    0x200002a8   0x00000020   Data   RW         1651    .data               app_timer.o
    0x200002c8   0x00000018   Data   RW         1711    .data               ble_bondmngr.o
    0x200002e0   0x00000001   Data   RW         1740    .data               ble_error_log.o
    0x200002e1   0x00000007   PAD
    0x200002e8   0x00000028   Data   RW         1766    .data               AlgorithmLibFornrf51.lib(click-algorithm.o)
    0x20000310   0x0000002c   Data   RW         1771    .data               AlgorithmLibFornrf51.lib(health-algorithm-inner.o)
    0x2000033c   0x00000004   PAD
    0x20000340   0x00000020   Data   RW         1778    .data               AlgorithmLibFornrf51.lib(distance-calculate.o)
    0x20000360   0x00000030   Data   RW         1782    .data               AlgorithmLibFornrf51.lib(sleep-detect-algorithm.o)
    0x20000390   0x00000060   Data   RW         1786    .data               AlgorithmLibFornrf51.lib(distance-step.o)
    0x200003f0   0x00000804   Zero   RW            5    .bss                main.o
    0x20000bf4   0x00000018   Zero   RW          277    .bss                bd_battery.o
    0x20000c0c   0x0000000c   Zero   RW          369    .bss                bd_ble_nus.o
    0x20000c18   0x0000013c   Zero   RW          451    .bss                bd_communicate_protocol.o
    0x20000d54   0x00000020   Zero   RW          594    .bss                bd_private_bond.o
    0x20000d74   0x000000c0   Zero   RW          681    .bss                bd_hal_acc.o
    0x20000e34   0x00000050   Zero   RW          844    .bss                bd_sync_data.o
    0x20000e84   0x00000030   Zero   RW          845    .bss                bd_sync_data.o
    0x20000eb4   0x00000020   Zero   RW         1017    .bss                bd_factory_test.o
    0x20000ed4   0x0000005c   Zero   RW         1104    .bss                bd_switch_sleep.o
    0x20000f30   0x00000040   Zero   RW         1179    .bss                bd_data_manager.o
    0x20000f70   0x000000cd   Zero   RW         1202    .bss                bd_bluetooth_log.o
    0x2000103d   0x00000003   PAD
    0x20001040   0x0000001c   Zero   RW         1404    .bss                ble_conn_params.o
    0x2000105c   0x00000010   Zero   RW         1443    .bss                ble_debug_assert_handler.o
    0x2000106c   0x000001e4   Zero   RW         1710    .bss                ble_bondmngr.o
    0x20001250   0x00000188   Zero   RW         1739    .bss                ble_error_log.o
    0x200013d8   0x00000168   Zero   RW         1762    .bss                AlgorithmLibFornrf51.lib(click-algorithm.o)
    0x20001540   0x0000000a   Zero   RW         1774    .bss                AlgorithmLibFornrf51.lib(distance-calculate.o)
    0x2000154a   0x0000000a   Zero   RW         1775    .bss                AlgorithmLibFornrf51.lib(distance-calculate.o)
    0x20001554   0x00000014   Zero   RW         1776    .bss                AlgorithmLibFornrf51.lib(distance-calculate.o)
    0x20001568   0x000001f4   Zero   RW         1777    .bss                AlgorithmLibFornrf51.lib(distance-calculate.o)
    0x2000175c   0x00000004   PAD
    0x20001760   0x000000e0   Zero   RW         1781    .bss                AlgorithmLibFornrf51.lib(sleep-detect-algorithm.o)
    0x20001840   0x00000014   Zero   RW         1785    .bss                AlgorithmLibFornrf51.lib(distance-step.o)
    0x20001854   0x00000060   Zero   RW         2040    .bss                c_p.l(libspace.o)
    0x200018b4   0x00000004   PAD
    0x200018b8   0x00000000   Zero   RW         1231    HEAP                arm_startup_nrf51.o
    0x200018b8   0x00000600   Zero   RW         1230    STACK               arm_startup_nrf51.o


==============================================================================

Image component sizes


      Code (inc. data)   RO Data    RW Data    ZI Data      Debug   Object Name

       452         60          0         28          0       4900   app_button.o
       612         32          0         12          0      14758   app_gpiote.o
       432         64          0         16          0      13215   app_scheduler.o
      1938        102          0         32          0      22141   app_timer.o
        68         28        192          0       1536        668   arm_startup_nrf51.o
       792         82         40         12         24      39748   bd_battery.o
       568          8         16          0         12      34756   bd_ble_nus.o
       264         42          0          8        205       3115   bd_bluetooth_log.o
       328         14          0          8          0       5011   bd_charging.o
      3084        130          0         72        316      22075   bd_communicate_protocol.o
        40          4        512          0          0       1261   bd_crc16.o
       780         20          0         16         64       6226   bd_data_manager.o
      1224        128          0          4         32       9230   bd_factory_test.o
       876         32          0          0        192       3632   bd_hal_acc.o
       108          0          0          0          0       1715   bd_input_event_source.o
       348         20          0          0          0      16228   bd_interaction.o
         0          0          0          0          0       1800   bd_interrupt_notify.o
       626         64        114         16          0       7737   bd_led_flash.o
       272         22         48         12          0       2999   bd_level_drive_motor.o
      3284         80          0          1          0      12890   bd_lis3dh_driver.o
        96         16          0          0          0       6447   bd_low_power_mode.o
        58          4          0          0          0       1271   bd_nrf_delay.o
       576         38          0          2         32       4270   bd_private_bond.o
       312         24          0         22          0       4780   bd_spi_master.o
        40          0          0          0          0        561   bd_square_root.o
       224         34          0          0          0       3581   bd_stack_dump_repoter.o
      1744        104          0         77          0      11244   bd_step_counter.o
      1044         12          0         36         92       5981   bd_switch_sleep.o
      3480        142          0         64        128      13793   bd_sync_data.o
      1352         70          0         24          0       5051   bd_wall_clock_timer.o
        76         24          0          0          0        755   bd_wdt.o
      1262         12          0          0          0       7511   ble_advdata.o
       588         16          0          0          0       9387   ble_bas.o
      2900         50          0         24        484      14232   ble_bondmngr.o
       516         16          0         24         28       4874   ble_conn_params.o
      1228         40          0          8         16       4988   ble_debug_assert_handler.o
       668         60          0         74          0      12315   ble_dis.o
       260         56          0          1        392       2606   ble_error_log.o
      1122         88          0         16          0       7330   ble_flash.o
        80          4          0         12          0       5674   ble_radio_notification.o
        30          0          0          0          0       6610   ble_srv_common.o
       176         52          0         16          0       8933   ble_stack_handler.o
       188          8          0          0          0       2362   ble_tps.o
      2816        384          0         84       2052     106606   main.o
       168         30          0          4          0       1745   system_nrf51.o

    ----------------------------------------------------------------------
     37112       2216        956        744       5608     477012   Object Totals
         0          0         32          0          0          0   (incl. Generated)
        12          0          2         19          3          0   (incl. Padding)

    ----------------------------------------------------------------------

      Code (inc. data)   RO Data    RW Data    ZI Data      Debug   Library Member Name

      1256        318        240         40        360        548   click-algorithm.o
       548        212          0         32        540        224   distance-calculate.o
      1832         92          0         96         20        344   distance-step.o
      1056         80          0          0          0        136   distance-steplength.o
       244          6          0         44          0        296   health-algorithm-inner.o
      1528         48          0         48        224       1192   sleep-detect-algorithm.o
        60          6          0          0          0         92   __2snprintf.o
        86          0          0          0          0          0   __dczerorl2.o
         8          0          0          0          0         68   __main.o
       392          6         17          0          0         76   __printf_flags_ss_wp.o
        14          0          0          0          0         60   __printf_wp.o
        60          8          0          0          0          0   __scatter.o
        28          0          0          0          0          0   __scatter_zi.o
        10          0          0          0          0          0   _printf_a.o
        10          0          0          0          0          0   _printf_c.o
        46          0          0          0          0        100   _printf_char.o
        48          6          0          0          0         88   _printf_char_common.o
        40          0          0          0          0         60   _printf_charcount.o
        10          0          0          0          0          0   _printf_d.o
       108         18          0          0          0         76   _printf_dec.o
        10          0          0          0          0          0   _printf_e.o
        10          0          0          0          0          0   _printf_f.o
      1044         12          0          0          0        176   _printf_fp_dec.o
       720          8         38          0          0         84   _printf_fp_hex.o
       136         16          0          0          0         76   _printf_fp_infnan.o
        10          0          0          0          0          0   _printf_g.o
       152          4         40          0          0        148   _printf_hex_int_ll_ptr.o
        10          0          0          0          0          0   _printf_i.o
       176          0          0          0          0         84   _printf_intcommon.o
        10          0          0          0          0          0   _printf_l.o
        10          0          0          0          0          0   _printf_lc.o
        10          0          0          0          0          0   _printf_ll.o
        10          0          0          0          0          0   _printf_lld.o
        10          0          0          0          0          0   _printf_lli.o
        10          0          0          0          0          0   _printf_llo.o
        10          0          0          0          0          0   _printf_llu.o
        10          0          0          0          0          0   _printf_llx.o
       112         18          0          0          0         76   _printf_longlong_dec.o
        10          0          0          0          0          0   _printf_ls.o
        10          0          0          0          0          0   _printf_n.o
        10          0          0          0          0          0   _printf_o.o
       112         10          0          0          0        112   _printf_oct_int_ll.o
        10          0          0          0          0          0   _printf_p.o
        78          0          0          0          0        100   _printf_pad.o
         2          0          0          0          0          0   _printf_percent.o
         4          0          0          0          0          0   _printf_percent_end.o
        10          0          0          0          0          0   _printf_s.o
        82          0          0          0          0         72   _printf_str.o
        36          0          0          0          0         76   _printf_truncate.o
        10          0          0          0          0          0   _printf_u.o
        46          0          0          0          0        100   _printf_wchar.o
       188          6          8          0          0         80   _printf_wctomb.o
        10          0          0          0          0          0   _printf_x.o
        16          0          0          0          0         60   _snputc.o
        10          0          0          0          0         60   _sputc.o
        68          0          0          0          0         72   _wcrtomb.o
       346          0          0          0          0         92   aeabi_sdiv.o
       204          4        148          0          0         80   bigflt0.o
      1240         12          0          0          0        316   btod.o
        12          0          0          0          0         64   exit.o
         6          0          0          0          0        136   heapauxi.o
         0          0          0          0          0          0   indicate_semi.o
        44         10        272          0          0         76   lc_ctype_c.o
        44         10         28          0          0         76   lc_numeric_c.o
         2          0          0          0          0          0   libinit.o
        34          0          0          0          0          0   libinit2.o
         2          0          0          0          0          0   libshutdown.o
         2          0          0          0          0          0   libshutdown2.o
         8          4          0          0         96         68   libspace.o
        48          0          0          0          0         72   llmul.o
       112          0          0          0          0         72   llsdiv.o
        32          0          0          0          0         68   llshl.o
       258          0          0          0          0         88   lludiv.o
       122          0          0          0          0         72   lludiv10.o
        34          0          0          0          0         68   llushr.o
        90          0          0          0          0         68   memcmp.o
        16          4          0          0          0         76   rt_ctype_table.o
         8          4          0          0          0         68   rt_locale_intlibspace.o
        64          0          0          0          0        108   rt_memclr.o
       186          0          0          0          0        144   rt_memcpy.o
         0          0          0          0          0          0   rtentry.o
        12          0          0          0          0          0   rtentry2.o
         6          0          0          0          0          0   rtentry4.o
         2          0          0          0          0          0   rtexit.o
        10          0          0          0          0          0   rtexit2.o
        40          0          0          0          0         60   rtudiv10.o
       136          4          0          0          0         72   strcmp.o
        76          6          0          0          0         72   strcpy.o
        68          6          0          0          0         72   strlen.o
       108          4          0          0          0         76   strncpy.o
        12          4          0          0          0         60   sys_exit.o
        62          0          0          0          0         80   sys_stackheap_outer.o
         2          0          0          0          0         68   use_no_semi.o
        56          6          0          0          0         72   vsnprintf.o
        48          6          0          0          0         60   cmpret.o
       348          8          0          0          0        160   faddsub.o
       100          4          0          0          0         68   fcmpin.o
       352          8         64          0          0         88   fdiv.o
        48          0          0          0          0         60   ffixui.o
        94          0          0          0          0         92   fflti.o
        16          6          0          0          0         68   fnan2.o
        88          4          0          0          0         76   frlef.o
        16          4          0          0          0         76   printf1.o
        16          4          0          0          0         76   printf2.o
        94          0          0          0          0         68   retnan.o
         0          0          0          0          0          0   usenofp.o
        44          6          0          0          0         60   fpclassify.o

    ----------------------------------------------------------------------
     15344       1002        860        264       1248       8132   Library Totals
        20          0          5          4          8          0   (incl. Padding)

    ----------------------------------------------------------------------

      Code (inc. data)   RO Data    RW Data    ZI Data      Debug   Library Name

      6464        756        240        260       1144       2740   AlgorithmLibFornrf51.lib
      7596        196        551          0         96       4440   c_p.l
      1220         44         64          0          0        892   fz_ps.l
        44          6          0          0          0         60   m_ps.l

    ----------------------------------------------------------------------
     15344       1002        860        264       1248       8132   Library Totals

    ----------------------------------------------------------------------

==============================================================================


      Code (inc. data)   RO Data    RW Data    ZI Data      Debug   

     52456       3218       1816       1008       6856     477044   Grand Totals
     52456       3218       1816        124       6856     477044   ELF Image Totals (compressed)
     52456       3218       1816        124          0          0   ROM Totals

==============================================================================

    Total RO  Size (Code + RO Data)                54272 (  53.00kB)
    Total RW  Size (RW Data + ZI Data)              7864 (   7.68kB)
    Total ROM Size (Code + RO Data + RW Data)      54396 (  53.12kB)

==============================================================================

