<!doctype html public "-//w3c//dtd html 4.0 transitional//en">
<html><head>
<title>Static Call Graph - [.\out\WX1000\Baidu-Nordic.axf]</title></head>
<body><HR>
<H1>Static Call Graph for image .\out\WX1000\Baidu-Nordic.axf</H1><HR>
<BR><P>#&#060CALLGRAPH&#062# ARM Linker, 5.03 [Build 76]: Last Updated: Thu Jul 16 13:49:42 2015
<BR><P>
<H3>Maximum Stack Usage =        536 bytes + Unknown(Functions without stacksize, Cycles, Untraceable Function Pointers)</H3><H3>
Call chain for Maximum Stack Depth:</H3>
__rt_entry_main &rArr; main &rArr; init2 &rArr; services_init &rArr; ble_devinfo_serv_init &rArr; ble_dis_init &rArr; char_add &rArr; app_error_handler &rArr; ble_debug_assert_handler &rArr; pre_restart_info_store &rArr; save_curr_health_data &rArr; save_quarter_distance_data &rArr; save_sport_group_data &rArr; get_next_sport_write_group_address &rArr; ble_flash_page_delay_erase &rArr; ble_flash_page_erase
<P>
<H3>
Functions with no stack information
</H3><UL>
 <LI><a href="#[2c8]">__user_initial_stackheap</a>
</UL>
</UL>
<P>
<H3>
Mutually Recursive functions
</H3> <LI><a href="#[be]">led_action_stop</a>&nbsp;&nbsp;&nbsp;&rArr;&nbsp;&nbsp;&nbsp;<a href="#[b3]">update_charging_status</a><BR>
 <LI><a href="#[9e]">__asm___14_bd_nrf_delay_c_532987f3__nrf_delay_us</a>&nbsp;&nbsp;&nbsp;&rArr;&nbsp;&nbsp;&nbsp;<a href="#[9e]">__asm___14_bd_nrf_delay_c_532987f3__nrf_delay_us</a><BR>
 <LI><a href="#[a2]">assert_nrf_callback</a>&nbsp;&nbsp;&nbsp;&rArr;&nbsp;&nbsp;&nbsp;<a href="#[a0]">app_error_handler</a><BR>
 <LI><a href="#[14]">NMI_Handler</a>&nbsp;&nbsp;&nbsp;&rArr;&nbsp;&nbsp;&nbsp;<a href="#[14]">NMI_Handler</a><BR>
 <LI><a href="#[15]">HardFault_Handler</a>&nbsp;&nbsp;&nbsp;&rArr;&nbsp;&nbsp;&nbsp;<a href="#[15]">HardFault_Handler</a><BR>
 <LI><a href="#[16]">SVC_Handler</a>&nbsp;&nbsp;&nbsp;&rArr;&nbsp;&nbsp;&nbsp;<a href="#[16]">SVC_Handler</a><BR>
 <LI><a href="#[17]">PendSV_Handler</a>&nbsp;&nbsp;&nbsp;&rArr;&nbsp;&nbsp;&nbsp;<a href="#[17]">PendSV_Handler</a><BR>
 <LI><a href="#[18]">SysTick_Handler</a>&nbsp;&nbsp;&nbsp;&rArr;&nbsp;&nbsp;&nbsp;<a href="#[18]">SysTick_Handler</a><BR>
 <LI><a href="#[27]">CCM_AAR_IRQHandler</a>&nbsp;&nbsp;&nbsp;&rArr;&nbsp;&nbsp;&nbsp;<a href="#[27]">CCM_AAR_IRQHandler</a><BR>
 <LI><a href="#[9f]">__asm___11_app_timer_c_cd27f9c3__nrf_delay_us</a>&nbsp;&nbsp;&nbsp;&rArr;&nbsp;&nbsp;&nbsp;<a href="#[9f]">__asm___11_app_timer_c_cd27f9c3__nrf_delay_us</a><BR>
</UL>
<P>
<H3>
Function Pointers
</H3><UL>
 <LI><a href="#[1f]">ADC_IRQHandler</a> from bd_battery.o(.text) referenced from arm_startup_nrf51.o(RESET)
 <LI><a href="#[27]">CCM_AAR_IRQHandler</a> from arm_startup_nrf51.o(.text) referenced from arm_startup_nrf51.o(RESET)
 <LI><a href="#[26]">ECB_IRQHandler</a> from arm_startup_nrf51.o(.text) referenced from arm_startup_nrf51.o(RESET)
 <LI><a href="#[1e]">GPIOTE_IRQHandler</a> from app_gpiote.o(.text) referenced from arm_startup_nrf51.o(RESET)
 <LI><a href="#[15]">HardFault_Handler</a> from arm_startup_nrf51.o(.text) referenced from arm_startup_nrf51.o(RESET)
 <LI><a href="#[3e]">L1_receive_data</a> from bd_communicate_protocol.o(.text) referenced from main.o(.text)
 <LI><a href="#[7]">LIS3DH_INT1_event_handler</a> from bd_step_counter.o(.text) referenced 2 times from main.o(.data)
 <LI><a href="#[8]">LIS3DH_INT2_event_handler</a> from bd_step_counter.o(.text) referenced 2 times from main.o(.data)
 <LI><a href="#[2b]">LPCOMP_COMP_IRQHandler</a> from arm_startup_nrf51.o(.text) referenced from arm_startup_nrf51.o(RESET)
 <LI><a href="#[14]">NMI_Handler</a> from arm_startup_nrf51.o(.text) referenced from arm_startup_nrf51.o(RESET)
 <LI><a href="#[19]">POWER_CLOCK_IRQHandler</a> from arm_startup_nrf51.o(.text) referenced from arm_startup_nrf51.o(RESET)
 <LI><a href="#[17]">PendSV_Handler</a> from arm_startup_nrf51.o(.text) referenced from arm_startup_nrf51.o(RESET)
 <LI><a href="#[2a]">QDEC_IRQHandler</a> from arm_startup_nrf51.o(.text) referenced from arm_startup_nrf51.o(RESET)
 <LI><a href="#[1a]">RADIO_IRQHandler</a> from arm_startup_nrf51.o(.text) referenced from arm_startup_nrf51.o(RESET)
 <LI><a href="#[25]">RNG_IRQHandler</a> from arm_startup_nrf51.o(.text) referenced from arm_startup_nrf51.o(RESET)
 <LI><a href="#[23]">RTC0_IRQHandler</a> from main.o(.text) referenced from arm_startup_nrf51.o(RESET)
 <LI><a href="#[29]">RTC1_IRQHandler</a> from app_timer.o(.text) referenced from arm_startup_nrf51.o(RESET)
 <LI><a href="#[13]">Reset_Handler</a> from arm_startup_nrf51.o(.text) referenced from arm_startup_nrf51.o(RESET)
 <LI><a href="#[1c]">SPI0_TWI0_IRQHandler</a> from arm_startup_nrf51.o(.text) referenced from arm_startup_nrf51.o(RESET)
 <LI><a href="#[1d]">SPI1_TWI1_IRQHandler</a> from arm_startup_nrf51.o(.text) referenced from arm_startup_nrf51.o(RESET)
 <LI><a href="#[16]">SVC_Handler</a> from arm_startup_nrf51.o(.text) referenced from arm_startup_nrf51.o(RESET)
 <LI><a href="#[2c]">SWI0_IRQHandler</a> from app_timer.o(.text) referenced from arm_startup_nrf51.o(RESET)
 <LI><a href="#[2d]">SWI1_IRQHandler</a> from ble_radio_notification.o(.text) referenced from arm_startup_nrf51.o(RESET)
 <LI><a href="#[2e]">SWI2_IRQHandler</a> from ble_stack_handler.o(.text) referenced from arm_startup_nrf51.o(RESET)
 <LI><a href="#[2f]">SWI3_IRQHandler</a> from arm_startup_nrf51.o(.text) referenced from arm_startup_nrf51.o(RESET)
 <LI><a href="#[30]">SWI4_IRQHandler</a> from arm_startup_nrf51.o(.text) referenced from arm_startup_nrf51.o(RESET)
 <LI><a href="#[31]">SWI5_IRQHandler</a> from arm_startup_nrf51.o(.text) referenced from arm_startup_nrf51.o(RESET)
 <LI><a href="#[18]">SysTick_Handler</a> from arm_startup_nrf51.o(.text) referenced from arm_startup_nrf51.o(RESET)
 <LI><a href="#[59]">SystemInit</a> from system_nrf51.o(.text) referenced from arm_startup_nrf51.o(.text)
 <LI><a href="#[24]">TEMP_IRQHandler</a> from arm_startup_nrf51.o(.text) referenced from arm_startup_nrf51.o(RESET)
 <LI><a href="#[20]">TIMER0_IRQHandler</a> from arm_startup_nrf51.o(.text) referenced from arm_startup_nrf51.o(RESET)
 <LI><a href="#[21]">TIMER1_IRQHandler</a> from arm_startup_nrf51.o(.text) referenced from arm_startup_nrf51.o(RESET)
 <LI><a href="#[22]">TIMER2_IRQHandler</a> from arm_startup_nrf51.o(.text) referenced from arm_startup_nrf51.o(RESET)
 <LI><a href="#[1b]">UART0_IRQHandler</a> from arm_startup_nrf51.o(.text) referenced from arm_startup_nrf51.o(RESET)
 <LI><a href="#[28]">WDT_IRQHandler</a> from arm_startup_nrf51.o(.text) referenced from arm_startup_nrf51.o(RESET)
 <LI><a href="#[65]">__main</a> from __main.o(!!!main) referenced from arm_startup_nrf51.o(.text)
 <LI><a href="#[62]">_get_lc_ctype</a> from lc_ctype_c.o(locale$$code) referenced from rt_ctype_table.o(.text)
 <LI><a href="#[63]">_printf_fp_dec_real</a> from _printf_fp_dec.o(.text) referenced from printf1.o(x$fpl$printf1)
 <LI><a href="#[64]">_printf_fp_hex_real</a> from _printf_fp_hex.o(.text) referenced from printf2.o(x$fpl$printf2)
 <LI><a href="#[61]">_printf_input_char</a> from _printf_char_common.o(.text) referenced from _printf_char_common.o(.text)
 <LI><a href="#[60]">_snputc</a> from _snputc.o(.text) referenced 2 times from vsnprintf.o(.text)
 <LI><a href="#[3d]">app_timer_evt_get</a> from main.o(.text) referenced from main.o(.text)
 <LI><a href="#[32]">app_timer_evt_schedule</a> from main.o(.text) referenced from main.o(.text)
 <LI><a href="#[41]">battery_level_meas_timeout_handler</a> from bd_battery.o(.text) referenced from bd_battery.o(.text)
 <LI><a href="#[40]">battery_up</a> from main.o(.text) referenced from main.o(.text)
 <LI><a href="#[38]">ble_bondmngr_evt_handler</a> from main.o(.text) referenced from main.o(.text)
 <LI><a href="#[37]">ble_evt_dispatch</a> from main.o(.text) referenced from main.o(.text)
 <LI><a href="#[5c]">ble_flash_erase_data_page</a> from ble_flash.o(.text) referenced from ble_flash.o(.text)
 <LI><a href="#[3b]">ble_flash_on_radio_active_evt</a> from ble_flash.o(.text) referenced from main.o(.text)
 <LI><a href="#[3c]">ble_stack_evt_get</a> from main.o(.text) referenced from main.o(.text)
 <LI><a href="#[36]">ble_stack_evt_schedule</a> from main.o(.text) referenced from main.o(.text)
 <LI><a href="#[3f]">bluetooth_l0_reset</a> from bd_communicate_protocol.o(.text) referenced from main.o(.text)
 <LI><a href="#[48]">bond_fail_callback</a> from bd_private_bond.o(.text) referenced from bd_private_bond.o(.text)
 <LI><a href="#[39]">bond_manager_error_handler</a> from main.o(.text) referenced from main.o(.text)
 <LI><a href="#[4c]">click_algorithm_cb_implement</a> from bd_step_counter.o(.text) referenced from bd_step_counter.o(.text)
 <LI><a href="#[3a]">conn_params_error_handler</a> from main.o(.text) referenced from main.o(.text)
 <LI><a href="#[43]">delay_send_func</a> from bd_communicate_protocol.o(.text) referenced from bd_communicate_protocol.o(.text)
 <LI><a href="#[5f]">detection_delay_timeout_handler</a> from app_button.o(.text) referenced from app_button.o(.text)
 <LI><a href="#[11]">distance_algorithm_accelerate_data_in</a> from distance-calculate.o(.text) referenced 2 times from health-algorithm-inner.o(.data)
 <LI><a href="#[12]">distance_algorithm_error_desc</a> from distance-calculate.o(.text) referenced 2 times from health-algorithm-inner.o(.data)
 <LI><a href="#[10]">distance_algorithm_finalize</a> from distance-calculate.o(.text) referenced 2 times from health-algorithm-inner.o(.data)
 <LI><a href="#[9]">function_charger_event_handler</a> from bd_charging.o(.text) referenced 2 times from main.o(.data)
 <LI><a href="#[a]">function_chargingcomplete_event_handler</a> from bd_charging.o(.text) referenced 2 times from main.o(.data)
 <LI><a href="#[5e]">gpiote_event_handler</a> from app_button.o(.text) referenced from app_button.o(.text)
 <LI><a href="#[4a]">health_algorithm_cb_implement</a> from bd_step_counter.o(.text) referenced from bd_step_counter.o(.text)
 <LI><a href="#[f]">init_distance_algorithm</a> from distance-calculate.o(.text) referenced 2 times from health-algorithm-inner.o(.data)
 <LI><a href="#[b]">init_sleep_algorithm</a> from sleep-detect-algorithm.o(.text) referenced 2 times from health-algorithm-inner.o(.data)
 <LI><a href="#[4b]">input_event_handle_schedule</a> from bd_input_event_source.o(.text) referenced from bd_step_counter.o(.text)
 <LI><a href="#[47]">led_schedule_timer_handle</a> from bd_led_flash.o(.text) referenced from bd_led_flash.o(.text)
 <LI><a href="#[58]">log_send_callback</a> from bd_bluetooth_log.o(.text) referenced from bd_bluetooth_log.o(.text)
 <LI><a href="#[4f]">motor_schedule_timer_handle</a> from bd_level_drive_motor.o(.text) referenced from bd_level_drive_motor.o(.text)
 <LI><a href="#[35]">ota_time_out_handle</a> from bd_communicate_protocol.o(.text) referenced from main.o(.text)
 <LI><a href="#[52]">read_flag</a> from bd_factory_test.o(.text) referenced 2 times from bd_factory_test.o(.text)
 <LI><a href="#[53]">read_sn</a> from bd_factory_test.o(.text) referenced 2 times from bd_factory_test.o(.text)
 <LI><a href="#[44]">receive_time_out_handle</a> from bd_communicate_protocol.o(.text) referenced from bd_communicate_protocol.o(.text)
 <LI><a href="#[56]">request_charge</a> from bd_factory_test.o(.text) referenced 2 times from bd_factory_test.o(.text)
 <LI><a href="#[54]">request_echo</a> from bd_factory_test.o(.text) referenced from bd_factory_test.o(.text)
 <LI><a href="#[57]">request_sensor_data</a> from bd_factory_test.o(.text) referenced from bd_factory_test.o(.text)
 <LI><a href="#[42]">schedule_async_send</a> from bd_communicate_protocol.o(.text) referenced from bd_communicate_protocol.o(.text)
 <LI><a href="#[46]">schedule_crc_error_handle</a> from bd_communicate_protocol.o(.text) referenced from bd_communicate_protocol.o(.text)
 <LI><a href="#[4d]">send_all_data_callback</a> from bd_sync_data.o(.text) referenced 3 times from bd_sync_data.o(.text)
 <LI><a href="#[50]">send_callback</a> from bd_factory_test.o(.text) referenced from bd_factory_test.o(.text)
 <LI><a href="#[4e]">send_data_timeout</a> from bd_sync_data.o(.text) referenced from bd_sync_data.o(.text)
 <LI><a href="#[33]">sensor_timer_handle</a> from bd_step_counter.o(.text) referenced from main.o(.text)
 <LI><a href="#[d]">sleep_algorithm_accelerate_data_in</a> from sleep-detect-algorithm.o(.text) referenced 2 times from health-algorithm-inner.o(.data)
 <LI><a href="#[e]">sleep_detect_error_desc</a> from sleep-detect-algorithm.o(.text) referenced 2 times from health-algorithm-inner.o(.data)
 <LI><a href="#[c]">sleep_detect_finalize</a> from sleep-detect-algorithm.o(.text) referenced 2 times from health-algorithm-inner.o(.data)
 <LI><a href="#[5d]">softdevice_assertion_handler</a> from ble_stack_handler.o(.text) referenced from ble_stack_handler.o(.text)
 <LI><a href="#[55]">system_off</a> from bd_factory_test.o(.text) referenced from bd_factory_test.o(.text)
 <LI><a href="#[34]">tap_timer_handler</a> from bd_step_counter.o(.text) referenced from main.o(.text)
 <LI><a href="#[5b]">update_timeout_handler</a> from ble_conn_params.o(.text) referenced from ble_conn_params.o(.text)
 <LI><a href="#[49]">update_wall_clock</a> from bd_wall_clock_timer.o(.text) referenced from bd_wall_clock_timer.o(.text)
 <LI><a href="#[45]">user_action_timeout_handle</a> from bd_communicate_protocol.o(.text) referenced from bd_communicate_protocol.o(.text)
 <LI><a href="#[51]">write_flash_handler</a> from bd_factory_test.o(.text) referenced from bd_factory_test.o(.text)
</UL>
<P>
<H3>
Global Symbols
</H3>
<P><STRONG><a name="[65]"></a>__main</STRONG> (Thumb, 8 bytes, Stack size 0 bytes, __main.o(!!!main))
<BR><BR>[Calls]<UL><LI><a href="#[67]">&gt;&gt;</a>&nbsp;&nbsp;&nbsp;__rt_entry
<LI><a href="#[66]">&gt;&gt;</a>&nbsp;&nbsp;&nbsp;__scatterload
</UL>

<P><STRONG><a name="[66]"></a>__scatterload</STRONG> (Thumb, 0 bytes, Stack size unknown bytes, __scatter.o(!!!scatter))
<BR><BR>[Called By]<UL><LI><a href="#[65]">&gt;&gt;</a>&nbsp;&nbsp;&nbsp;__main
</UL>

<P><STRONG><a name="[68]"></a>__scatterload_rt2</STRONG> (Thumb, 52 bytes, Stack size unknown bytes, __scatter.o(!!!scatter), UNUSED)
<BR><BR>[Calls]<UL><LI><a href="#[67]">&gt;&gt;</a>&nbsp;&nbsp;&nbsp;__rt_entry
</UL>

<P><STRONG><a name="[2d6]"></a>__scatterload_rt2_thumb_only</STRONG> (Thumb, 0 bytes, Stack size unknown bytes, __scatter.o(!!!scatter), UNUSED)

<P><STRONG><a name="[2d7]"></a>__scatterload_null</STRONG> (Thumb, 0 bytes, Stack size unknown bytes, __scatter.o(!!!scatter), UNUSED)

<P><STRONG><a name="[2d8]"></a>__scatterload_zeroinit</STRONG> (Thumb, 28 bytes, Stack size unknown bytes, __scatter_zi.o(!!handler_zi), UNUSED)

<P><STRONG><a name="[2aa]"></a>_printf_percent</STRONG> (Thumb, 0 bytes, Stack size unknown bytes, _printf_percent.o(.ARM.Collect$$_printf_percent$$00000000))
<BR><BR>[Called By]<UL><LI><a href="#[2a8]">&gt;&gt;</a>&nbsp;&nbsp;&nbsp;__printf
</UL>

<P><STRONG><a name="[69]"></a>_printf_n</STRONG> (Thumb, 0 bytes, Stack size unknown bytes, _printf_n.o(.ARM.Collect$$_printf_percent$$00000001))
<BR><BR>[Stack]<UL><LI>Max Depth = 96 + Unknown Stack Size
<LI>Call Chain = _printf_n &rArr; _printf_p &rArr; _printf_f &rArr; _printf_e &rArr; _printf_g &rArr; _printf_a &rArr; _printf_ll &rArr; _printf_i &rArr; _printf_d &rArr; _printf_u &rArr; _printf_o &rArr; _printf_x &rArr; _printf_int_hex &rArr; _printf_longlong_hex &rArr; _printf_int_common &rArr; _printf_post_padding
</UL>
<BR>[Calls]<UL><LI><a href="#[6a]">&gt;&gt;</a>&nbsp;&nbsp;&nbsp;_printf_p
<LI><a href="#[6b]">&gt;&gt;</a>&nbsp;&nbsp;&nbsp;_printf_charcount
</UL>

<P><STRONG><a name="[6a]"></a>_printf_p</STRONG> (Thumb, 0 bytes, Stack size unknown bytes, _printf_p.o(.ARM.Collect$$_printf_percent$$00000002))
<BR><BR>[Stack]<UL><LI>Max Depth = 96 + Unknown Stack Size
<LI>Call Chain = _printf_p &rArr; _printf_f &rArr; _printf_e &rArr; _printf_g &rArr; _printf_a &rArr; _printf_ll &rArr; _printf_i &rArr; _printf_d &rArr; _printf_u &rArr; _printf_o &rArr; _printf_x &rArr; _printf_int_hex &rArr; _printf_longlong_hex &rArr; _printf_int_common &rArr; _printf_post_padding
</UL>
<BR>[Calls]<UL><LI><a href="#[6c]">&gt;&gt;</a>&nbsp;&nbsp;&nbsp;_printf_f
<LI><a href="#[6d]">&gt;&gt;</a>&nbsp;&nbsp;&nbsp;_printf_hex_ptr
</UL>
<BR>[Called By]<UL><LI><a href="#[69]">&gt;&gt;</a>&nbsp;&nbsp;&nbsp;_printf_n
</UL>

<P><STRONG><a name="[6c]"></a>_printf_f</STRONG> (Thumb, 0 bytes, Stack size unknown bytes, _printf_f.o(.ARM.Collect$$_printf_percent$$00000003))
<BR><BR>[Stack]<UL><LI>Max Depth = 96 + Unknown Stack Size
<LI>Call Chain = _printf_f &rArr; _printf_e &rArr; _printf_g &rArr; _printf_a &rArr; _printf_ll &rArr; _printf_i &rArr; _printf_d &rArr; _printf_u &rArr; _printf_o &rArr; _printf_x &rArr; _printf_int_hex &rArr; _printf_longlong_hex &rArr; _printf_int_common &rArr; _printf_post_padding
</UL>
<BR>[Calls]<UL><LI><a href="#[6f]">&gt;&gt;</a>&nbsp;&nbsp;&nbsp;_printf_fp_dec
<LI><a href="#[6e]">&gt;&gt;</a>&nbsp;&nbsp;&nbsp;_printf_e
</UL>
<BR>[Called By]<UL><LI><a href="#[6a]">&gt;&gt;</a>&nbsp;&nbsp;&nbsp;_printf_p
</UL>

<P><STRONG><a name="[6e]"></a>_printf_e</STRONG> (Thumb, 0 bytes, Stack size unknown bytes, _printf_e.o(.ARM.Collect$$_printf_percent$$00000004))
<BR><BR>[Stack]<UL><LI>Max Depth = 96 + Unknown Stack Size
<LI>Call Chain = _printf_e &rArr; _printf_g &rArr; _printf_a &rArr; _printf_ll &rArr; _printf_i &rArr; _printf_d &rArr; _printf_u &rArr; _printf_o &rArr; _printf_x &rArr; _printf_int_hex &rArr; _printf_longlong_hex &rArr; _printf_int_common &rArr; _printf_post_padding
</UL>
<BR>[Calls]<UL><LI><a href="#[6f]">&gt;&gt;</a>&nbsp;&nbsp;&nbsp;_printf_fp_dec
<LI><a href="#[70]">&gt;&gt;</a>&nbsp;&nbsp;&nbsp;_printf_g
</UL>
<BR>[Called By]<UL><LI><a href="#[6c]">&gt;&gt;</a>&nbsp;&nbsp;&nbsp;_printf_f
</UL>

<P><STRONG><a name="[70]"></a>_printf_g</STRONG> (Thumb, 0 bytes, Stack size unknown bytes, _printf_g.o(.ARM.Collect$$_printf_percent$$00000005))
<BR><BR>[Stack]<UL><LI>Max Depth = 96 + Unknown Stack Size
<LI>Call Chain = _printf_g &rArr; _printf_a &rArr; _printf_ll &rArr; _printf_i &rArr; _printf_d &rArr; _printf_u &rArr; _printf_o &rArr; _printf_x &rArr; _printf_int_hex &rArr; _printf_longlong_hex &rArr; _printf_int_common &rArr; _printf_post_padding
</UL>
<BR>[Calls]<UL><LI><a href="#[6f]">&gt;&gt;</a>&nbsp;&nbsp;&nbsp;_printf_fp_dec
<LI><a href="#[71]">&gt;&gt;</a>&nbsp;&nbsp;&nbsp;_printf_a
</UL>
<BR>[Called By]<UL><LI><a href="#[6e]">&gt;&gt;</a>&nbsp;&nbsp;&nbsp;_printf_e
</UL>

<P><STRONG><a name="[71]"></a>_printf_a</STRONG> (Thumb, 0 bytes, Stack size unknown bytes, _printf_a.o(.ARM.Collect$$_printf_percent$$00000006))
<BR><BR>[Stack]<UL><LI>Max Depth = 96 + Unknown Stack Size
<LI>Call Chain = _printf_a &rArr; _printf_ll &rArr; _printf_i &rArr; _printf_d &rArr; _printf_u &rArr; _printf_o &rArr; _printf_x &rArr; _printf_int_hex &rArr; _printf_longlong_hex &rArr; _printf_int_common &rArr; _printf_post_padding
</UL>
<BR>[Calls]<UL><LI><a href="#[73]">&gt;&gt;</a>&nbsp;&nbsp;&nbsp;_printf_fp_hex
<LI><a href="#[72]">&gt;&gt;</a>&nbsp;&nbsp;&nbsp;_printf_ll
</UL>
<BR>[Called By]<UL><LI><a href="#[70]">&gt;&gt;</a>&nbsp;&nbsp;&nbsp;_printf_g
</UL>

<P><STRONG><a name="[72]"></a>_printf_ll</STRONG> (Thumb, 0 bytes, Stack size unknown bytes, _printf_ll.o(.ARM.Collect$$_printf_percent$$00000007))
<BR><BR>[Stack]<UL><LI>Max Depth = 96 + Unknown Stack Size
<LI>Call Chain = _printf_ll &rArr; _printf_i &rArr; _printf_d &rArr; _printf_u &rArr; _printf_o &rArr; _printf_x &rArr; _printf_int_hex &rArr; _printf_longlong_hex &rArr; _printf_int_common &rArr; _printf_post_padding
</UL>
<BR>[Calls]<UL><LI><a href="#[74]">&gt;&gt;</a>&nbsp;&nbsp;&nbsp;_printf_i
</UL>
<BR>[Called By]<UL><LI><a href="#[71]">&gt;&gt;</a>&nbsp;&nbsp;&nbsp;_printf_a
</UL>

<P><STRONG><a name="[74]"></a>_printf_i</STRONG> (Thumb, 0 bytes, Stack size unknown bytes, _printf_i.o(.ARM.Collect$$_printf_percent$$00000008))
<BR><BR>[Stack]<UL><LI>Max Depth = 96 + Unknown Stack Size
<LI>Call Chain = _printf_i &rArr; _printf_d &rArr; _printf_u &rArr; _printf_o &rArr; _printf_x &rArr; _printf_int_hex &rArr; _printf_longlong_hex &rArr; _printf_int_common &rArr; _printf_post_padding
</UL>
<BR>[Calls]<UL><LI><a href="#[75]">&gt;&gt;</a>&nbsp;&nbsp;&nbsp;_printf_d
<LI><a href="#[76]">&gt;&gt;</a>&nbsp;&nbsp;&nbsp;_printf_int_dec
</UL>
<BR>[Called By]<UL><LI><a href="#[72]">&gt;&gt;</a>&nbsp;&nbsp;&nbsp;_printf_ll
</UL>

<P><STRONG><a name="[75]"></a>_printf_d</STRONG> (Thumb, 0 bytes, Stack size unknown bytes, _printf_d.o(.ARM.Collect$$_printf_percent$$00000009))
<BR><BR>[Stack]<UL><LI>Max Depth = 96 + Unknown Stack Size
<LI>Call Chain = _printf_d &rArr; _printf_u &rArr; _printf_o &rArr; _printf_x &rArr; _printf_int_hex &rArr; _printf_longlong_hex &rArr; _printf_int_common &rArr; _printf_post_padding
</UL>
<BR>[Calls]<UL><LI><a href="#[77]">&gt;&gt;</a>&nbsp;&nbsp;&nbsp;_printf_u
<LI><a href="#[76]">&gt;&gt;</a>&nbsp;&nbsp;&nbsp;_printf_int_dec
</UL>
<BR>[Called By]<UL><LI><a href="#[74]">&gt;&gt;</a>&nbsp;&nbsp;&nbsp;_printf_i
</UL>

<P><STRONG><a name="[77]"></a>_printf_u</STRONG> (Thumb, 0 bytes, Stack size unknown bytes, _printf_u.o(.ARM.Collect$$_printf_percent$$0000000A))
<BR><BR>[Stack]<UL><LI>Max Depth = 96 + Unknown Stack Size
<LI>Call Chain = _printf_u &rArr; _printf_o &rArr; _printf_x &rArr; _printf_int_hex &rArr; _printf_longlong_hex &rArr; _printf_int_common &rArr; _printf_post_padding
</UL>
<BR>[Calls]<UL><LI><a href="#[78]">&gt;&gt;</a>&nbsp;&nbsp;&nbsp;_printf_o
<LI><a href="#[76]">&gt;&gt;</a>&nbsp;&nbsp;&nbsp;_printf_int_dec
</UL>
<BR>[Called By]<UL><LI><a href="#[75]">&gt;&gt;</a>&nbsp;&nbsp;&nbsp;_printf_d
</UL>

<P><STRONG><a name="[78]"></a>_printf_o</STRONG> (Thumb, 0 bytes, Stack size unknown bytes, _printf_o.o(.ARM.Collect$$_printf_percent$$0000000B))
<BR><BR>[Stack]<UL><LI>Max Depth = 96 + Unknown Stack Size
<LI>Call Chain = _printf_o &rArr; _printf_x &rArr; _printf_int_hex &rArr; _printf_longlong_hex &rArr; _printf_int_common &rArr; _printf_post_padding
</UL>
<BR>[Calls]<UL><LI><a href="#[79]">&gt;&gt;</a>&nbsp;&nbsp;&nbsp;_printf_x
<LI><a href="#[7a]">&gt;&gt;</a>&nbsp;&nbsp;&nbsp;_printf_int_oct
</UL>
<BR>[Called By]<UL><LI><a href="#[77]">&gt;&gt;</a>&nbsp;&nbsp;&nbsp;_printf_u
</UL>

<P><STRONG><a name="[79]"></a>_printf_x</STRONG> (Thumb, 0 bytes, Stack size unknown bytes, _printf_x.o(.ARM.Collect$$_printf_percent$$0000000C))
<BR><BR>[Stack]<UL><LI>Max Depth = 96 + Unknown Stack Size
<LI>Call Chain = _printf_x &rArr; _printf_int_hex &rArr; _printf_longlong_hex &rArr; _printf_int_common &rArr; _printf_post_padding
</UL>
<BR>[Calls]<UL><LI><a href="#[7b]">&gt;&gt;</a>&nbsp;&nbsp;&nbsp;_printf_lli
<LI><a href="#[7c]">&gt;&gt;</a>&nbsp;&nbsp;&nbsp;_printf_int_hex
</UL>
<BR>[Called By]<UL><LI><a href="#[78]">&gt;&gt;</a>&nbsp;&nbsp;&nbsp;_printf_o
</UL>

<P><STRONG><a name="[7b]"></a>_printf_lli</STRONG> (Thumb, 0 bytes, Stack size unknown bytes, _printf_lli.o(.ARM.Collect$$_printf_percent$$0000000D))
<BR><BR>[Stack]<UL><LI>Max Depth = 88 + Unknown Stack Size
<LI>Call Chain = _printf_lli &rArr; _printf_lld &rArr; _printf_llu &rArr; _printf_llo &rArr; _printf_llx &rArr; _printf_l &rArr; _printf_c &rArr; _printf_s &rArr; _printf_lc &rArr; _printf_wchar &rArr; _printf_lcs_common &rArr; _printf_wctomb &rArr; _wcrtomb &rArr; __rt_ctype_table
</UL>
<BR>[Calls]<UL><LI><a href="#[7d]">&gt;&gt;</a>&nbsp;&nbsp;&nbsp;_printf_lld
<LI><a href="#[7e]">&gt;&gt;</a>&nbsp;&nbsp;&nbsp;_printf_longlong_dec
</UL>
<BR>[Called By]<UL><LI><a href="#[79]">&gt;&gt;</a>&nbsp;&nbsp;&nbsp;_printf_x
</UL>

<P><STRONG><a name="[7d]"></a>_printf_lld</STRONG> (Thumb, 0 bytes, Stack size unknown bytes, _printf_lld.o(.ARM.Collect$$_printf_percent$$0000000E))
<BR><BR>[Stack]<UL><LI>Max Depth = 88 + Unknown Stack Size
<LI>Call Chain = _printf_lld &rArr; _printf_llu &rArr; _printf_llo &rArr; _printf_llx &rArr; _printf_l &rArr; _printf_c &rArr; _printf_s &rArr; _printf_lc &rArr; _printf_wchar &rArr; _printf_lcs_common &rArr; _printf_wctomb &rArr; _wcrtomb &rArr; __rt_ctype_table
</UL>
<BR>[Calls]<UL><LI><a href="#[7f]">&gt;&gt;</a>&nbsp;&nbsp;&nbsp;_printf_llu
<LI><a href="#[7e]">&gt;&gt;</a>&nbsp;&nbsp;&nbsp;_printf_longlong_dec
</UL>
<BR>[Called By]<UL><LI><a href="#[7b]">&gt;&gt;</a>&nbsp;&nbsp;&nbsp;_printf_lli
</UL>

<P><STRONG><a name="[7f]"></a>_printf_llu</STRONG> (Thumb, 0 bytes, Stack size unknown bytes, _printf_llu.o(.ARM.Collect$$_printf_percent$$0000000F))
<BR><BR>[Stack]<UL><LI>Max Depth = 88 + Unknown Stack Size
<LI>Call Chain = _printf_llu &rArr; _printf_llo &rArr; _printf_llx &rArr; _printf_l &rArr; _printf_c &rArr; _printf_s &rArr; _printf_lc &rArr; _printf_wchar &rArr; _printf_lcs_common &rArr; _printf_wctomb &rArr; _wcrtomb &rArr; __rt_ctype_table
</UL>
<BR>[Calls]<UL><LI><a href="#[80]">&gt;&gt;</a>&nbsp;&nbsp;&nbsp;_printf_llo
<LI><a href="#[7e]">&gt;&gt;</a>&nbsp;&nbsp;&nbsp;_printf_longlong_dec
</UL>
<BR>[Called By]<UL><LI><a href="#[7d]">&gt;&gt;</a>&nbsp;&nbsp;&nbsp;_printf_lld
</UL>

<P><STRONG><a name="[80]"></a>_printf_llo</STRONG> (Thumb, 0 bytes, Stack size unknown bytes, _printf_llo.o(.ARM.Collect$$_printf_percent$$00000010))
<BR><BR>[Stack]<UL><LI>Max Depth = 88 + Unknown Stack Size
<LI>Call Chain = _printf_llo &rArr; _printf_llx &rArr; _printf_l &rArr; _printf_c &rArr; _printf_s &rArr; _printf_lc &rArr; _printf_wchar &rArr; _printf_lcs_common &rArr; _printf_wctomb &rArr; _wcrtomb &rArr; __rt_ctype_table
</UL>
<BR>[Calls]<UL><LI><a href="#[81]">&gt;&gt;</a>&nbsp;&nbsp;&nbsp;_printf_llx
<LI><a href="#[82]">&gt;&gt;</a>&nbsp;&nbsp;&nbsp;_printf_ll_oct
</UL>
<BR>[Called By]<UL><LI><a href="#[7f]">&gt;&gt;</a>&nbsp;&nbsp;&nbsp;_printf_llu
</UL>

<P><STRONG><a name="[81]"></a>_printf_llx</STRONG> (Thumb, 0 bytes, Stack size unknown bytes, _printf_llx.o(.ARM.Collect$$_printf_percent$$00000011))
<BR><BR>[Stack]<UL><LI>Max Depth = 88 + Unknown Stack Size
<LI>Call Chain = _printf_llx &rArr; _printf_l &rArr; _printf_c &rArr; _printf_s &rArr; _printf_lc &rArr; _printf_wchar &rArr; _printf_lcs_common &rArr; _printf_wctomb &rArr; _wcrtomb &rArr; __rt_ctype_table
</UL>
<BR>[Calls]<UL><LI><a href="#[83]">&gt;&gt;</a>&nbsp;&nbsp;&nbsp;_printf_l
<LI><a href="#[84]">&gt;&gt;</a>&nbsp;&nbsp;&nbsp;_printf_ll_hex
</UL>
<BR>[Called By]<UL><LI><a href="#[80]">&gt;&gt;</a>&nbsp;&nbsp;&nbsp;_printf_llo
</UL>

<P><STRONG><a name="[83]"></a>_printf_l</STRONG> (Thumb, 0 bytes, Stack size unknown bytes, _printf_l.o(.ARM.Collect$$_printf_percent$$00000012))
<BR><BR>[Stack]<UL><LI>Max Depth = 88 + Unknown Stack Size
<LI>Call Chain = _printf_l &rArr; _printf_c &rArr; _printf_s &rArr; _printf_lc &rArr; _printf_wchar &rArr; _printf_lcs_common &rArr; _printf_wctomb &rArr; _wcrtomb &rArr; __rt_ctype_table
</UL>
<BR>[Calls]<UL><LI><a href="#[85]">&gt;&gt;</a>&nbsp;&nbsp;&nbsp;_printf_c
</UL>
<BR>[Called By]<UL><LI><a href="#[81]">&gt;&gt;</a>&nbsp;&nbsp;&nbsp;_printf_llx
</UL>

<P><STRONG><a name="[85]"></a>_printf_c</STRONG> (Thumb, 0 bytes, Stack size unknown bytes, _printf_c.o(.ARM.Collect$$_printf_percent$$00000013))
<BR><BR>[Stack]<UL><LI>Max Depth = 88 + Unknown Stack Size
<LI>Call Chain = _printf_c &rArr; _printf_s &rArr; _printf_lc &rArr; _printf_wchar &rArr; _printf_lcs_common &rArr; _printf_wctomb &rArr; _wcrtomb &rArr; __rt_ctype_table
</UL>
<BR>[Calls]<UL><LI><a href="#[87]">&gt;&gt;</a>&nbsp;&nbsp;&nbsp;_printf_char
<LI><a href="#[86]">&gt;&gt;</a>&nbsp;&nbsp;&nbsp;_printf_s
</UL>
<BR>[Called By]<UL><LI><a href="#[83]">&gt;&gt;</a>&nbsp;&nbsp;&nbsp;_printf_l
</UL>

<P><STRONG><a name="[86]"></a>_printf_s</STRONG> (Thumb, 0 bytes, Stack size unknown bytes, _printf_s.o(.ARM.Collect$$_printf_percent$$00000014))
<BR><BR>[Stack]<UL><LI>Max Depth = 88 + Unknown Stack Size
<LI>Call Chain = _printf_s &rArr; _printf_lc &rArr; _printf_wchar &rArr; _printf_lcs_common &rArr; _printf_wctomb &rArr; _wcrtomb &rArr; __rt_ctype_table
</UL>
<BR>[Calls]<UL><LI><a href="#[88]">&gt;&gt;</a>&nbsp;&nbsp;&nbsp;_printf_lc
<LI><a href="#[89]">&gt;&gt;</a>&nbsp;&nbsp;&nbsp;_printf_string
</UL>
<BR>[Called By]<UL><LI><a href="#[85]">&gt;&gt;</a>&nbsp;&nbsp;&nbsp;_printf_c
</UL>

<P><STRONG><a name="[88]"></a>_printf_lc</STRONG> (Thumb, 0 bytes, Stack size unknown bytes, _printf_lc.o(.ARM.Collect$$_printf_percent$$00000015))
<BR><BR>[Stack]<UL><LI>Max Depth = 88 + Unknown Stack Size
<LI>Call Chain = _printf_lc &rArr; _printf_wchar &rArr; _printf_lcs_common &rArr; _printf_wctomb &rArr; _wcrtomb &rArr; __rt_ctype_table
</UL>
<BR>[Calls]<UL><LI><a href="#[8b]">&gt;&gt;</a>&nbsp;&nbsp;&nbsp;_printf_wchar
<LI><a href="#[8a]">&gt;&gt;</a>&nbsp;&nbsp;&nbsp;_printf_ls
</UL>
<BR>[Called By]<UL><LI><a href="#[86]">&gt;&gt;</a>&nbsp;&nbsp;&nbsp;_printf_s
</UL>

<P><STRONG><a name="[8a]"></a>_printf_ls</STRONG> (Thumb, 0 bytes, Stack size unknown bytes, _printf_ls.o(.ARM.Collect$$_printf_percent$$00000016))
<BR><BR>[Stack]<UL><LI>Max Depth = 88 + Unknown Stack Size
<LI>Call Chain = _printf_ls &rArr; _printf_wstring &rArr; _printf_lcs_common &rArr; _printf_wctomb &rArr; _wcrtomb &rArr; __rt_ctype_table
</UL>
<BR>[Calls]<UL><LI><a href="#[8d]">&gt;&gt;</a>&nbsp;&nbsp;&nbsp;_printf_wstring
<LI><a href="#[8c]">&gt;&gt;</a>&nbsp;&nbsp;&nbsp;_printf_percent_end
</UL>
<BR>[Called By]<UL><LI><a href="#[88]">&gt;&gt;</a>&nbsp;&nbsp;&nbsp;_printf_lc
</UL>

<P><STRONG><a name="[8c]"></a>_printf_percent_end</STRONG> (Thumb, 0 bytes, Stack size unknown bytes, _printf_percent_end.o(.ARM.Collect$$_printf_percent$$00000017))
<BR><BR>[Called By]<UL><LI><a href="#[8a]">&gt;&gt;</a>&nbsp;&nbsp;&nbsp;_printf_ls
</UL>

<P><STRONG><a name="[96]"></a>__rt_lib_init</STRONG> (Thumb, 0 bytes, Stack size unknown bytes, libinit.o(.ARM.Collect$$libinit$$00000000))
<BR><BR>[Called By]<UL><LI><a href="#[95]">&gt;&gt;</a>&nbsp;&nbsp;&nbsp;__rt_entry_li
</UL>

<P><STRONG><a name="[2d9]"></a>__rt_lib_init_fp_1</STRONG> (Thumb, 0 bytes, Stack size unknown bytes, libinit2.o(.ARM.Collect$$libinit$$00000001))

<P><STRONG><a name="[2da]"></a>__rt_lib_init_heap_1</STRONG> (Thumb, 0 bytes, Stack size unknown bytes, libinit2.o(.ARM.Collect$$libinit$$00000008))

<P><STRONG><a name="[8e]"></a>__rt_lib_init_lc_common</STRONG> (Thumb, 0 bytes, Stack size unknown bytes, libinit2.o(.ARM.Collect$$libinit$$0000000D))
<BR><BR>[Calls]<UL><LI><a href="#[8f]">&gt;&gt;</a>&nbsp;&nbsp;&nbsp;__rt_locale
</UL>

<P><STRONG><a name="[2db]"></a>__rt_lib_init_rand_1</STRONG> (Thumb, 0 bytes, Stack size unknown bytes, libinit2.o(.ARM.Collect$$libinit$$0000000C))

<P><STRONG><a name="[2dc]"></a>__rt_lib_init_user_alloc_1</STRONG> (Thumb, 0 bytes, Stack size unknown bytes, libinit2.o(.ARM.Collect$$libinit$$0000000A))

<P><STRONG><a name="[2dd]"></a>__rt_lib_init_lc_collate_1</STRONG> (Thumb, 0 bytes, Stack size unknown bytes, libinit2.o(.ARM.Collect$$libinit$$0000000F))

<P><STRONG><a name="[90]"></a>__rt_lib_init_lc_ctype_2</STRONG> (Thumb, 0 bytes, Stack size unknown bytes, libinit2.o(.ARM.Collect$$libinit$$00000010))
<BR><BR>[Stack]<UL><LI>Max Depth = 24 + Unknown Stack Size
<LI>Call Chain = __rt_lib_init_lc_ctype_2 &rArr; _get_lc_ctype &rArr; strcmp
</UL>
<BR>[Calls]<UL><LI><a href="#[62]">&gt;&gt;</a>&nbsp;&nbsp;&nbsp;_get_lc_ctype
</UL>

<P><STRONG><a name="[2de]"></a>__rt_lib_init_lc_ctype_1</STRONG> (Thumb, 0 bytes, Stack size unknown bytes, libinit2.o(.ARM.Collect$$libinit$$00000011))

<P><STRONG><a name="[2df]"></a>__rt_lib_init_lc_monetary_1</STRONG> (Thumb, 0 bytes, Stack size unknown bytes, libinit2.o(.ARM.Collect$$libinit$$00000013))

<P><STRONG><a name="[91]"></a>__rt_lib_init_lc_numeric_2</STRONG> (Thumb, 0 bytes, Stack size unknown bytes, libinit2.o(.ARM.Collect$$libinit$$00000014))
<BR><BR>[Stack]<UL><LI>Max Depth = 24 + Unknown Stack Size
<LI>Call Chain = __rt_lib_init_lc_numeric_2 &rArr; _get_lc_numeric &rArr; strcmp
</UL>
<BR>[Calls]<UL><LI><a href="#[92]">&gt;&gt;</a>&nbsp;&nbsp;&nbsp;_get_lc_numeric
</UL>

<P><STRONG><a name="[2e0]"></a>__rt_lib_init_alloca_1</STRONG> (Thumb, 0 bytes, Stack size unknown bytes, libinit2.o(.ARM.Collect$$libinit$$0000002C))

<P><STRONG><a name="[2e1]"></a>__rt_lib_init_argv_1</STRONG> (Thumb, 0 bytes, Stack size unknown bytes, libinit2.o(.ARM.Collect$$libinit$$0000002A))

<P><STRONG><a name="[2e2]"></a>__rt_lib_init_atexit_1</STRONG> (Thumb, 0 bytes, Stack size unknown bytes, libinit2.o(.ARM.Collect$$libinit$$00000019))

<P><STRONG><a name="[2e3]"></a>__rt_lib_init_clock_1</STRONG> (Thumb, 0 bytes, Stack size unknown bytes, libinit2.o(.ARM.Collect$$libinit$$0000001F))

<P><STRONG><a name="[2e4]"></a>__rt_lib_init_cpp_1</STRONG> (Thumb, 0 bytes, Stack size unknown bytes, libinit2.o(.ARM.Collect$$libinit$$00000030))

<P><STRONG><a name="[2e5]"></a>__rt_lib_init_exceptions_1</STRONG> (Thumb, 0 bytes, Stack size unknown bytes, libinit2.o(.ARM.Collect$$libinit$$0000002E))

<P><STRONG><a name="[2e6]"></a>__rt_lib_init_fp_trap_1</STRONG> (Thumb, 0 bytes, Stack size unknown bytes, libinit2.o(.ARM.Collect$$libinit$$0000001D))

<P><STRONG><a name="[2e7]"></a>__rt_lib_init_getenv_1</STRONG> (Thumb, 0 bytes, Stack size unknown bytes, libinit2.o(.ARM.Collect$$libinit$$00000021))

<P><STRONG><a name="[2e8]"></a>__rt_lib_init_lc_numeric_1</STRONG> (Thumb, 0 bytes, Stack size unknown bytes, libinit2.o(.ARM.Collect$$libinit$$00000015))

<P><STRONG><a name="[2e9]"></a>__rt_lib_init_lc_time_1</STRONG> (Thumb, 0 bytes, Stack size unknown bytes, libinit2.o(.ARM.Collect$$libinit$$00000017))

<P><STRONG><a name="[2ea]"></a>__rt_lib_init_return</STRONG> (Thumb, 0 bytes, Stack size unknown bytes, libinit2.o(.ARM.Collect$$libinit$$00000031))

<P><STRONG><a name="[2eb]"></a>__rt_lib_init_signal_1</STRONG> (Thumb, 0 bytes, Stack size unknown bytes, libinit2.o(.ARM.Collect$$libinit$$0000001B))

<P><STRONG><a name="[2ec]"></a>__rt_lib_init_stdio_1</STRONG> (Thumb, 0 bytes, Stack size unknown bytes, libinit2.o(.ARM.Collect$$libinit$$00000023))

<P><STRONG><a name="[9b]"></a>__rt_lib_shutdown</STRONG> (Thumb, 0 bytes, Stack size unknown bytes, libshutdown.o(.ARM.Collect$$libshutdown$$00000000))
<BR><BR>[Called By]<UL><LI><a href="#[9a]">&gt;&gt;</a>&nbsp;&nbsp;&nbsp;__rt_exit_ls
</UL>

<P><STRONG><a name="[2ed]"></a>__rt_lib_shutdown_fp_trap_1</STRONG> (Thumb, 0 bytes, Stack size unknown bytes, libshutdown2.o(.ARM.Collect$$libshutdown$$00000006))

<P><STRONG><a name="[2ee]"></a>__rt_lib_shutdown_heap_1</STRONG> (Thumb, 0 bytes, Stack size unknown bytes, libshutdown2.o(.ARM.Collect$$libshutdown$$0000000E))

<P><STRONG><a name="[2ef]"></a>__rt_lib_shutdown_return</STRONG> (Thumb, 0 bytes, Stack size unknown bytes, libshutdown2.o(.ARM.Collect$$libshutdown$$0000000F))

<P><STRONG><a name="[2f0]"></a>__rt_lib_shutdown_signal_1</STRONG> (Thumb, 0 bytes, Stack size unknown bytes, libshutdown2.o(.ARM.Collect$$libshutdown$$00000009))

<P><STRONG><a name="[2f1]"></a>__rt_lib_shutdown_stdio_1</STRONG> (Thumb, 0 bytes, Stack size unknown bytes, libshutdown2.o(.ARM.Collect$$libshutdown$$00000003))

<P><STRONG><a name="[2f2]"></a>__rt_lib_shutdown_user_alloc_1</STRONG> (Thumb, 0 bytes, Stack size unknown bytes, libshutdown2.o(.ARM.Collect$$libshutdown$$0000000B))

<P><STRONG><a name="[67]"></a>__rt_entry</STRONG> (Thumb, 0 bytes, Stack size unknown bytes, rtentry.o(.ARM.Collect$$rtentry$$00000000))
<BR><BR>[Called By]<UL><LI><a href="#[65]">&gt;&gt;</a>&nbsp;&nbsp;&nbsp;__main
<LI><a href="#[68]">&gt;&gt;</a>&nbsp;&nbsp;&nbsp;__scatterload_rt2
</UL>

<P><STRONG><a name="[2f3]"></a>__rt_entry_presh_1</STRONG> (Thumb, 0 bytes, Stack size unknown bytes, rtentry2.o(.ARM.Collect$$rtentry$$00000002))

<P><STRONG><a name="[93]"></a>__rt_entry_sh</STRONG> (Thumb, 0 bytes, Stack size unknown bytes, rtentry4.o(.ARM.Collect$$rtentry$$00000004))
<BR><BR>[Stack]<UL><LI>Max Depth = 8 + Unknown Stack Size
<LI>Call Chain = __rt_entry_sh &rArr; __user_setup_stackheap
</UL>
<BR>[Calls]<UL><LI><a href="#[94]">&gt;&gt;</a>&nbsp;&nbsp;&nbsp;__user_setup_stackheap
</UL>

<P><STRONG><a name="[95]"></a>__rt_entry_li</STRONG> (Thumb, 0 bytes, Stack size unknown bytes, rtentry2.o(.ARM.Collect$$rtentry$$0000000A))
<BR><BR>[Calls]<UL><LI><a href="#[96]">&gt;&gt;</a>&nbsp;&nbsp;&nbsp;__rt_lib_init
</UL>

<P><STRONG><a name="[2f4]"></a>__rt_entry_postsh_1</STRONG> (Thumb, 0 bytes, Stack size unknown bytes, rtentry2.o(.ARM.Collect$$rtentry$$00000009))

<P><STRONG><a name="[97]"></a>__rt_entry_main</STRONG> (Thumb, 0 bytes, Stack size unknown bytes, rtentry2.o(.ARM.Collect$$rtentry$$0000000D))
<BR><BR>[Stack]<UL><LI>Max Depth = 536 + Unknown Stack Size
<LI>Call Chain = __rt_entry_main &rArr; main &rArr; init2 &rArr; services_init &rArr; ble_devinfo_serv_init &rArr; ble_dis_init &rArr; char_add &rArr; app_error_handler &rArr; ble_debug_assert_handler &rArr; pre_restart_info_store &rArr; save_curr_health_data &rArr; save_quarter_distance_data &rArr; save_sport_group_data &rArr; get_next_sport_write_group_address &rArr; ble_flash_page_delay_erase &rArr; ble_flash_page_erase
</UL>
<BR>[Calls]<UL><LI><a href="#[98]">&gt;&gt;</a>&nbsp;&nbsp;&nbsp;main
<LI><a href="#[99]">&gt;&gt;</a>&nbsp;&nbsp;&nbsp;exit
</UL>

<P><STRONG><a name="[2f5]"></a>__rt_entry_postli_1</STRONG> (Thumb, 0 bytes, Stack size unknown bytes, rtentry2.o(.ARM.Collect$$rtentry$$0000000C))

<P><STRONG><a name="[2cf]"></a>__rt_exit</STRONG> (Thumb, 0 bytes, Stack size unknown bytes, rtexit.o(.ARM.Collect$$rtexit$$00000000))
<BR><BR>[Called By]<UL><LI><a href="#[99]">&gt;&gt;</a>&nbsp;&nbsp;&nbsp;exit
</UL>

<P><STRONG><a name="[9a]"></a>__rt_exit_ls</STRONG> (Thumb, 0 bytes, Stack size unknown bytes, rtexit2.o(.ARM.Collect$$rtexit$$00000003))
<BR><BR>[Calls]<UL><LI><a href="#[9b]">&gt;&gt;</a>&nbsp;&nbsp;&nbsp;__rt_lib_shutdown
</UL>

<P><STRONG><a name="[2f6]"></a>__rt_exit_prels_1</STRONG> (Thumb, 0 bytes, Stack size unknown bytes, rtexit2.o(.ARM.Collect$$rtexit$$00000002))

<P><STRONG><a name="[9c]"></a>__rt_exit_exit</STRONG> (Thumb, 0 bytes, Stack size unknown bytes, rtexit2.o(.ARM.Collect$$rtexit$$00000004))
<BR><BR>[Calls]<UL><LI><a href="#[9d]">&gt;&gt;</a>&nbsp;&nbsp;&nbsp;_sys_exit
</UL>

<P><STRONG><a name="[9e]"></a>__asm___14_bd_nrf_delay_c_532987f3__nrf_delay_us</STRONG> (Thumb, 30 bytes, Stack size 0 bytes, bd_nrf_delay.o(.emb_text))
<BR><BR>[Calls]<UL><LI><a href="#[9e]">&gt;&gt;</a>&nbsp;&nbsp;&nbsp;__asm___14_bd_nrf_delay_c_532987f3__nrf_delay_us
</UL>
<BR>[Called By]<UL><LI><a href="#[d6]">&gt;&gt;</a>&nbsp;&nbsp;&nbsp;nrf_delay_ms
<LI><a href="#[9e]">&gt;&gt;</a>&nbsp;&nbsp;&nbsp;__asm___14_bd_nrf_delay_c_532987f3__nrf_delay_us
</UL>

<P><STRONG><a name="[9f]"></a>__asm___11_app_timer_c_cd27f9c3__nrf_delay_us</STRONG> (Thumb, 30 bytes, Stack size 0 bytes, app_timer.o(.emb_text))
<BR><BR>[Calls]<UL><LI><a href="#[9f]">&gt;&gt;</a>&nbsp;&nbsp;&nbsp;__asm___11_app_timer_c_cd27f9c3__nrf_delay_us
</UL>
<BR>[Called By]<UL><LI><a href="#[9f]">&gt;&gt;</a>&nbsp;&nbsp;&nbsp;__asm___11_app_timer_c_cd27f9c3__nrf_delay_us
<LI><a href="#[248]">&gt;&gt;</a>&nbsp;&nbsp;&nbsp;compare_reg_update
<LI><a href="#[249]">&gt;&gt;</a>&nbsp;&nbsp;&nbsp;rtc1_stop
</UL>

<P><STRONG><a name="[167]"></a>__aeabi_memcpy4</STRONG> (Thumb, 56 bytes, Stack size 0 bytes, rt_memcpy.o(.emb_text))
<BR><BR>[Called By]<UL><LI><a href="#[f5]">&gt;&gt;</a>&nbsp;&nbsp;&nbsp;restore_backup_info_from_flash
<LI><a href="#[f8]">&gt;&gt;</a>&nbsp;&nbsp;&nbsp;load_alarm
<LI><a href="#[ed]">&gt;&gt;</a>&nbsp;&nbsp;&nbsp;bond_read_user_id
<LI><a href="#[e7]">&gt;&gt;</a>&nbsp;&nbsp;&nbsp;ble_conn_params_init
<LI><a href="#[25c]">&gt;&gt;</a>&nbsp;&nbsp;&nbsp;master_update
<LI><a href="#[256]">&gt;&gt;</a>&nbsp;&nbsp;&nbsp;sys_attr_load_from_flash
<LI><a href="#[255]">&gt;&gt;</a>&nbsp;&nbsp;&nbsp;bonding_info_load_from_flash
<LI><a href="#[258]">&gt;&gt;</a>&nbsp;&nbsp;&nbsp;auth_status_update
<LI><a href="#[257]">&gt;&gt;</a>&nbsp;&nbsp;&nbsp;on_connect
<LI><a href="#[254]">&gt;&gt;</a>&nbsp;&nbsp;&nbsp;load_all_from_flash
<LI><a href="#[253]">&gt;&gt;</a>&nbsp;&nbsp;&nbsp;master_find_in_db
<LI><a href="#[251]">&gt;&gt;</a>&nbsp;&nbsp;&nbsp;on_auth_status_from_new_master
<LI><a href="#[233]">&gt;&gt;</a>&nbsp;&nbsp;&nbsp;ble_error_log_write
<LI><a href="#[209]">&gt;&gt;</a>&nbsp;&nbsp;&nbsp;save_alarms_into_flash
<LI><a href="#[205]">&gt;&gt;</a>&nbsp;&nbsp;&nbsp;ble_flash_page_read
<LI><a href="#[155]">&gt;&gt;</a>&nbsp;&nbsp;&nbsp;__aeabi_memcpy
<LI><a href="#[260]">&gt;&gt;</a>&nbsp;&nbsp;&nbsp;ble_bondmngr_bonded_master_delete
<LI><a href="#[25d]">&gt;&gt;</a>&nbsp;&nbsp;&nbsp;ble_bondmngr_sys_attr_store
</UL>

<P><STRONG><a name="[2f7]"></a>__aeabi_memcpy8</STRONG> (Thumb, 0 bytes, Stack size 0 bytes, rt_memcpy.o(.emb_text), UNUSED)

<P><STRONG><a name="[a0]"></a>app_error_handler</STRONG> (Thumb, 26 bytes, Stack size 0 bytes, main.o(.text))
<BR><BR>[Stack]<UL><LI>Max Depth = 256<LI>Call Chain = app_error_handler &rArr; ble_debug_assert_handler &rArr; pre_restart_info_store &rArr; save_curr_health_data &rArr; save_quarter_distance_data &rArr; save_sport_group_data &rArr; get_next_sport_write_group_address &rArr; ble_flash_page_delay_erase &rArr; ble_flash_page_erase
</UL>
<BR>[Calls]<UL><LI><a href="#[a1]">&gt;&gt;</a>&nbsp;&nbsp;&nbsp;ble_debug_assert_handler
</UL>
<BR>[Called By]<UL><LI><a href="#[14e]">&gt;&gt;</a>&nbsp;&nbsp;&nbsp;do_test
<LI><a href="#[11c]">&gt;&gt;</a>&nbsp;&nbsp;&nbsp;battery_measure_timer_stop
<LI><a href="#[11b]">&gt;&gt;</a>&nbsp;&nbsp;&nbsp;battery_measure_timer_start
<LI><a href="#[1f]">&gt;&gt;</a>&nbsp;&nbsp;&nbsp;ADC_IRQHandler
<LI><a href="#[e3]">&gt;&gt;</a>&nbsp;&nbsp;&nbsp;system_clock_init
<LI><a href="#[101]">&gt;&gt;</a>&nbsp;&nbsp;&nbsp;sensor_timers_start
<LI><a href="#[10a]">&gt;&gt;</a>&nbsp;&nbsp;&nbsp;intern_ble_stack_events_execute
<LI><a href="#[b0]">&gt;&gt;</a>&nbsp;&nbsp;&nbsp;create_send_data_timer
<LI><a href="#[ec]">&gt;&gt;</a>&nbsp;&nbsp;&nbsp;bluetooth_l0_init
<LI><a href="#[de]">&gt;&gt;</a>&nbsp;&nbsp;&nbsp;battery_measure_init
<LI><a href="#[106]">&gt;&gt;</a>&nbsp;&nbsp;&nbsp;app_sched_event_put
<LI><a href="#[98]">&gt;&gt;</a>&nbsp;&nbsp;&nbsp;main
<LI><a href="#[e0]">&gt;&gt;</a>&nbsp;&nbsp;&nbsp;init2
<LI><a href="#[d8]">&gt;&gt;</a>&nbsp;&nbsp;&nbsp;init1
<LI><a href="#[d1]">&gt;&gt;</a>&nbsp;&nbsp;&nbsp;ble_stack_init
<LI><a href="#[40]">&gt;&gt;</a>&nbsp;&nbsp;&nbsp;battery_up
<LI><a href="#[ab]">&gt;&gt;</a>&nbsp;&nbsp;&nbsp;timer_init
<LI><a href="#[a2]">&gt;&gt;</a>&nbsp;&nbsp;&nbsp;assert_nrf_callback
<LI><a href="#[108]">&gt;&gt;</a>&nbsp;&nbsp;&nbsp;bas_init
<LI><a href="#[3d]">&gt;&gt;</a>&nbsp;&nbsp;&nbsp;app_timer_evt_get
<LI><a href="#[3c]">&gt;&gt;</a>&nbsp;&nbsp;&nbsp;ble_stack_evt_get
<LI><a href="#[e6]">&gt;&gt;</a>&nbsp;&nbsp;&nbsp;services_init
<LI><a href="#[e5]">&gt;&gt;</a>&nbsp;&nbsp;&nbsp;gap_params_init
<LI><a href="#[39]">&gt;&gt;</a>&nbsp;&nbsp;&nbsp;bond_manager_error_handler
<LI><a href="#[ba]">&gt;&gt;</a>&nbsp;&nbsp;&nbsp;on_ble_evt
<LI><a href="#[3a]">&gt;&gt;</a>&nbsp;&nbsp;&nbsp;conn_params_error_handler
<LI><a href="#[b5]">&gt;&gt;</a>&nbsp;&nbsp;&nbsp;ble_devinfo_serv_init
<LI><a href="#[ad]">&gt;&gt;</a>&nbsp;&nbsp;&nbsp;timers_create
<LI><a href="#[a8]">&gt;&gt;</a>&nbsp;&nbsp;&nbsp;advertising_start
<LI><a href="#[a3]">&gt;&gt;</a>&nbsp;&nbsp;&nbsp;advertising_init
<LI><a href="#[56]">&gt;&gt;</a>&nbsp;&nbsp;&nbsp;request_charge
<LI><a href="#[1fc]">&gt;&gt;</a>&nbsp;&nbsp;&nbsp;exit_test_mode
<LI><a href="#[54]">&gt;&gt;</a>&nbsp;&nbsp;&nbsp;request_echo
<LI><a href="#[53]">&gt;&gt;</a>&nbsp;&nbsp;&nbsp;read_sn
<LI><a href="#[1fb]">&gt;&gt;</a>&nbsp;&nbsp;&nbsp;write_sn
<LI><a href="#[52]">&gt;&gt;</a>&nbsp;&nbsp;&nbsp;read_flag
<LI><a href="#[1f9]">&gt;&gt;</a>&nbsp;&nbsp;&nbsp;write_test_flag
<LI><a href="#[1d6]">&gt;&gt;</a>&nbsp;&nbsp;&nbsp;start_send_data_timer
<LI><a href="#[1b2]">&gt;&gt;</a>&nbsp;&nbsp;&nbsp;sensor_timers_stop
<LI><a href="#[241]">&gt;&gt;</a>&nbsp;&nbsp;&nbsp;timer_timeouts_check
<LI><a href="#[5f]">&gt;&gt;</a>&nbsp;&nbsp;&nbsp;detection_delay_timeout_handler
<LI><a href="#[2e]">&gt;&gt;</a>&nbsp;&nbsp;&nbsp;SWI2_IRQHandler
<LI><a href="#[219]">&gt;&gt;</a>&nbsp;&nbsp;&nbsp;char_add
<LI><a href="#[218]">&gt;&gt;</a>&nbsp;&nbsp;&nbsp;pnp_id_encode
<LI><a href="#[217]">&gt;&gt;</a>&nbsp;&nbsp;&nbsp;sys_id_encode
<LI><a href="#[263]">&gt;&gt;</a>&nbsp;&nbsp;&nbsp;ble_error_log_init
</UL>

<P><STRONG><a name="[a2]"></a>assert_nrf_callback</STRONG> (Thumb, 10 bytes, Stack size 0 bytes, main.o(.text))
<BR><BR>[Calls]<UL><LI><a href="#[a0]">&gt;&gt;</a>&nbsp;&nbsp;&nbsp;app_error_handler
</UL>
<BR>[Called By]<UL><LI><a href="#[12c]">&gt;&gt;</a>&nbsp;&nbsp;&nbsp;send_all_data
<LI><a href="#[127]">&gt;&gt;</a>&nbsp;&nbsp;&nbsp;hal_acc_reset
<LI><a href="#[42]">&gt;&gt;</a>&nbsp;&nbsp;&nbsp;schedule_async_send
<LI><a href="#[120]">&gt;&gt;</a>&nbsp;&nbsp;&nbsp;async_send
<LI><a href="#[100]">&gt;&gt;</a>&nbsp;&nbsp;&nbsp;start_click_algorithm
<LI><a href="#[33]">&gt;&gt;</a>&nbsp;&nbsp;&nbsp;sensor_timer_handle
<LI><a href="#[d5]">&gt;&gt;</a>&nbsp;&nbsp;&nbsp;ble_flash_page_erase
<LI><a href="#[1bc]">&gt;&gt;</a>&nbsp;&nbsp;&nbsp;start_health_algorithm
<LI><a href="#[1b6]">&gt;&gt;</a>&nbsp;&nbsp;&nbsp;handle_sleep_event
<LI><a href="#[1b3]">&gt;&gt;</a>&nbsp;&nbsp;&nbsp;handle_distance_event
<LI><a href="#[1b1]">&gt;&gt;</a>&nbsp;&nbsp;&nbsp;LIS3DH_enableFiFo
<LI><a href="#[178]">&gt;&gt;</a>&nbsp;&nbsp;&nbsp;LIS3DH_WriteReg
<LI><a href="#[177]">&gt;&gt;</a>&nbsp;&nbsp;&nbsp;LIS3DH_ReadReg
<LI><a href="#[195]">&gt;&gt;</a>&nbsp;&nbsp;&nbsp;LIS3DH_GetAccAxesRaw
<LI><a href="#[174]">&gt;&gt;</a>&nbsp;&nbsp;&nbsp;LIS3DH_Init
<LI><a href="#[5d]">&gt;&gt;</a>&nbsp;&nbsp;&nbsp;softdevice_assertion_handler
<LI><a href="#[204]">&gt;&gt;</a>&nbsp;&nbsp;&nbsp;bd_flash_write_erased_page
</UL>

<P><STRONG><a name="[ab]"></a>timer_init</STRONG> (Thumb, 34 bytes, Stack size 8 bytes, main.o(.text))
<BR><BR>[Stack]<UL><LI>Max Depth = 264<LI>Call Chain = timer_init &rArr; app_error_handler &rArr; ble_debug_assert_handler &rArr; pre_restart_info_store &rArr; save_curr_health_data &rArr; save_quarter_distance_data &rArr; save_sport_group_data &rArr; get_next_sport_write_group_address &rArr; ble_flash_page_delay_erase &rArr; ble_flash_page_erase
</UL>
<BR>[Calls]<UL><LI><a href="#[ac]">&gt;&gt;</a>&nbsp;&nbsp;&nbsp;app_timer_init
<LI><a href="#[a0]">&gt;&gt;</a>&nbsp;&nbsp;&nbsp;app_error_handler
</UL>
<BR>[Called By]<UL><LI><a href="#[d8]">&gt;&gt;</a>&nbsp;&nbsp;&nbsp;init1
</UL>

<P><STRONG><a name="[40]"></a>battery_up</STRONG> (Thumb, 90 bytes, Stack size 16 bytes, main.o(.text))
<BR><BR>[Stack]<UL><LI>Max Depth = 272<LI>Call Chain = battery_up &rArr; app_error_handler &rArr; ble_debug_assert_handler &rArr; pre_restart_info_store &rArr; save_curr_health_data &rArr; save_quarter_distance_data &rArr; save_sport_group_data &rArr; get_next_sport_write_group_address &rArr; ble_flash_page_delay_erase &rArr; ble_flash_page_erase
</UL>
<BR>[Calls]<UL><LI><a href="#[b3]">&gt;&gt;</a>&nbsp;&nbsp;&nbsp;update_charging_status
<LI><a href="#[b4]">&gt;&gt;</a>&nbsp;&nbsp;&nbsp;charger_status
<LI><a href="#[b2]">&gt;&gt;</a>&nbsp;&nbsp;&nbsp;ble_bas_battery_level_update
<LI><a href="#[a0]">&gt;&gt;</a>&nbsp;&nbsp;&nbsp;app_error_handler
</UL>
<BR>[Address Reference Count : 1]<UL><LI> main.o(.text)
</UL>
<P><STRONG><a name="[d1]"></a>ble_stack_init</STRONG> (Thumb, 34 bytes, Stack size 8 bytes, main.o(.text))
<BR><BR>[Stack]<UL><LI>Max Depth = 264<LI>Call Chain = ble_stack_init &rArr; app_error_handler &rArr; ble_debug_assert_handler &rArr; pre_restart_info_store &rArr; save_curr_health_data &rArr; save_quarter_distance_data &rArr; save_sport_group_data &rArr; get_next_sport_write_group_address &rArr; ble_flash_page_delay_erase &rArr; ble_flash_page_erase
</UL>
<BR>[Calls]<UL><LI><a href="#[d2]">&gt;&gt;</a>&nbsp;&nbsp;&nbsp;ble_stack_handler_init
<LI><a href="#[a0]">&gt;&gt;</a>&nbsp;&nbsp;&nbsp;app_error_handler
</UL>
<BR>[Called By]<UL><LI><a href="#[e0]">&gt;&gt;</a>&nbsp;&nbsp;&nbsp;init2
</UL>

<P><STRONG><a name="[38]"></a>ble_bondmngr_evt_handler</STRONG> (Thumb, 2 bytes, Stack size 0 bytes, main.o(.text))
<BR>[Address Reference Count : 1]<UL><LI> main.o(.text)
</UL>
<P><STRONG><a name="[d4]"></a>reset_check</STRONG> (Thumb, 92 bytes, Stack size 16 bytes, main.o(.text))
<BR><BR>[Stack]<UL><LI>Max Depth = 32<LI>Call Chain = reset_check &rArr; nrf_delay_ms
</UL>
<BR>[Calls]<UL><LI><a href="#[d6]">&gt;&gt;</a>&nbsp;&nbsp;&nbsp;nrf_delay_ms
<LI><a href="#[d5]">&gt;&gt;</a>&nbsp;&nbsp;&nbsp;ble_flash_page_erase
<LI><a href="#[d7]">&gt;&gt;</a>&nbsp;&nbsp;&nbsp;nrf_gpio_pin_set
</UL>
<BR>[Called By]<UL><LI><a href="#[98]">&gt;&gt;</a>&nbsp;&nbsp;&nbsp;main
</UL>

<P><STRONG><a name="[f1]"></a>gpio_init</STRONG> (Thumb, 20 bytes, Stack size 0 bytes, main.o(.text))
<BR><BR>[Called By]<UL><LI><a href="#[98]">&gt;&gt;</a>&nbsp;&nbsp;&nbsp;main
</UL>

<P><STRONG><a name="[d8]"></a>init1</STRONG> (Thumb, 102 bytes, Stack size 8 bytes, main.o(.text))
<BR><BR>[Stack]<UL><LI>Max Depth = 272<LI>Call Chain = init1 &rArr; battery_measure_init &rArr; app_error_handler &rArr; ble_debug_assert_handler &rArr; pre_restart_info_store &rArr; save_curr_health_data &rArr; save_quarter_distance_data &rArr; save_sport_group_data &rArr; get_next_sport_write_group_address &rArr; ble_flash_page_delay_erase &rArr; ble_flash_page_erase
</UL>
<BR>[Calls]<UL><LI><a href="#[d9]">&gt;&gt;</a>&nbsp;&nbsp;&nbsp;motor_init
<LI><a href="#[df]">&gt;&gt;</a>&nbsp;&nbsp;&nbsp;hal_acc_init
<LI><a href="#[dc]">&gt;&gt;</a>&nbsp;&nbsp;&nbsp;charger_init
<LI><a href="#[de]">&gt;&gt;</a>&nbsp;&nbsp;&nbsp;battery_measure_init
<LI><a href="#[dd]">&gt;&gt;</a>&nbsp;&nbsp;&nbsp;battery_adc_dev_init
<LI><a href="#[db]">&gt;&gt;</a>&nbsp;&nbsp;&nbsp;app_sched_init
<LI><a href="#[ab]">&gt;&gt;</a>&nbsp;&nbsp;&nbsp;timer_init
<LI><a href="#[a0]">&gt;&gt;</a>&nbsp;&nbsp;&nbsp;app_error_handler
<LI><a href="#[da]">&gt;&gt;</a>&nbsp;&nbsp;&nbsp;lfclk_config
<LI><a href="#[d7]">&gt;&gt;</a>&nbsp;&nbsp;&nbsp;nrf_gpio_pin_set
</UL>
<BR>[Called By]<UL><LI><a href="#[98]">&gt;&gt;</a>&nbsp;&nbsp;&nbsp;main
</UL>

<P><STRONG><a name="[e0]"></a>init2</STRONG> (Thumb, 256 bytes, Stack size 32 bytes, main.o(.text))
<BR><BR>[Stack]<UL><LI>Max Depth = 536<LI>Call Chain = init2 &rArr; services_init &rArr; ble_devinfo_serv_init &rArr; ble_dis_init &rArr; char_add &rArr; app_error_handler &rArr; ble_debug_assert_handler &rArr; pre_restart_info_store &rArr; save_curr_health_data &rArr; save_quarter_distance_data &rArr; save_sport_group_data &rArr; get_next_sport_write_group_address &rArr; ble_flash_page_delay_erase &rArr; ble_flash_page_erase
</UL>
<BR>[Calls]<UL><LI><a href="#[e1]">&gt;&gt;</a>&nbsp;&nbsp;&nbsp;wdt_init
<LI><a href="#[e3]">&gt;&gt;</a>&nbsp;&nbsp;&nbsp;system_clock_init
<LI><a href="#[aa]">&gt;&gt;</a>&nbsp;&nbsp;&nbsp;set_global_bluetooth_status
<LI><a href="#[ee]">&gt;&gt;</a>&nbsp;&nbsp;&nbsp;set_device_has_bonded
<LI><a href="#[ef]">&gt;&gt;</a>&nbsp;&nbsp;&nbsp;hal_acc_enable
<LI><a href="#[eb]">&gt;&gt;</a>&nbsp;&nbsp;&nbsp;charger_framework_init
<LI><a href="#[ed]">&gt;&gt;</a>&nbsp;&nbsp;&nbsp;bond_read_user_id
<LI><a href="#[ec]">&gt;&gt;</a>&nbsp;&nbsp;&nbsp;bluetooth_l0_init
<LI><a href="#[e9]">&gt;&gt;</a>&nbsp;&nbsp;&nbsp;ble_radio_notification_init
<LI><a href="#[e7]">&gt;&gt;</a>&nbsp;&nbsp;&nbsp;ble_conn_params_init
<LI><a href="#[e4]">&gt;&gt;</a>&nbsp;&nbsp;&nbsp;ble_bondmngr_init
<LI><a href="#[e2]">&gt;&gt;</a>&nbsp;&nbsp;&nbsp;app_gpiote_init
<LI><a href="#[ea]">&gt;&gt;</a>&nbsp;&nbsp;&nbsp;app_button_init
<LI><a href="#[d1]">&gt;&gt;</a>&nbsp;&nbsp;&nbsp;ble_stack_init
<LI><a href="#[a0]">&gt;&gt;</a>&nbsp;&nbsp;&nbsp;app_error_handler
<LI><a href="#[e8]">&gt;&gt;</a>&nbsp;&nbsp;&nbsp;sec_params_init
<LI><a href="#[e6]">&gt;&gt;</a>&nbsp;&nbsp;&nbsp;services_init
<LI><a href="#[e5]">&gt;&gt;</a>&nbsp;&nbsp;&nbsp;gap_params_init
<LI><a href="#[ad]">&gt;&gt;</a>&nbsp;&nbsp;&nbsp;timers_create
<LI><a href="#[a3]">&gt;&gt;</a>&nbsp;&nbsp;&nbsp;advertising_init
<LI><a href="#[a4]">&gt;&gt;</a>&nbsp;&nbsp;&nbsp;__aeabi_memclr4
</UL>
<BR>[Called By]<UL><LI><a href="#[98]">&gt;&gt;</a>&nbsp;&nbsp;&nbsp;main
</UL>

<P><STRONG><a name="[23]"></a>RTC0_IRQHandler</STRONG> (Thumb, 26 bytes, Stack size 0 bytes, main.o(.text))
<BR>[Address Reference Count : 1]<UL><LI> arm_startup_nrf51.o(RESET)
</UL>
<P><STRONG><a name="[f0]"></a>pre_init</STRONG> (Thumb, 44 bytes, Stack size 8 bytes, main.o(.text))
<BR><BR>[Stack]<UL><LI>Max Depth = 8<LI>Call Chain = pre_init
</UL>
<BR>[Calls]<UL><LI><a href="#[da]">&gt;&gt;</a>&nbsp;&nbsp;&nbsp;lfclk_config
</UL>
<BR>[Called By]<UL><LI><a href="#[98]">&gt;&gt;</a>&nbsp;&nbsp;&nbsp;main
</UL>

<P><STRONG><a name="[98]"></a>main</STRONG> (Thumb, 132 bytes, Stack size 0 bytes, main.o(.text))
<BR><BR>[Stack]<UL><LI>Max Depth = 536<LI>Call Chain = main &rArr; init2 &rArr; services_init &rArr; ble_devinfo_serv_init &rArr; ble_dis_init &rArr; char_add &rArr; app_error_handler &rArr; ble_debug_assert_handler &rArr; pre_restart_info_store &rArr; save_curr_health_data &rArr; save_quarter_distance_data &rArr; save_sport_group_data &rArr; get_next_sport_write_group_address &rArr; ble_flash_page_delay_erase &rArr; ble_flash_page_erase
</UL>
<BR>[Calls]<UL><LI><a href="#[103]">&gt;&gt;</a>&nbsp;&nbsp;&nbsp;wdt_start
<LI><a href="#[105]">&gt;&gt;</a>&nbsp;&nbsp;&nbsp;wdt_feed
<LI><a href="#[f2]">&gt;&gt;</a>&nbsp;&nbsp;&nbsp;voltage_detect_n_precharging
<LI><a href="#[100]">&gt;&gt;</a>&nbsp;&nbsp;&nbsp;start_click_algorithm
<LI><a href="#[101]">&gt;&gt;</a>&nbsp;&nbsp;&nbsp;sensor_timers_start
<LI><a href="#[f5]">&gt;&gt;</a>&nbsp;&nbsp;&nbsp;restore_backup_info_from_flash
<LI><a href="#[f6]">&gt;&gt;</a>&nbsp;&nbsp;&nbsp;restore_SleepSettingsFromFlash
<LI><a href="#[fb]">&gt;&gt;</a>&nbsp;&nbsp;&nbsp;restart_health_algorithm
<LI><a href="#[f3]">&gt;&gt;</a>&nbsp;&nbsp;&nbsp;power_system_off
<LI><a href="#[f9]">&gt;&gt;</a>&nbsp;&nbsp;&nbsp;load_user_profile
<LI><a href="#[fa]">&gt;&gt;</a>&nbsp;&nbsp;&nbsp;load_daily_target
<LI><a href="#[f8]">&gt;&gt;</a>&nbsp;&nbsp;&nbsp;load_alarm
<LI><a href="#[fe]">&gt;&gt;</a>&nbsp;&nbsp;&nbsp;check_sports_data_in_flash
<LI><a href="#[ff]">&gt;&gt;</a>&nbsp;&nbsp;&nbsp;check_sleep_data_in_flash
<LI><a href="#[fd]">&gt;&gt;</a>&nbsp;&nbsp;&nbsp;check_need_erase_sport_page_for_when_boot
<LI><a href="#[fc]">&gt;&gt;</a>&nbsp;&nbsp;&nbsp;check_need_erase_sleep_page_for_when_boot
<LI><a href="#[f7]">&gt;&gt;</a>&nbsp;&nbsp;&nbsp;check_has_bonded
<LI><a href="#[f4]">&gt;&gt;</a>&nbsp;&nbsp;&nbsp;bootup_check
<LI><a href="#[104]">&gt;&gt;</a>&nbsp;&nbsp;&nbsp;app_sched_execute
<LI><a href="#[102]">&gt;&gt;</a>&nbsp;&nbsp;&nbsp;app_button_enable
<LI><a href="#[f0]">&gt;&gt;</a>&nbsp;&nbsp;&nbsp;pre_init
<LI><a href="#[e0]">&gt;&gt;</a>&nbsp;&nbsp;&nbsp;init2
<LI><a href="#[d8]">&gt;&gt;</a>&nbsp;&nbsp;&nbsp;init1
<LI><a href="#[f1]">&gt;&gt;</a>&nbsp;&nbsp;&nbsp;gpio_init
<LI><a href="#[d4]">&gt;&gt;</a>&nbsp;&nbsp;&nbsp;reset_check
<LI><a href="#[a0]">&gt;&gt;</a>&nbsp;&nbsp;&nbsp;app_error_handler
<LI><a href="#[a8]">&gt;&gt;</a>&nbsp;&nbsp;&nbsp;advertising_start
</UL>
<BR>[Called By]<UL><LI><a href="#[97]">&gt;&gt;</a>&nbsp;&nbsp;&nbsp;__rt_entry_main
</UL>

<P><STRONG><a name="[10d]"></a>cal_percentage</STRONG> (Thumb, 142 bytes, Stack size 32 bytes, bd_battery.o(.text))
<BR><BR>[Stack]<UL><LI>Max Depth = 48<LI>Call Chain = cal_percentage &rArr; __aeabi_fdiv
</UL>
<BR>[Calls]<UL><LI><a href="#[b4]">&gt;&gt;</a>&nbsp;&nbsp;&nbsp;charger_status
<LI><a href="#[10f]">&gt;&gt;</a>&nbsp;&nbsp;&nbsp;__aeabi_cfrcmple
<LI><a href="#[10e]">&gt;&gt;</a>&nbsp;&nbsp;&nbsp;__aeabi_ui2f
<LI><a href="#[110]">&gt;&gt;</a>&nbsp;&nbsp;&nbsp;__aeabi_i2f
<LI><a href="#[114]">&gt;&gt;</a>&nbsp;&nbsp;&nbsp;__aeabi_f2uiz
<LI><a href="#[112]">&gt;&gt;</a>&nbsp;&nbsp;&nbsp;__aeabi_fdiv
<LI><a href="#[111]">&gt;&gt;</a>&nbsp;&nbsp;&nbsp;__aeabi_fsub
<LI><a href="#[113]">&gt;&gt;</a>&nbsp;&nbsp;&nbsp;__aeabi_fadd
</UL>
<BR>[Called By]<UL><LI><a href="#[1f]">&gt;&gt;</a>&nbsp;&nbsp;&nbsp;ADC_IRQHandler
<LI><a href="#[10c]">&gt;&gt;</a>&nbsp;&nbsp;&nbsp;register_battery_up_callback
</UL>

<P><STRONG><a name="[1f]"></a>ADC_IRQHandler</STRONG> (Thumb, 164 bytes, Stack size 24 bytes, bd_battery.o(.text))
<BR><BR>[Stack]<UL><LI>Max Depth = 320<LI>Call Chain = ADC_IRQHandler &rArr; app_sched_event_put &rArr; app_error_handler &rArr; ble_debug_assert_handler &rArr; pre_restart_info_store &rArr; save_curr_health_data &rArr; save_quarter_distance_data &rArr; save_sport_group_data &rArr; get_next_sport_write_group_address &rArr; ble_flash_page_delay_erase &rArr; ble_flash_page_erase
</UL>
<BR>[Calls]<UL><LI><a href="#[116]">&gt;&gt;</a>&nbsp;&nbsp;&nbsp;get_battery_voltage_adjustment
<LI><a href="#[10d]">&gt;&gt;</a>&nbsp;&nbsp;&nbsp;cal_percentage
<LI><a href="#[b4]">&gt;&gt;</a>&nbsp;&nbsp;&nbsp;charger_status
<LI><a href="#[106]">&gt;&gt;</a>&nbsp;&nbsp;&nbsp;app_sched_event_put
<LI><a href="#[a0]">&gt;&gt;</a>&nbsp;&nbsp;&nbsp;app_error_handler
<LI><a href="#[115]">&gt;&gt;</a>&nbsp;&nbsp;&nbsp;__aeabi_uidivmod
</UL>
<BR>[Address Reference Count : 1]<UL><LI> arm_startup_nrf51.o(RESET)
</UL>
<P><STRONG><a name="[118]"></a>battery_start</STRONG> (Thumb, 18 bytes, Stack size 0 bytes, bd_battery.o(.text))
<BR><BR>[Called By]<UL><LI><a href="#[119]">&gt;&gt;</a>&nbsp;&nbsp;&nbsp;battery_adc_read_once_for_charging_detect
<LI><a href="#[117]">&gt;&gt;</a>&nbsp;&nbsp;&nbsp;battery_adc_read_once
<LI><a href="#[41]">&gt;&gt;</a>&nbsp;&nbsp;&nbsp;battery_level_meas_timeout_handler
<LI><a href="#[49]">&gt;&gt;</a>&nbsp;&nbsp;&nbsp;update_wall_clock
</UL>

<P><STRONG><a name="[117]"></a>battery_adc_read_once</STRONG> (Thumb, 74 bytes, Stack size 16 bytes, bd_battery.o(.text))
<BR><BR>[Stack]<UL><LI>Max Depth = 32<LI>Call Chain = battery_adc_read_once &rArr; nrf_delay_ms
</UL>
<BR>[Calls]<UL><LI><a href="#[118]">&gt;&gt;</a>&nbsp;&nbsp;&nbsp;battery_start
<LI><a href="#[d6]">&gt;&gt;</a>&nbsp;&nbsp;&nbsp;nrf_delay_ms
<LI><a href="#[b4]">&gt;&gt;</a>&nbsp;&nbsp;&nbsp;charger_status
<LI><a href="#[115]">&gt;&gt;</a>&nbsp;&nbsp;&nbsp;__aeabi_uidivmod
</UL>
<BR>[Called By]<UL><LI><a href="#[de]">&gt;&gt;</a>&nbsp;&nbsp;&nbsp;battery_measure_init
</UL>

<P><STRONG><a name="[11a]"></a>battery_adc_interrupt_init</STRONG> (Thumb, 28 bytes, Stack size 0 bytes, bd_battery.o(.text))
<BR><BR>[Called By]<UL><LI><a href="#[119]">&gt;&gt;</a>&nbsp;&nbsp;&nbsp;battery_adc_read_once_for_charging_detect
<LI><a href="#[de]">&gt;&gt;</a>&nbsp;&nbsp;&nbsp;battery_measure_init
</UL>

<P><STRONG><a name="[119]"></a>battery_adc_read_once_for_charging_detect</STRONG> (Thumb, 72 bytes, Stack size 24 bytes, bd_battery.o(.text), UNUSED)
<BR><BR>[Calls]<UL><LI><a href="#[11a]">&gt;&gt;</a>&nbsp;&nbsp;&nbsp;battery_adc_interrupt_init
<LI><a href="#[118]">&gt;&gt;</a>&nbsp;&nbsp;&nbsp;battery_start
<LI><a href="#[d6]">&gt;&gt;</a>&nbsp;&nbsp;&nbsp;nrf_delay_ms
<LI><a href="#[115]">&gt;&gt;</a>&nbsp;&nbsp;&nbsp;__aeabi_uidivmod
</UL>

<P><STRONG><a name="[dd]"></a>battery_adc_dev_init</STRONG> (Thumb, 14 bytes, Stack size 0 bytes, bd_battery.o(.text))
<BR><BR>[Called By]<UL><LI><a href="#[d8]">&gt;&gt;</a>&nbsp;&nbsp;&nbsp;init1
</UL>

<P><STRONG><a name="[10c]"></a>register_battery_up_callback</STRONG> (Thumb, 28 bytes, Stack size 8 bytes, bd_battery.o(.text))
<BR><BR>[Stack]<UL><LI>Max Depth = 56<LI>Call Chain = register_battery_up_callback &rArr; cal_percentage &rArr; __aeabi_fdiv
</UL>
<BR>[Calls]<UL><LI><a href="#[10d]">&gt;&gt;</a>&nbsp;&nbsp;&nbsp;cal_percentage
</UL>
<BR>[Called By]<UL><LI><a href="#[108]">&gt;&gt;</a>&nbsp;&nbsp;&nbsp;bas_init
</UL>

<P><STRONG><a name="[de]"></a>battery_measure_init</STRONG> (Thumb, 56 bytes, Stack size 8 bytes, bd_battery.o(.text))
<BR><BR>[Stack]<UL><LI>Max Depth = 264<LI>Call Chain = battery_measure_init &rArr; app_error_handler &rArr; ble_debug_assert_handler &rArr; pre_restart_info_store &rArr; save_curr_health_data &rArr; save_quarter_distance_data &rArr; save_sport_group_data &rArr; get_next_sport_write_group_address &rArr; ble_flash_page_delay_erase &rArr; ble_flash_page_erase
</UL>
<BR>[Calls]<UL><LI><a href="#[11a]">&gt;&gt;</a>&nbsp;&nbsp;&nbsp;battery_adc_interrupt_init
<LI><a href="#[117]">&gt;&gt;</a>&nbsp;&nbsp;&nbsp;battery_adc_read_once
<LI><a href="#[af]">&gt;&gt;</a>&nbsp;&nbsp;&nbsp;app_timer_create
<LI><a href="#[a0]">&gt;&gt;</a>&nbsp;&nbsp;&nbsp;app_error_handler
</UL>
<BR>[Called By]<UL><LI><a href="#[d8]">&gt;&gt;</a>&nbsp;&nbsp;&nbsp;init1
</UL>

<P><STRONG><a name="[14b]"></a>get_battery_power_percentage</STRONG> (Thumb, 6 bytes, Stack size 0 bytes, bd_battery.o(.text))
<BR><BR>[Called By]<UL><LI><a href="#[14d]">&gt;&gt;</a>&nbsp;&nbsp;&nbsp;resolve_private_bond_command
<LI><a href="#[148]">&gt;&gt;</a>&nbsp;&nbsp;&nbsp;resolve_firmware_update_command
<LI><a href="#[1f0]">&gt;&gt;</a>&nbsp;&nbsp;&nbsp;show_charging_percentage
</UL>

<P><STRONG><a name="[11b]"></a>battery_measure_timer_start</STRONG> (Thumb, 30 bytes, Stack size 8 bytes, bd_battery.o(.text))
<BR><BR>[Stack]<UL><LI>Max Depth = 264<LI>Call Chain = battery_measure_timer_start &rArr; app_error_handler &rArr; ble_debug_assert_handler &rArr; pre_restart_info_store &rArr; save_curr_health_data &rArr; save_quarter_distance_data &rArr; save_sport_group_data &rArr; get_next_sport_write_group_address &rArr; ble_flash_page_delay_erase &rArr; ble_flash_page_erase
</UL>
<BR>[Calls]<UL><LI><a href="#[bc]">&gt;&gt;</a>&nbsp;&nbsp;&nbsp;app_timer_start
<LI><a href="#[a0]">&gt;&gt;</a>&nbsp;&nbsp;&nbsp;app_error_handler
</UL>
<BR>[Called By]<UL><LI><a href="#[f2]">&gt;&gt;</a>&nbsp;&nbsp;&nbsp;voltage_detect_n_precharging
</UL>

<P><STRONG><a name="[11c]"></a>battery_measure_timer_stop</STRONG> (Thumb, 26 bytes, Stack size 8 bytes, bd_battery.o(.text))
<BR><BR>[Stack]<UL><LI>Max Depth = 264<LI>Call Chain = battery_measure_timer_stop &rArr; app_error_handler &rArr; ble_debug_assert_handler &rArr; pre_restart_info_store &rArr; save_curr_health_data &rArr; save_quarter_distance_data &rArr; save_sport_group_data &rArr; get_next_sport_write_group_address &rArr; ble_flash_page_delay_erase &rArr; ble_flash_page_erase
</UL>
<BR>[Calls]<UL><LI><a href="#[bf]">&gt;&gt;</a>&nbsp;&nbsp;&nbsp;app_timer_stop
<LI><a href="#[a0]">&gt;&gt;</a>&nbsp;&nbsp;&nbsp;app_error_handler
</UL>
<BR>[Called By]<UL><LI><a href="#[f2]">&gt;&gt;</a>&nbsp;&nbsp;&nbsp;voltage_detect_n_precharging
</UL>

<P><STRONG><a name="[f2]"></a>voltage_detect_n_precharging</STRONG> (Thumb, 50 bytes, Stack size 16 bytes, bd_battery.o(.text))
<BR><BR>[Stack]<UL><LI>Max Depth = 280<LI>Call Chain = voltage_detect_n_precharging &rArr; battery_measure_timer_stop &rArr; app_error_handler &rArr; ble_debug_assert_handler &rArr; pre_restart_info_store &rArr; save_curr_health_data &rArr; save_quarter_distance_data &rArr; save_sport_group_data &rArr; get_next_sport_write_group_address &rArr; ble_flash_page_delay_erase &rArr; ble_flash_page_erase
</UL>
<BR>[Calls]<UL><LI><a href="#[11d]">&gt;&gt;</a>&nbsp;&nbsp;&nbsp;charger_connected
<LI><a href="#[11c]">&gt;&gt;</a>&nbsp;&nbsp;&nbsp;battery_measure_timer_stop
<LI><a href="#[11b]">&gt;&gt;</a>&nbsp;&nbsp;&nbsp;battery_measure_timer_start
<LI><a href="#[104]">&gt;&gt;</a>&nbsp;&nbsp;&nbsp;app_sched_execute
</UL>
<BR>[Called By]<UL><LI><a href="#[98]">&gt;&gt;</a>&nbsp;&nbsp;&nbsp;main
</UL>

<P><STRONG><a name="[122]"></a>set_complete_callback</STRONG> (Thumb, 6 bytes, Stack size 0 bytes, bd_ble_nus.o(.text))
<BR><BR>[Called By]<UL><LI><a href="#[120]">&gt;&gt;</a>&nbsp;&nbsp;&nbsp;async_send
<LI><a href="#[129]">&gt;&gt;</a>&nbsp;&nbsp;&nbsp;response_package_handle
<LI><a href="#[43]">&gt;&gt;</a>&nbsp;&nbsp;&nbsp;delay_send_func
<LI><a href="#[3f]">&gt;&gt;</a>&nbsp;&nbsp;&nbsp;bluetooth_l0_reset
</UL>

<P><STRONG><a name="[cd]"></a>ble_nus_on_ble_evt</STRONG> (Thumb, 118 bytes, Stack size 8 bytes, bd_ble_nus.o(.text))
<BR><BR>[Stack]<UL><LI>Max Depth = 48<LI>Call Chain = ble_nus_on_ble_evt &rArr; bluetooth_l0_reset &rArr; app_timer_stop
</UL>
<BR>[Calls]<UL><LI><a href="#[3f]">&gt;&gt;</a>&nbsp;&nbsp;&nbsp;bluetooth_l0_reset
</UL>
<BR>[Called By]<UL><LI><a href="#[37]">&gt;&gt;</a>&nbsp;&nbsp;&nbsp;ble_evt_dispatch
</UL>

<P><STRONG><a name="[109]"></a>ble_nus_init</STRONG> (Thumb, 92 bytes, Stack size 32 bytes, bd_ble_nus.o(.text))
<BR><BR>[Stack]<UL><LI>Max Depth = 112<LI>Call Chain = ble_nus_init &rArr; rx_char_add
</UL>
<BR>[Calls]<UL><LI><a href="#[11f]">&gt;&gt;</a>&nbsp;&nbsp;&nbsp;tx_char_add
<LI><a href="#[11e]">&gt;&gt;</a>&nbsp;&nbsp;&nbsp;rx_char_add
</UL>
<BR>[Called By]<UL><LI><a href="#[e6]">&gt;&gt;</a>&nbsp;&nbsp;&nbsp;services_init
</UL>

<P><STRONG><a name="[121]"></a>ble_nus_send_string</STRONG> (Thumb, 56 bytes, Stack size 24 bytes, bd_ble_nus.o(.text))
<BR><BR>[Stack]<UL><LI>Max Depth = 24<LI>Call Chain = ble_nus_send_string
</UL>
<BR>[Called By]<UL><LI><a href="#[120]">&gt;&gt;</a>&nbsp;&nbsp;&nbsp;async_send
</UL>

<P><STRONG><a name="[c1]"></a>get_global_should_trigger_ota_flag</STRONG> (Thumb, 6 bytes, Stack size 0 bytes, bd_communicate_protocol.o(.text))
<BR><BR>[Called By]<UL><LI><a href="#[ba]">&gt;&gt;</a>&nbsp;&nbsp;&nbsp;on_ble_evt
</UL>

<P><STRONG><a name="[2f8]"></a>set_global_should_trigger_ota_flag</STRONG> (Thumb, 6 bytes, Stack size 0 bytes, bd_communicate_protocol.o(.text), UNUSED)

<P><STRONG><a name="[d3]"></a>is_bluetooth_connected</STRONG> (Thumb, 18 bytes, Stack size 0 bytes, bd_communicate_protocol.o(.text))
<BR><BR>[Called By]<UL><LI><a href="#[39]">&gt;&gt;</a>&nbsp;&nbsp;&nbsp;bond_manager_error_handler
</UL>

<P><STRONG><a name="[120]"></a>async_send</STRONG> (Thumb, 558 bytes, Stack size 48 bytes, bd_communicate_protocol.o(.text))
<BR><BR>[Stack]<UL><LI>Max Depth = 80<LI>Call Chain = async_send &rArr; app_timer_start
</UL>
<BR>[Calls]<UL><LI><a href="#[121]">&gt;&gt;</a>&nbsp;&nbsp;&nbsp;ble_nus_send_string
<LI><a href="#[122]">&gt;&gt;</a>&nbsp;&nbsp;&nbsp;set_complete_callback
<LI><a href="#[bc]">&gt;&gt;</a>&nbsp;&nbsp;&nbsp;app_timer_start
<LI><a href="#[a2]">&gt;&gt;</a>&nbsp;&nbsp;&nbsp;assert_nrf_callback
</UL>
<BR>[Called By]<UL><LI><a href="#[42]">&gt;&gt;</a>&nbsp;&nbsp;&nbsp;schedule_async_send
</UL>

<P><STRONG><a name="[42]"></a>schedule_async_send</STRONG> (Thumb, 60 bytes, Stack size 16 bytes, bd_communicate_protocol.o(.text))
<BR><BR>[Stack]<UL><LI>Max Depth = 96<LI>Call Chain = schedule_async_send &rArr; async_send &rArr; app_timer_start
</UL>
<BR>[Calls]<UL><LI><a href="#[120]">&gt;&gt;</a>&nbsp;&nbsp;&nbsp;async_send
<LI><a href="#[bf]">&gt;&gt;</a>&nbsp;&nbsp;&nbsp;app_timer_stop
<LI><a href="#[a2]">&gt;&gt;</a>&nbsp;&nbsp;&nbsp;assert_nrf_callback
</UL>
<BR>[Called By]<UL><LI><a href="#[153]">&gt;&gt;</a>&nbsp;&nbsp;&nbsp;L1_receive_response
<LI><a href="#[12a]">&gt;&gt;</a>&nbsp;&nbsp;&nbsp;L1_send
<LI><a href="#[123]">&gt;&gt;</a>&nbsp;&nbsp;&nbsp;L1_resend_package
</UL>
<BR>[Address Reference Count : 1]<UL><LI> bd_communicate_protocol.o(.text)
</UL>
<P><STRONG><a name="[c2]"></a>trigger_ota_mode</STRONG> (Thumb, 32 bytes, Stack size 0 bytes, bd_communicate_protocol.o(.text))
<BR><BR>[Stack]<UL><LI>Max Depth = 232<LI>Call Chain = trigger_ota_mode &rArr; ota_pre_restart_info_store &rArr; pre_restart_info_store &rArr; save_curr_health_data &rArr; save_quarter_distance_data &rArr; save_sport_group_data &rArr; get_next_sport_write_group_address &rArr; ble_flash_page_delay_erase &rArr; ble_flash_page_erase
</UL>
<BR>[Calls]<UL><LI><a href="#[126]">&gt;&gt;</a>&nbsp;&nbsp;&nbsp;stop_health_algorithm
<LI><a href="#[128]">&gt;&gt;</a>&nbsp;&nbsp;&nbsp;ota_pre_restart_info_store
<LI><a href="#[127]">&gt;&gt;</a>&nbsp;&nbsp;&nbsp;hal_acc_reset
</UL>
<BR>[Called By]<UL><LI><a href="#[ba]">&gt;&gt;</a>&nbsp;&nbsp;&nbsp;on_ble_evt
</UL>

<P><STRONG><a name="[35]"></a>ota_time_out_handle</STRONG> (Thumb, 16 bytes, Stack size 0 bytes, bd_communicate_protocol.o(.text))
<BR>[Address Reference Count : 1]<UL><LI> main.o(.text)
</UL>
<P><STRONG><a name="[ec]"></a>bluetooth_l0_init</STRONG> (Thumb, 90 bytes, Stack size 8 bytes, bd_communicate_protocol.o(.text))
<BR><BR>[Stack]<UL><LI>Max Depth = 264<LI>Call Chain = bluetooth_l0_init &rArr; app_error_handler &rArr; ble_debug_assert_handler &rArr; pre_restart_info_store &rArr; save_curr_health_data &rArr; save_quarter_distance_data &rArr; save_sport_group_data &rArr; get_next_sport_write_group_address &rArr; ble_flash_page_delay_erase &rArr; ble_flash_page_erase
</UL>
<BR>[Calls]<UL><LI><a href="#[af]">&gt;&gt;</a>&nbsp;&nbsp;&nbsp;app_timer_create
<LI><a href="#[a0]">&gt;&gt;</a>&nbsp;&nbsp;&nbsp;app_error_handler
</UL>
<BR>[Called By]<UL><LI><a href="#[e0]">&gt;&gt;</a>&nbsp;&nbsp;&nbsp;init2
</UL>

<P><STRONG><a name="[12a]"></a>L1_send</STRONG> (Thumb, 114 bytes, Stack size 24 bytes, bd_communicate_protocol.o(.text))
<BR><BR>[Stack]<UL><LI>Max Depth = 120<LI>Call Chain = L1_send &rArr; schedule_async_send &rArr; async_send &rArr; app_timer_start
</UL>
<BR>[Calls]<UL><LI><a href="#[124]">&gt;&gt;</a>&nbsp;&nbsp;&nbsp;bd_crc16
<LI><a href="#[42]">&gt;&gt;</a>&nbsp;&nbsp;&nbsp;schedule_async_send
</UL>
<BR>[Called By]<UL><LI><a href="#[12c]">&gt;&gt;</a>&nbsp;&nbsp;&nbsp;send_all_data
<LI><a href="#[13c]">&gt;&gt;</a>&nbsp;&nbsp;&nbsp;return_alarm_list
<LI><a href="#[15c]">&gt;&gt;</a>&nbsp;&nbsp;&nbsp;login_success_event_dispatch
<LI><a href="#[159]">&gt;&gt;</a>&nbsp;&nbsp;&nbsp;login_fail_event_dispatch
<LI><a href="#[14f]">&gt;&gt;</a>&nbsp;&nbsp;&nbsp;get_stack_dump_command_resolve
<LI><a href="#[125]">&gt;&gt;</a>&nbsp;&nbsp;&nbsp;bond_fail_event_dispatch
<LI><a href="#[147]">&gt;&gt;</a>&nbsp;&nbsp;&nbsp;enter_ota_status_response
<LI><a href="#[148]">&gt;&gt;</a>&nbsp;&nbsp;&nbsp;resolve_firmware_update_command
<LI><a href="#[1f8]">&gt;&gt;</a>&nbsp;&nbsp;&nbsp;send_package
<LI><a href="#[1e1]">&gt;&gt;</a>&nbsp;&nbsp;&nbsp;send_sport_group_data
<LI><a href="#[1da]">&gt;&gt;</a>&nbsp;&nbsp;&nbsp;send_sleep_group_data
<LI><a href="#[1d7]">&gt;&gt;</a>&nbsp;&nbsp;&nbsp;send_sport_data_from_ram
<LI><a href="#[168]">&gt;&gt;</a>&nbsp;&nbsp;&nbsp;bond_success_event_dispatch
<LI><a href="#[20f]">&gt;&gt;</a>&nbsp;&nbsp;&nbsp;bluetooth_log
<LI><a href="#[207]">&gt;&gt;</a>&nbsp;&nbsp;&nbsp;report_get_dump_info_fail
<LI><a href="#[206]">&gt;&gt;</a>&nbsp;&nbsp;&nbsp;send_sleep_setting_data_in_ram
</UL>

<P><STRONG><a name="[2f9]"></a>send_status_callback</STRONG> (Thumb, 2 bytes, Stack size 0 bytes, bd_communicate_protocol.o(.text), UNUSED)

<P><STRONG><a name="[143]"></a>bond_success_event_observer</STRONG> (Thumb, 34 bytes, Stack size 8 bytes, bd_communicate_protocol.o(.text))
<BR><BR>[Stack]<UL><LI>Max Depth = 64<LI>Call Chain = bond_success_event_observer &rArr; reset_health_algorithm_data &rArr; reset_cur_sports_data &rArr; get_wall_clock_time &rArr; ConvertToUTCTime
</UL>
<BR>[Calls]<UL><LI><a href="#[126]">&gt;&gt;</a>&nbsp;&nbsp;&nbsp;stop_health_algorithm
<LI><a href="#[12e]">&gt;&gt;</a>&nbsp;&nbsp;&nbsp;set_global_step_counts_today
<LI><a href="#[144]">&gt;&gt;</a>&nbsp;&nbsp;&nbsp;set_global_dev_loss_controller_data
<LI><a href="#[145]">&gt;&gt;</a>&nbsp;&nbsp;&nbsp;reset_user_data_for_new_bond
<LI><a href="#[146]">&gt;&gt;</a>&nbsp;&nbsp;&nbsp;reset_health_algorithm_data
<LI><a href="#[ee]">&gt;&gt;</a>&nbsp;&nbsp;&nbsp;set_device_has_bonded
</UL>
<BR>[Called By]<UL><LI><a href="#[15e]">&gt;&gt;</a>&nbsp;&nbsp;&nbsp;bond_press_handle
</UL>

<P><STRONG><a name="[147]"></a>enter_ota_status_response</STRONG> (Thumb, 44 bytes, Stack size 24 bytes, bd_communicate_protocol.o(.text))
<BR><BR>[Stack]<UL><LI>Max Depth = 144<LI>Call Chain = enter_ota_status_response &rArr; L1_send &rArr; schedule_async_send &rArr; async_send &rArr; app_timer_start
</UL>
<BR>[Calls]<UL><LI><a href="#[12a]">&gt;&gt;</a>&nbsp;&nbsp;&nbsp;L1_send
</UL>
<BR>[Called By]<UL><LI><a href="#[148]">&gt;&gt;</a>&nbsp;&nbsp;&nbsp;resolve_firmware_update_command
</UL>

<P><STRONG><a name="[153]"></a>L1_receive_response</STRONG> (Thumb, 24 bytes, Stack size 8 bytes, bd_communicate_protocol.o(.text))
<BR><BR>[Stack]<UL><LI>Max Depth = 104<LI>Call Chain = L1_receive_response &rArr; schedule_async_send &rArr; async_send &rArr; app_timer_start
</UL>
<BR>[Calls]<UL><LI><a href="#[42]">&gt;&gt;</a>&nbsp;&nbsp;&nbsp;schedule_async_send
</UL>
<BR>[Called By]<UL><LI><a href="#[3e]">&gt;&gt;</a>&nbsp;&nbsp;&nbsp;L1_receive_data
</UL>

<P><STRONG><a name="[46]"></a>schedule_crc_error_handle</STRONG> (Thumb, 2 bytes, Stack size 0 bytes, bd_communicate_protocol.o(.text))
<BR>[Address Reference Count : 1]<UL><LI> bd_communicate_protocol.o(.text)
</UL>
<P><STRONG><a name="[3e]"></a>L1_receive_data</STRONG> (Thumb, 298 bytes, Stack size 32 bytes, bd_communicate_protocol.o(.text))
<BR><BR>[Stack]<UL><LI>Max Depth = 392<LI>Call Chain = L1_receive_data &rArr; L2_frame_resolve &rArr; do_test &rArr; write_sn &rArr; app_sched_event_put &rArr; app_error_handler &rArr; ble_debug_assert_handler &rArr; pre_restart_info_store &rArr; save_curr_health_data &rArr; save_quarter_distance_data &rArr; save_sport_group_data &rArr; get_next_sport_write_group_address &rArr; ble_flash_page_delay_erase &rArr; ble_flash_page_erase
</UL>
<BR>[Calls]<UL><LI><a href="#[154]">&gt;&gt;</a>&nbsp;&nbsp;&nbsp;app_query_timer
<LI><a href="#[153]">&gt;&gt;</a>&nbsp;&nbsp;&nbsp;L1_receive_response
<LI><a href="#[156]">&gt;&gt;</a>&nbsp;&nbsp;&nbsp;L1_crc_check
<LI><a href="#[14c]">&gt;&gt;</a>&nbsp;&nbsp;&nbsp;L2_frame_resolve
<LI><a href="#[129]">&gt;&gt;</a>&nbsp;&nbsp;&nbsp;response_package_handle
<LI><a href="#[bf]">&gt;&gt;</a>&nbsp;&nbsp;&nbsp;app_timer_stop
<LI><a href="#[bc]">&gt;&gt;</a>&nbsp;&nbsp;&nbsp;app_timer_start
<LI><a href="#[106]">&gt;&gt;</a>&nbsp;&nbsp;&nbsp;app_sched_event_put
<LI><a href="#[155]">&gt;&gt;</a>&nbsp;&nbsp;&nbsp;__aeabi_memcpy
</UL>
<BR>[Address Reference Count : 1]<UL><LI> main.o(.text)
</UL>
<P><STRONG><a name="[c3]"></a>get_should_checkdev_loss_on_disconnect</STRONG> (Thumb, 8 bytes, Stack size 0 bytes, bd_communicate_protocol.o(.text))
<BR><BR>[Called By]<UL><LI><a href="#[ba]">&gt;&gt;</a>&nbsp;&nbsp;&nbsp;on_ble_evt
</UL>

<P><STRONG><a name="[c7]"></a>set_should_checkdev_loss_on_disconnect</STRONG> (Thumb, 8 bytes, Stack size 0 bytes, bd_communicate_protocol.o(.text))
<BR><BR>[Called By]<UL><LI><a href="#[ba]">&gt;&gt;</a>&nbsp;&nbsp;&nbsp;on_ble_evt
</UL>

<P><STRONG><a name="[3f]"></a>bluetooth_l0_reset</STRONG> (Thumb, 114 bytes, Stack size 16 bytes, bd_communicate_protocol.o(.text))
<BR><BR>[Stack]<UL><LI>Max Depth = 40<LI>Call Chain = bluetooth_l0_reset &rArr; app_timer_stop
</UL>
<BR>[Calls]<UL><LI><a href="#[157]">&gt;&gt;</a>&nbsp;&nbsp;&nbsp;set_bluetooth_log_state
<LI><a href="#[154]">&gt;&gt;</a>&nbsp;&nbsp;&nbsp;app_query_timer
<LI><a href="#[122]">&gt;&gt;</a>&nbsp;&nbsp;&nbsp;set_complete_callback
<LI><a href="#[bf]">&gt;&gt;</a>&nbsp;&nbsp;&nbsp;app_timer_stop
</UL>
<BR>[Called By]<UL><LI><a href="#[cd]">&gt;&gt;</a>&nbsp;&nbsp;&nbsp;ble_nus_on_ble_evt
</UL>
<BR>[Address Reference Count : 1]<UL><LI> main.o(.text)
</UL>
<P><STRONG><a name="[4b]"></a>input_event_handle_schedule</STRONG> (Thumb, 108 bytes, Stack size 8 bytes, bd_input_event_source.o(.text))
<BR><BR>[Stack]<UL><LI>Max Depth = 304<LI>Call Chain = input_event_handle_schedule &rArr; send_all_data &rArr; start_send_data_timer &rArr; app_error_handler &rArr; ble_debug_assert_handler &rArr; pre_restart_info_store &rArr; save_curr_health_data &rArr; save_quarter_distance_data &rArr; save_sport_group_data &rArr; get_next_sport_write_group_address &rArr; ble_flash_page_delay_erase &rArr; ble_flash_page_erase
</UL>
<BR>[Calls]<UL><LI><a href="#[12c]">&gt;&gt;</a>&nbsp;&nbsp;&nbsp;send_all_data
<LI><a href="#[bd]">&gt;&gt;</a>&nbsp;&nbsp;&nbsp;notification_status
<LI><a href="#[c8]">&gt;&gt;</a>&nbsp;&nbsp;&nbsp;notification_start
<LI><a href="#[f7]">&gt;&gt;</a>&nbsp;&nbsp;&nbsp;check_has_bonded
<LI><a href="#[b4]">&gt;&gt;</a>&nbsp;&nbsp;&nbsp;charger_status
<LI><a href="#[15d]">&gt;&gt;</a>&nbsp;&nbsp;&nbsp;two_Double_tap_handle
<LI><a href="#[15f]">&gt;&gt;</a>&nbsp;&nbsp;&nbsp;notification_stop
<LI><a href="#[15e]">&gt;&gt;</a>&nbsp;&nbsp;&nbsp;bond_press_handle
</UL>
<BR>[Address Reference Count : 1]<UL><LI> bd_step_counter.o(.text)
</UL>
<P><STRONG><a name="[be]"></a>led_action_stop</STRONG> (Thumb, 46 bytes, Stack size 8 bytes, bd_led_flash.o(.text))
<BR><BR>[Stack]<UL><LI>Max Depth = 32 + In Cycle
<LI>Call Chain = led_action_stop &rArr;  update_charging_status (Cycle)
</UL>
<BR>[Calls]<UL><LI><a href="#[b3]">&gt;&gt;</a>&nbsp;&nbsp;&nbsp;update_charging_status
<LI><a href="#[b4]">&gt;&gt;</a>&nbsp;&nbsp;&nbsp;charger_status
<LI><a href="#[bf]">&gt;&gt;</a>&nbsp;&nbsp;&nbsp;app_timer_stop
<LI><a href="#[160]">&gt;&gt;</a>&nbsp;&nbsp;&nbsp;all_led_flash_control
</UL>
<BR>[Called By]<UL><LI><a href="#[14c]">&gt;&gt;</a>&nbsp;&nbsp;&nbsp;L2_frame_resolve
<LI><a href="#[45]">&gt;&gt;</a>&nbsp;&nbsp;&nbsp;user_action_timeout_handle
<LI><a href="#[9]">&gt;&gt;</a>&nbsp;&nbsp;&nbsp;function_charger_event_handler
<LI><a href="#[ba]">&gt;&gt;</a>&nbsp;&nbsp;&nbsp;on_ble_evt
<LI><a href="#[47]">&gt;&gt;</a>&nbsp;&nbsp;&nbsp;led_schedule_timer_handle
<LI><a href="#[15f]">&gt;&gt;</a>&nbsp;&nbsp;&nbsp;notification_stop
<LI><a href="#[15e]">&gt;&gt;</a>&nbsp;&nbsp;&nbsp;bond_press_handle
</UL>

<P><STRONG><a name="[163]"></a>led_action_control_with_interval</STRONG> (Thumb, 50 bytes, Stack size 24 bytes, bd_led_flash.o(.text))
<BR><BR>[Stack]<UL><LI>Max Depth = 96<LI>Call Chain = led_action_control_with_interval &rArr; _led_action_control_with_interval &rArr; led_schedule_timer_handle &rArr; led_action_stop &rArr;  update_charging_status (Cycle)
</UL>
<BR>[Calls]<UL><LI><a href="#[b4]">&gt;&gt;</a>&nbsp;&nbsp;&nbsp;charger_status
<LI><a href="#[162]">&gt;&gt;</a>&nbsp;&nbsp;&nbsp;_led_action_control_with_interval
</UL>
<BR>[Called By]<UL><LI><a href="#[152]">&gt;&gt;</a>&nbsp;&nbsp;&nbsp;led_action_control
<LI><a href="#[1ef]">&gt;&gt;</a>&nbsp;&nbsp;&nbsp;show_animation_status
</UL>

<P><STRONG><a name="[152]"></a>led_action_control</STRONG> (Thumb, 4 bytes, Stack size 0 bytes, bd_led_flash.o(.text))
<BR><BR>[Stack]<UL><LI>Max Depth = 96<LI>Call Chain = led_action_control &rArr; led_action_control_with_interval &rArr; _led_action_control_with_interval &rArr; led_schedule_timer_handle &rArr; led_action_stop &rArr;  update_charging_status (Cycle)
</UL>
<BR>[Calls]<UL><LI><a href="#[163]">&gt;&gt;</a>&nbsp;&nbsp;&nbsp;led_action_control_with_interval
</UL>
<BR>[Called By]<UL><LI><a href="#[14c]">&gt;&gt;</a>&nbsp;&nbsp;&nbsp;L2_frame_resolve
<LI><a href="#[c8]">&gt;&gt;</a>&nbsp;&nbsp;&nbsp;notification_start
<LI><a href="#[1f0]">&gt;&gt;</a>&nbsp;&nbsp;&nbsp;show_charging_percentage
<LI><a href="#[1ee]">&gt;&gt;</a>&nbsp;&nbsp;&nbsp;show_step_task_complete_status
<LI><a href="#[1ef]">&gt;&gt;</a>&nbsp;&nbsp;&nbsp;show_animation_status
</UL>

<P><STRONG><a name="[bd]"></a>notification_status</STRONG> (Thumb, 6 bytes, Stack size 0 bytes, bd_led_flash.o(.text))
<BR><BR>[Called By]<UL><LI><a href="#[9]">&gt;&gt;</a>&nbsp;&nbsp;&nbsp;function_charger_event_handler
<LI><a href="#[ba]">&gt;&gt;</a>&nbsp;&nbsp;&nbsp;on_ble_evt
[...]
<BR><BR>[Stack]<UL><LI>Max Depth = 32<LI>Call Chain = compare_reg_update &rArr; rtc1_stop
</UL>
<BR>[Calls]<UL><LI><a href="#[9f]">&gt;&gt;</a>&nbsp;&nbsp;&nbsp;__asm___11_app_timer_c_cd27f9c3__nrf_delay_us
<LI><a href="#[249]">&gt;&gt;</a>&nbsp;&nbsp;&nbsp;rtc1_stop
</UL>
<BR>[Called By]<UL><LI><a href="#[2c]">&gt;&gt;</a>&nbsp;&nbsp;&nbsp;SWI0_IRQHandler
</UL>

<P><STRONG><a name="[24c]"></a>user_op_alloc</STRONG> (Thumb, 36 bytes, Stack size 0 bytes, app_timer.o(.text))
<BR><BR>[Called By]<UL><LI><a href="#[bf]">&gt;&gt;</a>&nbsp;&nbsp;&nbsp;app_timer_stop
<LI><a href="#[bc]">&gt;&gt;</a>&nbsp;&nbsp;&nbsp;app_timer_start
<LI><a href="#[24d]">&gt;&gt;</a>&nbsp;&nbsp;&nbsp;app_timer_stop_all
</UL>

<P><STRONG><a name="[24e]"></a>timer_list_remove</STRONG> (Thumb, 88 bytes, Stack size 16 bytes, app_timer.o(.text))
<BR><BR>[Stack]<UL><LI>Max Depth = 16<LI>Call Chain = timer_list_remove
</UL>
<BR>[Called By]<UL><LI><a href="#[246]">&gt;&gt;</a>&nbsp;&nbsp;&nbsp;list_deletions_handler
</UL>

<P><STRONG><a name="[24f]"></a>bond_info_store</STRONG> (Thumb, 124 bytes, Stack size 16 bytes, ble_bondmngr.o(.text))
<BR><BR>[Stack]<UL><LI>Max Depth = 56<LI>Call Chain = bond_info_store &rArr; ble_flash_block_write &rArr; flash_word_write
</UL>
<BR>[Calls]<UL><LI><a href="#[b7]">&gt;&gt;</a>&nbsp;&nbsp;&nbsp;ble_flash_page_addr
<LI><a href="#[166]">&gt;&gt;</a>&nbsp;&nbsp;&nbsp;ble_flash_word_write
<LI><a href="#[164]">&gt;&gt;</a>&nbsp;&nbsp;&nbsp;ble_flash_crc16_compute
<LI><a href="#[165]">&gt;&gt;</a>&nbsp;&nbsp;&nbsp;ble_flash_block_write
<LI><a href="#[115]">&gt;&gt;</a>&nbsp;&nbsp;&nbsp;__aeabi_uidivmod
</UL>
<BR>[Called By]<UL><LI><a href="#[ca]">&gt;&gt;</a>&nbsp;&nbsp;&nbsp;ble_bondmngr_bonded_masters_store
<LI><a href="#[258]">&gt;&gt;</a>&nbsp;&nbsp;&nbsp;auth_status_update
<LI><a href="#[251]">&gt;&gt;</a>&nbsp;&nbsp;&nbsp;on_auth_status_from_new_master
<LI><a href="#[260]">&gt;&gt;</a>&nbsp;&nbsp;&nbsp;ble_bondmngr_bonded_master_delete
</UL>

<P><STRONG><a name="[250]"></a>sys_attr_store</STRONG> (Thumb, 124 bytes, Stack size 16 bytes, ble_bondmngr.o(.text))
<BR><BR>[Stack]<UL><LI>Max Depth = 56<LI>Call Chain = sys_attr_store &rArr; ble_flash_block_write &rArr; flash_word_write
</UL>
<BR>[Calls]<UL><LI><a href="#[b7]">&gt;&gt;</a>&nbsp;&nbsp;&nbsp;ble_flash_page_addr
<LI><a href="#[166]">&gt;&gt;</a>&nbsp;&nbsp;&nbsp;ble_flash_word_write
<LI><a href="#[164]">&gt;&gt;</a>&nbsp;&nbsp;&nbsp;ble_flash_crc16_compute
<LI><a href="#[165]">&gt;&gt;</a>&nbsp;&nbsp;&nbsp;ble_flash_block_write
<LI><a href="#[115]">&gt;&gt;</a>&nbsp;&nbsp;&nbsp;__aeabi_uidivmod
</UL>
<BR>[Called By]<UL><LI><a href="#[ca]">&gt;&gt;</a>&nbsp;&nbsp;&nbsp;ble_bondmngr_bonded_masters_store
<LI><a href="#[260]">&gt;&gt;</a>&nbsp;&nbsp;&nbsp;ble_bondmngr_bonded_master_delete
<LI><a href="#[25d]">&gt;&gt;</a>&nbsp;&nbsp;&nbsp;ble_bondmngr_sys_attr_store
</UL>

<P><STRONG><a name="[259]"></a>master_sys_attr_set</STRONG> (Thumb, 36 bytes, Stack size 0 bytes, ble_bondmngr.o(.text))
<BR><BR>[Called By]<UL><LI><a href="#[ce]">&gt;&gt;</a>&nbsp;&nbsp;&nbsp;ble_bondmngr_on_ble_evt
<LI><a href="#[25b]">&gt;&gt;</a>&nbsp;&nbsp;&nbsp;on_sec_update
</UL>

<P><STRONG><a name="[252]"></a>update_whitelist</STRONG> (Thumb, 90 bytes, Stack size 20 bytes, ble_bondmngr.o(.text))
<BR><BR>[Stack]<UL><LI>Max Depth = 20<LI>Call Chain = update_whitelist
</UL>
<BR>[Called By]<UL><LI><a href="#[25c]">&gt;&gt;</a>&nbsp;&nbsp;&nbsp;master_update
<LI><a href="#[254]">&gt;&gt;</a>&nbsp;&nbsp;&nbsp;load_all_from_flash
<LI><a href="#[251]">&gt;&gt;</a>&nbsp;&nbsp;&nbsp;on_auth_status_from_new_master
<LI><a href="#[260]">&gt;&gt;</a>&nbsp;&nbsp;&nbsp;ble_bondmngr_bonded_master_delete
</UL>

<P><STRONG><a name="[251]"></a>on_auth_status_from_new_master</STRONG> (Thumb, 150 bytes, Stack size 32 bytes, ble_bondmngr.o(.text))
<BR><BR>[Stack]<UL><LI>Max Depth = 88<LI>Call Chain = on_auth_status_from_new_master &rArr; bond_info_store &rArr; ble_flash_block_write &rArr; flash_word_write
</UL>
<BR>[Calls]<UL><LI><a href="#[252]">&gt;&gt;</a>&nbsp;&nbsp;&nbsp;update_whitelist
<LI><a href="#[24f]">&gt;&gt;</a>&nbsp;&nbsp;&nbsp;bond_info_store
<LI><a href="#[155]">&gt;&gt;</a>&nbsp;&nbsp;&nbsp;__aeabi_memcpy
<LI><a href="#[167]">&gt;&gt;</a>&nbsp;&nbsp;&nbsp;__aeabi_memcpy4
</UL>
<BR>[Called By]<UL><LI><a href="#[ce]">&gt;&gt;</a>&nbsp;&nbsp;&nbsp;ble_bondmngr_on_ble_evt
</UL>

<P><STRONG><a name="[253]"></a>master_find_in_db</STRONG> (Thumb, 56 bytes, Stack size 8 bytes, ble_bondmngr.o(.text))
<BR><BR>[Stack]<UL><LI>Max Depth = 8<LI>Call Chain = master_find_in_db
</UL>
<BR>[Calls]<UL><LI><a href="#[167]">&gt;&gt;</a>&nbsp;&nbsp;&nbsp;__aeabi_memcpy4
</UL>
<BR>[Called By]<UL><LI><a href="#[ce]">&gt;&gt;</a>&nbsp;&nbsp;&nbsp;ble_bondmngr_on_ble_evt
<LI><a href="#[25a]">&gt;&gt;</a>&nbsp;&nbsp;&nbsp;on_sec_info_request
</UL>

<P><STRONG><a name="[254]"></a>load_all_from_flash</STRONG> (Thumb, 170 bytes, Stack size 112 bytes, ble_bondmngr.o(.text))
<BR><BR>[Stack]<UL><LI>Max Depth = 136<LI>Call Chain = load_all_from_flash &rArr; sys_attr_load_from_flash &rArr; ble_flash_crc16_compute
</UL>
<BR>[Calls]<UL><LI><a href="#[256]">&gt;&gt;</a>&nbsp;&nbsp;&nbsp;sys_attr_load_from_flash
<LI><a href="#[255]">&gt;&gt;</a>&nbsp;&nbsp;&nbsp;bonding_info_load_from_flash
<LI><a href="#[252]">&gt;&gt;</a>&nbsp;&nbsp;&nbsp;update_whitelist
<LI><a href="#[167]">&gt;&gt;</a>&nbsp;&nbsp;&nbsp;__aeabi_memcpy4
</UL>
<BR>[Called By]<UL><LI><a href="#[e4]">&gt;&gt;</a>&nbsp;&nbsp;&nbsp;ble_bondmngr_init
</UL>

<P><STRONG><a name="[257]"></a>on_connect</STRONG> (Thumb, 178 bytes, Stack size 32 bytes, ble_bondmngr.o(.text))
<BR><BR>[Stack]<UL><LI>Max Depth = 56<LI>Call Chain = on_connect &rArr; __aeabi_memcpy
</UL>
<BR>[Calls]<UL><LI><a href="#[155]">&gt;&gt;</a>&nbsp;&nbsp;&nbsp;__aeabi_memcpy
<LI><a href="#[167]">&gt;&gt;</a>&nbsp;&nbsp;&nbsp;__aeabi_memcpy4
<LI><a href="#[16a]">&gt;&gt;</a>&nbsp;&nbsp;&nbsp;memcmp
</UL>
<BR>[Called By]<UL><LI><a href="#[ce]">&gt;&gt;</a>&nbsp;&nbsp;&nbsp;ble_bondmngr_on_ble_evt
</UL>

<P><STRONG><a name="[258]"></a>auth_status_update</STRONG> (Thumb, 144 bytes, Stack size 24 bytes, ble_bondmngr.o(.text))
<BR><BR>[Stack]<UL><LI>Max Depth = 80<LI>Call Chain = auth_status_update &rArr; bond_info_store &rArr; ble_flash_block_write &rArr; flash_word_write
</UL>
<BR>[Calls]<UL><LI><a href="#[24f]">&gt;&gt;</a>&nbsp;&nbsp;&nbsp;bond_info_store
<LI><a href="#[a4]">&gt;&gt;</a>&nbsp;&nbsp;&nbsp;__aeabi_memclr4
<LI><a href="#[155]">&gt;&gt;</a>&nbsp;&nbsp;&nbsp;__aeabi_memcpy
<LI><a href="#[167]">&gt;&gt;</a>&nbsp;&nbsp;&nbsp;__aeabi_memcpy4
</UL>
<BR>[Called By]<UL><LI><a href="#[ce]">&gt;&gt;</a>&nbsp;&nbsp;&nbsp;ble_bondmngr_on_ble_evt
</UL>

<P><STRONG><a name="[255]"></a>bonding_info_load_from_flash</STRONG> (Thumb, 110 bytes, Stack size 16 bytes, ble_bondmngr.o(.text))
<BR><BR>[Stack]<UL><LI>Max Depth = 24<LI>Call Chain = bonding_info_load_from_flash &rArr; ble_flash_crc16_compute
</UL>
<BR>[Calls]<UL><LI><a href="#[b7]">&gt;&gt;</a>&nbsp;&nbsp;&nbsp;ble_flash_page_addr
<LI><a href="#[164]">&gt;&gt;</a>&nbsp;&nbsp;&nbsp;ble_flash_crc16_compute
<LI><a href="#[261]">&gt;&gt;</a>&nbsp;&nbsp;&nbsp;crc_extract
<LI><a href="#[167]">&gt;&gt;</a>&nbsp;&nbsp;&nbsp;__aeabi_memcpy4
</UL>
<BR>[Called By]<UL><LI><a href="#[254]">&gt;&gt;</a>&nbsp;&nbsp;&nbsp;load_all_from_flash
</UL>

<P><STRONG><a name="[256]"></a>sys_attr_load_from_flash</STRONG> (Thumb, 110 bytes, Stack size 16 bytes, ble_bondmngr.o(.text))
<BR><BR>[Stack]<UL><LI>Max Depth = 24<LI>Call Chain = sys_attr_load_from_flash &rArr; ble_flash_crc16_compute
</UL>
<BR>[Calls]<UL><LI><a href="#[b7]">&gt;&gt;</a>&nbsp;&nbsp;&nbsp;ble_flash_page_addr
<LI><a href="#[164]">&gt;&gt;</a>&nbsp;&nbsp;&nbsp;ble_flash_crc16_compute
<LI><a href="#[261]">&gt;&gt;</a>&nbsp;&nbsp;&nbsp;crc_extract
<LI><a href="#[167]">&gt;&gt;</a>&nbsp;&nbsp;&nbsp;__aeabi_memcpy4
</UL>
<BR>[Called By]<UL><LI><a href="#[254]">&gt;&gt;</a>&nbsp;&nbsp;&nbsp;load_all_from_flash
</UL>

<P><STRONG><a name="[25e]"></a>flash_pages_erase</STRONG> (Thumb, 24 bytes, Stack size 8 bytes, ble_bondmngr.o(.text))
<BR><BR>[Stack]<UL><LI>Max Depth = 16<LI>Call Chain = flash_pages_erase &rArr; ble_flash_page_erase
</UL>
<BR>[Calls]<UL><LI><a href="#[d5]">&gt;&gt;</a>&nbsp;&nbsp;&nbsp;ble_flash_page_erase
</UL>
<BR>[Called By]<UL><LI><a href="#[e4]">&gt;&gt;</a>&nbsp;&nbsp;&nbsp;ble_bondmngr_init
<LI><a href="#[c9]">&gt;&gt;</a>&nbsp;&nbsp;&nbsp;ble_bondmngr_bonded_masters_delete
<LI><a href="#[260]">&gt;&gt;</a>&nbsp;&nbsp;&nbsp;ble_bondmngr_bonded_master_delete
</UL>

<P><STRONG><a name="[25c]"></a>master_update</STRONG> (Thumb, 80 bytes, Stack size 16 bytes, ble_bondmngr.o(.text))
<BR><BR>[Stack]<UL><LI>Max Depth = 36<LI>Call Chain = master_update &rArr; update_whitelist
</UL>
<BR>[Calls]<UL><LI><a href="#[252]">&gt;&gt;</a>&nbsp;&nbsp;&nbsp;update_whitelist
<LI><a href="#[167]">&gt;&gt;</a>&nbsp;&nbsp;&nbsp;__aeabi_memcpy4
</UL>
<BR>[Called By]<UL><LI><a href="#[ca]">&gt;&gt;</a>&nbsp;&nbsp;&nbsp;ble_bondmngr_bonded_masters_store
</UL>

<P><STRONG><a name="[25a]"></a>on_sec_info_request</STRONG> (Thumb, 96 bytes, Stack size 24 bytes, ble_bondmngr.o(.text))
<BR><BR>[Stack]<UL><LI>Max Depth = 48<LI>Call Chain = on_sec_info_request &rArr; __aeabi_memcpy
</UL>
<BR>[Calls]<UL><LI><a href="#[253]">&gt;&gt;</a>&nbsp;&nbsp;&nbsp;master_find_in_db
<LI><a href="#[155]">&gt;&gt;</a>&nbsp;&nbsp;&nbsp;__aeabi_memcpy
</UL>
<BR>[Called By]<UL><LI><a href="#[ce]">&gt;&gt;</a>&nbsp;&nbsp;&nbsp;ble_bondmngr_on_ble_evt
</UL>

<P><STRONG><a name="[25b]"></a>on_sec_update</STRONG> (Thumb, 90 bytes, Stack size 24 bytes, ble_bondmngr.o(.text))
<BR><BR>[Stack]<UL><LI>Max Depth = 24<LI>Call Chain = on_sec_update
</UL>
<BR>[Calls]<UL><LI><a href="#[259]">&gt;&gt;</a>&nbsp;&nbsp;&nbsp;master_sys_attr_set
</UL>
<BR>[Called By]<UL><LI><a href="#[ce]">&gt;&gt;</a>&nbsp;&nbsp;&nbsp;ble_bondmngr_on_ble_evt
</UL>

<P><STRONG><a name="[261]"></a>crc_extract</STRONG> (Thumb, 26 bytes, Stack size 0 bytes, ble_bondmngr.o(.text))
<BR><BR>[Called By]<UL><LI><a href="#[256]">&gt;&gt;</a>&nbsp;&nbsp;&nbsp;sys_attr_load_from_flash
<LI><a href="#[255]">&gt;&gt;</a>&nbsp;&nbsp;&nbsp;bonding_info_load_from_flash
</UL>

<P><STRONG><a name="[264]"></a>compute_peak_feature_core</STRONG> (Thumb, 294 bytes, Stack size 48 bytes, click-algorithm.o(.text))
<BR><BR>[Stack]<UL><LI>Max Depth = 96<LI>Call Chain = compute_peak_feature_core &rArr; __aeabi_ldivmod &rArr; __aeabi_uldivmod
</UL>
<BR>[Calls]<UL><LI><a href="#[cc]">&gt;&gt;</a>&nbsp;&nbsp;&nbsp;__aeabi_idivmod
<LI><a href="#[267]">&gt;&gt;</a>&nbsp;&nbsp;&nbsp;__aeabi_ldivmod
<LI><a href="#[265]">&gt;&gt;</a>&nbsp;&nbsp;&nbsp;__ARM_common_ll_mulss
<LI><a href="#[266]">&gt;&gt;</a>&nbsp;&nbsp;&nbsp;get_idx
</UL>
<BR>[Called By]<UL><LI><a href="#[269]">&gt;&gt;</a>&nbsp;&nbsp;&nbsp;compute_peak_feature
</UL>

<P><STRONG><a name="[266]"></a>get_idx</STRONG> (Thumb, 16 bytes, Stack size 8 bytes, click-algorithm.o(.text))
<BR><BR>[Stack]<UL><LI>Max Depth = 16<LI>Call Chain = get_idx &rArr; __aeabi_idivmod
</UL>
<BR>[Calls]<UL><LI><a href="#[cc]">&gt;&gt;</a>&nbsp;&nbsp;&nbsp;__aeabi_idivmod
</UL>
<BR>[Called By]<UL><LI><a href="#[268]">&gt;&gt;</a>&nbsp;&nbsp;&nbsp;detect_peak
<LI><a href="#[264]">&gt;&gt;</a>&nbsp;&nbsp;&nbsp;compute_peak_feature_core
</UL>

<P><STRONG><a name="[269]"></a>compute_peak_feature</STRONG> (Thumb, 106 bytes, Stack size 16 bytes, click-algorithm.o(.text))
<BR><BR>[Stack]<UL><LI>Max Depth = 112<LI>Call Chain = compute_peak_feature &rArr; compute_peak_feature_core &rArr; __aeabi_ldivmod &rArr; __aeabi_uldivmod
</UL>
<BR>[Calls]<UL><LI><a href="#[264]">&gt;&gt;</a>&nbsp;&nbsp;&nbsp;compute_peak_feature_core
</UL>
<BR>[Called By]<UL><LI><a href="#[1c7]">&gt;&gt;</a>&nbsp;&nbsp;&nbsp;click_algorithm_accelerate_data_in
</UL>

<P><STRONG><a name="[268]"></a>detect_peak</STRONG> (Thumb, 90 bytes, Stack size 24 bytes, click-algorithm.o(.text))
<BR><BR>[Stack]<UL><LI>Max Depth = 40<LI>Call Chain = detect_peak &rArr; get_idx &rArr; __aeabi_idivmod
</UL>
<BR>[Calls]<UL><LI><a href="#[266]">&gt;&gt;</a>&nbsp;&nbsp;&nbsp;get_idx
</UL>
<BR>[Called By]<UL><LI><a href="#[1c7]">&gt;&gt;</a>&nbsp;&nbsp;&nbsp;click_algorithm_accelerate_data_in
</UL>

<P><STRONG><a name="[276]"></a>ABS</STRONG> (Thumb, 8 bytes, Stack size 0 bytes, sleep-detect-algorithm.o(.text))
<BR><BR>[Called By]<UL><LI><a href="#[275]">&gt;&gt;</a>&nbsp;&nbsp;&nbsp;EpochMaker_InThreshold
</UL>

<P><STRONG><a name="[297]"></a>init_continuous_step</STRONG> (Thumb, 48 bytes, Stack size 0 bytes, distance-step.o(.text))
<BR><BR>[Called By]<UL><LI><a href="#[29a]">&gt;&gt;</a>&nbsp;&nbsp;&nbsp;filter_peak
<LI><a href="#[299]">&gt;&gt;</a>&nbsp;&nbsp;&nbsp;peak_detect_step
<LI><a href="#[298]">&gt;&gt;</a>&nbsp;&nbsp;&nbsp;filter_step
<LI><a href="#[295]">&gt;&gt;</a>&nbsp;&nbsp;&nbsp;seven_step_detect
</UL>

<P><STRONG><a name="[295]"></a>seven_step_detect</STRONG> (Thumb, 240 bytes, Stack size 32 bytes, distance-step.o(.text))
<BR><BR>[Stack]<UL><LI>Max Depth = 40<LI>Call Chain = seven_step_detect &rArr; __aeabi_idivmod
</UL>
<BR>[Calls]<UL><LI><a href="#[cc]">&gt;&gt;</a>&nbsp;&nbsp;&nbsp;__aeabi_idivmod
<LI><a href="#[296]">&gt;&gt;</a>&nbsp;&nbsp;&nbsp;my_abs
<LI><a href="#[297]">&gt;&gt;</a>&nbsp;&nbsp;&nbsp;init_continuous_step
</UL>
<BR>[Called By]<UL><LI><a href="#[299]">&gt;&gt;</a>&nbsp;&nbsp;&nbsp;peak_detect_step
</UL>

<P><STRONG><a name="[298]"></a>filter_step</STRONG> (Thumb, 244 bytes, Stack size 32 bytes, distance-step.o(.text))
<BR><BR>[Stack]<UL><LI>Max Depth = 40<LI>Call Chain = filter_step &rArr; __aeabi_idivmod
</UL>
<BR>[Calls]<UL><LI><a href="#[cc]">&gt;&gt;</a>&nbsp;&nbsp;&nbsp;__aeabi_idivmod
<LI><a href="#[296]">&gt;&gt;</a>&nbsp;&nbsp;&nbsp;my_abs
<LI><a href="#[297]">&gt;&gt;</a>&nbsp;&nbsp;&nbsp;init_continuous_step
</UL>
<BR>[Called By]<UL><LI><a href="#[299]">&gt;&gt;</a>&nbsp;&nbsp;&nbsp;peak_detect_step
</UL>

<P><STRONG><a name="[299]"></a>peak_detect_step</STRONG> (Thumb, 662 bytes, Stack size 56 bytes, distance-step.o(.text))
<BR><BR>[Stack]<UL><LI>Max Depth = 104<LI>Call Chain = peak_detect_step &rArr; __aeabi_ldivmod &rArr; __aeabi_uldivmod
</UL>
<BR>[Calls]<UL><LI><a href="#[cc]">&gt;&gt;</a>&nbsp;&nbsp;&nbsp;__aeabi_idivmod
<LI><a href="#[267]">&gt;&gt;</a>&nbsp;&nbsp;&nbsp;__aeabi_ldivmod
<LI><a href="#[1bb]">&gt;&gt;</a>&nbsp;&nbsp;&nbsp;__aeabi_lmul
<LI><a href="#[298]">&gt;&gt;</a>&nbsp;&nbsp;&nbsp;filter_step
<LI><a href="#[295]">&gt;&gt;</a>&nbsp;&nbsp;&nbsp;seven_step_detect
<LI><a href="#[297]">&gt;&gt;</a>&nbsp;&nbsp;&nbsp;init_continuous_step
<LI><a href="#[265]">&gt;&gt;</a>&nbsp;&nbsp;&nbsp;__ARM_common_ll_mulss
</UL>
<BR>[Called By]<UL><LI><a href="#[29b]">&gt;&gt;</a>&nbsp;&nbsp;&nbsp;peak_detect
</UL>

<P><STRONG><a name="[29a]"></a>filter_peak</STRONG> (Thumb, 186 bytes, Stack size 24 bytes, distance-step.o(.text))
<BR><BR>[Stack]<UL><LI>Max Depth = 32<LI>Call Chain = filter_peak &rArr; __aeabi_idivmod
</UL>
<BR>[Calls]<UL><LI><a href="#[cc]">&gt;&gt;</a>&nbsp;&nbsp;&nbsp;__aeabi_idivmod
<LI><a href="#[296]">&gt;&gt;</a>&nbsp;&nbsp;&nbsp;my_abs
<LI><a href="#[297]">&gt;&gt;</a>&nbsp;&nbsp;&nbsp;init_continuous_step
</UL>
<BR>[Called By]<UL><LI><a href="#[29b]">&gt;&gt;</a>&nbsp;&nbsp;&nbsp;peak_detect
</UL>

<P><STRONG><a name="[29b]"></a>peak_detect</STRONG> (Thumb, 308 bytes, Stack size 72 bytes, distance-step.o(.text))
<BR><BR>[Stack]<UL><LI>Max Depth = 176<LI>Call Chain = peak_detect &rArr; peak_detect_step &rArr; __aeabi_ldivmod &rArr; __aeabi_uldivmod
</UL>
<BR>[Calls]<UL><LI><a href="#[29a]">&gt;&gt;</a>&nbsp;&nbsp;&nbsp;filter_peak
<LI><a href="#[299]">&gt;&gt;</a>&nbsp;&nbsp;&nbsp;peak_detect_step
</UL>
<BR>[Called By]<UL><LI><a href="#[26c]">&gt;&gt;</a>&nbsp;&nbsp;&nbsp;get_step_data
</UL>

<P><STRONG><a name="[296]"></a>my_abs</STRONG> (Thumb, 10 bytes, Stack size 0 bytes, distance-step.o(.text))
<BR><BR>[Called By]<UL><LI><a href="#[29a]">&gt;&gt;</a>&nbsp;&nbsp;&nbsp;filter_peak
<LI><a href="#[298]">&gt;&gt;</a>&nbsp;&nbsp;&nbsp;filter_step
<LI><a href="#[295]">&gt;&gt;</a>&nbsp;&nbsp;&nbsp;seven_step_detect
</UL>

<P><STRONG><a name="[29c]"></a>calc_charact</STRONG> (Thumb, 378 bytes, Stack size 96 bytes, distance-steplength.o(.text))
<BR><BR>[Stack]<UL><LI>Max Depth = 104<LI>Call Chain = calc_charact &rArr; __aeabi_idivmod
</UL>
<BR>[Calls]<UL><LI><a href="#[cc]">&gt;&gt;</a>&nbsp;&nbsp;&nbsp;__aeabi_idivmod
<LI><a href="#[29d]">&gt;&gt;</a>&nbsp;&nbsp;&nbsp;my_abs
</UL>
<BR>[Called By]<UL><LI><a href="#[26d]">&gt;&gt;</a>&nbsp;&nbsp;&nbsp;get_distance_data
</UL>

<P><STRONG><a name="[29d]"></a>my_abs</STRONG> (Thumb, 8 bytes, Stack size 0 bytes, distance-steplength.o(.text))
<BR><BR>[Called By]<UL><LI><a href="#[29c]">&gt;&gt;</a>&nbsp;&nbsp;&nbsp;calc_charact
</UL>

<P><STRONG><a name="[2d5]"></a>_fadd1</STRONG> (Thumb, 0 bytes, Stack size unknown bytes, faddsub.o(x$fpl$fadd), UNUSED)
<BR><BR>[Called By]<UL><LI><a href="#[2d4]">&gt;&gt;</a>&nbsp;&nbsp;&nbsp;_fsub
</UL>

<P><STRONG><a name="[2d2]"></a>_fsub1</STRONG> (Thumb, 0 bytes, Stack size unknown bytes, faddsub.o(x$fpl$fsub), UNUSED)
<BR><BR>[Called By]<UL><LI><a href="#[2d1]">&gt;&gt;</a>&nbsp;&nbsp;&nbsp;_fadd
</UL>

<P><STRONG><a name="[61]"></a>_printf_input_char</STRONG> (Thumb, 10 bytes, Stack size 0 bytes, _printf_char_common.o(.text))
<BR>[Address Reference Count : 1]<UL><LI> _printf_char_common.o(.text)
</UL>
<P><STRONG><a name="[2bc]"></a>_fp_digits</STRONG> (Thumb, 412 bytes, Stack size 96 bytes, _printf_fp_dec.o(.text))
<BR><BR>[Stack]<UL><LI>Max Depth = 272<LI>Call Chain = _fp_digits &rArr; _btod_etento &rArr; _btod_emul &rArr; btod_internal_mul &rArr; __ARM_common_ll_muluu
</UL>
<BR>[Calls]<UL><LI><a href="#[2bf]">&gt;&gt;</a>&nbsp;&nbsp;&nbsp;_btod_ediv
<LI><a href="#[2c0]">&gt;&gt;</a>&nbsp;&nbsp;&nbsp;_btod_emul
<LI><a href="#[2be]">&gt;&gt;</a>&nbsp;&nbsp;&nbsp;_btod_d2e
<LI><a href="#[2bd]">&gt;&gt;</a>&nbsp;&nbsp;&nbsp;_btod_etento
<LI><a href="#[2b6]">&gt;&gt;</a>&nbsp;&nbsp;&nbsp;_ll_udiv10
</UL>
<BR>[Called By]<UL><LI><a href="#[63]">&gt;&gt;</a>&nbsp;&nbsp;&nbsp;_printf_fp_dec_real
</UL>

<P><STRONG><a name="[2c9]"></a>btod_internal_mul</STRONG> (Thumb, 456 bytes, Stack size 56 bytes, btod.o(.text))
<BR><BR>[Stack]<UL><LI>Max Depth = 80<LI>Call Chain = btod_internal_mul &rArr; __ARM_common_ll_muluu
</UL>
<BR>[Calls]<UL><LI><a href="#[2ca]">&gt;&gt;</a>&nbsp;&nbsp;&nbsp;__ARM_common_ll_muluu
</UL>
<BR>[Called By]<UL><LI><a href="#[2cb]">&gt;&gt;</a>&nbsp;&nbsp;&nbsp;_btod_emuld
<LI><a href="#[2c0]">&gt;&gt;</a>&nbsp;&nbsp;&nbsp;_btod_emul
</UL>

<P><STRONG><a name="[2cc]"></a>btod_internal_div</STRONG> (Thumb, 494 bytes, Stack size 64 bytes, btod.o(.text))
<BR><BR>[Stack]<UL><LI>Max Depth = 64<LI>Call Chain = btod_internal_div
</UL>
<BR>[Called By]<UL><LI><a href="#[2cd]">&gt;&gt;</a>&nbsp;&nbsp;&nbsp;_btod_edivd
<LI><a href="#[2bf]">&gt;&gt;</a>&nbsp;&nbsp;&nbsp;_btod_ediv
</UL>
<P>
<H3>
Undefined Global Symbols
</H3>
<P><STRONG><a name="[2ce]"></a>_call_atexit_fns</STRONG> (ARM, 0 bytes, Stack size 0 bytes, UNDEFINED)
<BR><BR>[Called By]<UL><LI><a href="#[99]">&gt;&gt;</a>&nbsp;&nbsp;&nbsp;exit
</UL>

<P><STRONG><a name="[2b3]"></a>_printf_mbtowc</STRONG> (ARM, 0 bytes, Stack size 0 bytes, UNDEFINED)
<BR><BR>[Called By]<UL><LI><a href="#[2b2]">&gt;&gt;</a>&nbsp;&nbsp;&nbsp;_printf_cs_common
</UL>

<P><STRONG><a name="[2c4]"></a>_printf_wc</STRONG> (ARM, 0 bytes, Stack size 0 bytes, UNDEFINED)
<BR><BR>[Called By]<UL><LI><a href="#[2c3]">&gt;&gt;</a>&nbsp;&nbsp;&nbsp;_printf_lcs_common
</UL>
<HR></body></html>
