<html>
<body>
<pre>
<h1>礦ision Build Log</h1>
<h2>Project:</h2>
E:\Andy\资料\无线通讯\蓝牙\百度手环\duband-master\duband-master\wrist-rom-open\project\Baidu-Nordic.uvproj
Project File Date:  03/20/2015

<h2>Output:</h2>
Rebuild target 'WX1000'
compiling main.c...
compiling bd_battery.c...
compiling bd_ble_nus.c...
compiling bd_buzzer.c...
compiling bd_communicate_protocol.c...
compiling bd_interrupt_notify.c...
compiling bd_input_event_source.c...
compiling bd_led_flash.c...
compiling bd_private_bond.c...
compiling bd_wall_clock_timer.c...
compiling bd_drv2605.c...
compiling bd_hal_acc.c...
compiling bd_hal_vibrate.c...
compiling bd_lis3dh_driver.c...
compiling bd_nrf_delay.c...
compiling bd_spi_master.c...
compiling bd_step_counter.c...
compiling bd_twi_hw_master.c...
compiling bd_sync_data.c...
compiling bd_interaction.c...
compiling bd_charging.c...
compiling bd_crc16.c...
compiling bd_square_root.c...
compiling bd_level_drive_motor.c...
compiling bd_factory_test.c...
compiling bd_low_power_mode.c...
compiling bd_switch_sleep.c...
compiling bd_wdt.c...
compiling bd_stack_dump_repoter.c...
compiling bd_data_manager.c...
compiling bd_bluetooth_log.c...
assembling arm_startup_nrf51.s...
compiling system_nrf51.c...
compiling ble_tps.c...
compiling ble_srv_common.c...
compiling ble_bas.c...
compiling ble_dis.c...
compiling ble_advdata.c...
compiling ble_conn_params.c...
compiling ble_debug_assert_handler.c...
compiling ble_flash.c...
compiling ble_radio_notification.c...
compiling ble_stack_handler.c...
compiling app_button.c...
compiling app_gpiote.c...
compiling app_scheduler.c...
compiling app_timer.c...
compiling simple_uart.c...
compiling ble_bondmngr.c...
compiling ble_error_log.c...
linking...
Program Size: Code=52456 RO-data=1816 RW-data=1008 ZI-data=6856  
FromELF: creating hex file...
After Build - User command #1: C:\Keil\ARM\ARMCC\bin\fromelf.exe .\out\WX1000\Baidu-Nordic.axf --output .\out\WX1000\Baidu-Nordic.bin --bin
".\out\WX1000\Baidu-Nordic.axf" - 0 Error(s), 0 Warning(s).
</pre>
</body>
</html>
